Component: ARM Compiler 5.06 update 1 (build 61) Tool: armlink [4d35a8]

==============================================================================

Section Cross References

    stm32f0xx_gpio.o(i.GPIO_DeInit) refers to stm32f0xx_rcc.o(i.RCC_AHBPeriphResetCmd) for RCC_AHBPeriphResetCmd
    stm32f0xx_rcc.o(i.RCC_GetClocksFreq) refers to aeabi_sdiv.o(.text) for __aeabi_uidivmod
    stm32f0xx_rcc.o(i.RCC_GetClocksFreq) refers to stm32f0xx_rcc.o(.data) for APBAHBPrescTable
    stm32f0xx_rcc.o(i.RCC_WaitForHSEStartUp) refers to stm32f0xx_rcc.o(i.RCC_GetFlagStatus) for RCC_GetFlagStatus
    stm32f0xx_i2c.o(i.I2C_DeInit) refers to stm32f0xx_rcc.o(i.RCC_APB1PeriphResetCmd) for RCC_APB1PeriphResetCmd
    main.o(i.main) refers to delay.o(i.SystemClock_Config) for SystemClock_Config
    main.o(i.main) refers to system_stm32f0xx.o(i.SystemCoreClockUpdate) for SystemCoreClockUpdate
    main.o(i.main) refers to delay.o(i.SysTick_Init) for SysTick_Init
    main.o(i.main) refers to adafruit_vl53l0x.o(i.begin) for begin
    main.o(i.main) refers to adafruit_vl53l0x.o(i.rangingTest) for rangingTest
    main.o(i.main) refers to delay.o(i.delay_ms) for delay_ms
    main.o(i.main) refers to main.o(.data) for range
    i2c.o(i.GPIO_configuration) refers to stm32f0xx_rcc.o(i.RCC_AHBPeriphClockCmd) for RCC_AHBPeriphClockCmd
    i2c.o(i.GPIO_configuration) refers to stm32f0xx_gpio.o(i.GPIO_Init) for GPIO_Init
    i2c.o(i.GPIO_configuration) refers to i2c.o(.data) for GPIO_InitStructure
    i2c.o(i.I2C_Read_MultiReg) refers to stm32f0xx_i2c.o(i.I2C_GetFlagStatus) for I2C_GetFlagStatus
    i2c.o(i.I2C_Read_MultiReg) refers to stm32f0xx_i2c.o(i.I2C_TransferHandling) for I2C_TransferHandling
    i2c.o(i.I2C_Read_MultiReg) refers to stm32f0xx_i2c.o(i.I2C_SendData) for I2C_SendData
    i2c.o(i.I2C_Read_MultiReg) refers to stm32f0xx_i2c.o(i.I2C_ReceiveData) for I2C_ReceiveData
    i2c.o(i.I2C_Read_MultiReg) refers to stm32f0xx_i2c.o(i.I2C_ClearFlag) for I2C_ClearFlag
    i2c.o(i.I2C_Read_Reg) refers to stm32f0xx_i2c.o(i.I2C_GetFlagStatus) for I2C_GetFlagStatus
    i2c.o(i.I2C_Read_Reg) refers to stm32f0xx_i2c.o(i.I2C_TransferHandling) for I2C_TransferHandling
    i2c.o(i.I2C_Read_Reg) refers to stm32f0xx_i2c.o(i.I2C_SendData) for I2C_SendData
    i2c.o(i.I2C_Read_Reg) refers to stm32f0xx_i2c.o(i.I2C_ReceiveData) for I2C_ReceiveData
    i2c.o(i.I2C_Read_Reg) refers to stm32f0xx_i2c.o(i.I2C_ClearFlag) for I2C_ClearFlag
    i2c.o(i.I2C_Read_Reg16bit) refers to stm32f0xx_i2c.o(i.I2C_GetFlagStatus) for I2C_GetFlagStatus
    i2c.o(i.I2C_Read_Reg16bit) refers to stm32f0xx_i2c.o(i.I2C_TransferHandling) for I2C_TransferHandling
    i2c.o(i.I2C_Read_Reg16bit) refers to stm32f0xx_i2c.o(i.I2C_SendData) for I2C_SendData
    i2c.o(i.I2C_Read_Reg16bit) refers to stm32f0xx_i2c.o(i.I2C_ReceiveData) for I2C_ReceiveData
    i2c.o(i.I2C_Read_Reg16bit) refers to stm32f0xx_i2c.o(i.I2C_ClearFlag) for I2C_ClearFlag
    i2c.o(i.I2C_Read_Reg32bit) refers to stm32f0xx_i2c.o(i.I2C_GetFlagStatus) for I2C_GetFlagStatus
    i2c.o(i.I2C_Read_Reg32bit) refers to stm32f0xx_i2c.o(i.I2C_TransferHandling) for I2C_TransferHandling
    i2c.o(i.I2C_Read_Reg32bit) refers to stm32f0xx_i2c.o(i.I2C_SendData) for I2C_SendData
    i2c.o(i.I2C_Read_Reg32bit) refers to stm32f0xx_i2c.o(i.I2C_ReceiveData) for I2C_ReceiveData
    i2c.o(i.I2C_Read_Reg32bit) refers to stm32f0xx_i2c.o(i.I2C_ClearFlag) for I2C_ClearFlag
    i2c.o(i.I2C_Write_MultiReg) refers to stm32f0xx_i2c.o(i.I2C_GetFlagStatus) for I2C_GetFlagStatus
    i2c.o(i.I2C_Write_MultiReg) refers to stm32f0xx_i2c.o(i.I2C_TransferHandling) for I2C_TransferHandling
    i2c.o(i.I2C_Write_MultiReg) refers to stm32f0xx_i2c.o(i.I2C_SendData) for I2C_SendData
    i2c.o(i.I2C_Write_MultiReg) refers to stm32f0xx_i2c.o(i.I2C_GenerateSTOP) for I2C_GenerateSTOP
    i2c.o(i.I2C_Write_MultiReg) refers to stm32f0xx_i2c.o(i.I2C_ClearFlag) for I2C_ClearFlag
    i2c.o(i.I2C_Write_Reg) refers to stm32f0xx_i2c.o(i.I2C_GetFlagStatus) for I2C_GetFlagStatus
    i2c.o(i.I2C_Write_Reg) refers to stm32f0xx_i2c.o(i.I2C_TransferHandling) for I2C_TransferHandling
    i2c.o(i.I2C_Write_Reg) refers to stm32f0xx_i2c.o(i.I2C_SendData) for I2C_SendData
    i2c.o(i.I2C_Write_Reg) refers to stm32f0xx_i2c.o(i.I2C_ClearFlag) for I2C_ClearFlag
    i2c.o(i.I2C_Write_Reg16bit) refers to stm32f0xx_i2c.o(i.I2C_GetFlagStatus) for I2C_GetFlagStatus
    i2c.o(i.I2C_Write_Reg16bit) refers to stm32f0xx_i2c.o(i.I2C_TransferHandling) for I2C_TransferHandling
    i2c.o(i.I2C_Write_Reg16bit) refers to stm32f0xx_i2c.o(i.I2C_SendData) for I2C_SendData
    i2c.o(i.I2C_Write_Reg16bit) refers to stm32f0xx_i2c.o(i.I2C_GenerateSTOP) for I2C_GenerateSTOP
    i2c.o(i.I2C_Write_Reg16bit) refers to stm32f0xx_i2c.o(i.I2C_ClearFlag) for I2C_ClearFlag
    i2c.o(i.I2C_Write_Reg32bit) refers to stm32f0xx_i2c.o(i.I2C_GetFlagStatus) for I2C_GetFlagStatus
    i2c.o(i.I2C_Write_Reg32bit) refers to stm32f0xx_i2c.o(i.I2C_TransferHandling) for I2C_TransferHandling
[...]
    i2c.o(i.I2C_Write_Reg32bit) refers to stm32f0xx_i2c.o(i.I2C_ClearFlag) for I2C_ClearFlag
    i2c.o(i.i2c_configuration) refers to stm32f0xx_rcc.o(i.RCC_APB1PeriphClockCmd) for RCC_APB1PeriphClockCmd
    i2c.o(i.i2c_configuration) refers to stm32f0xx_rcc.o(i.RCC_AHBPeriphClockCmd) for RCC_AHBPeriphClockCmd
    i2c.o(i.i2c_configuration) refers to stm32f0xx_gpio.o(i.GPIO_Init) for GPIO_Init
    i2c.o(i.i2c_configuration) refers to stm32f0xx_gpio.o(i.GPIO_PinAFConfig) for GPIO_PinAFConfig
    i2c.o(i.i2c_configuration) refers to stm32f0xx_i2c.o(i.I2C_Init) for I2C_Init
    i2c.o(i.i2c_configuration) refers to stm32f0xx_i2c.o(i.I2C_Cmd) for I2C_Cmd
    i2c.o(i.i2c_configuration) refers to i2c.o(.data) for GPIO_InitStructure
    i2c.o(i.i2c_configuration) refers to i2c.o(.bss) for I2C_InitStructure
    delay.o(i.SysTick32) refers to delay.o(.data) for SysTickCounter
    delay.o(i.SysTick64) refers to delay.o(.data) for SysTickCounter
    delay.o(i.SysTick_Handler) refers to delay.o(.data) for SysTickCounter
    delay.o(i.SysTick_Micros) refers to delay.o(i.SysTick64) for SysTick64
    delay.o(i.SysTick_Micros) refers to lludiv.o(.text) for __aeabi_uldivmod
    delay.o(i.SysTick_Millis) refers to delay.o(i.SysTick64) for SysTick64
    delay.o(i.SysTick_Millis) refers to lludiv.o(.text) for __aeabi_uldivmod
    delay.o(i.SystemClock_Config) refers to stm32f0xx_rcc.o(i.RCC_DeInit) for RCC_DeInit
    delay.o(i.SystemClock_Config) refers to stm32f0xx_rcc.o(i.RCC_HSICmd) for RCC_HSICmd
    delay.o(i.SystemClock_Config) refers to stm32f0xx_rcc.o(i.RCC_HCLKConfig) for RCC_HCLKConfig
    delay.o(i.SystemClock_Config) refers to stm32f0xx_rcc.o(i.RCC_PCLKConfig) for RCC_PCLKConfig
    delay.o(i.SystemClock_Config) refers to stm32f0xx_rcc.o(i.RCC_SYSCLKConfig) for RCC_SYSCLKConfig
    delay.o(i.SystemClock_Config) refers to stm32f0xx_rcc.o(i.RCC_GetSYSCLKSource) for RCC_GetSYSCLKSource
    delay.o(i.delay_ms) refers to delay.o(i.delay_us) for delay_us
    delay.o(i.delay_us) refers to delay.o(i.SysTick32) for SysTick32
    adafruit_vl53l0x.o(i.begin) refers to vl53l0x_i2c_comms.o(i.VL53L0X_i2c_init) for VL53L0X_i2c_init
    adafruit_vl53l0x.o(i.begin) refers to vl53l0x_api.o(i.VL53L0X_DataInit) for VL53L0X_DataInit
    adafruit_vl53l0x.o(i.begin) refers to vl53l0x_api.o(i.VL53L0X_GetDeviceInfo) for VL53L0X_GetDeviceInfo
    adafruit_vl53l0x.o(i.begin) refers to vl53l0x_api.o(i.VL53L0X_StaticInit) for VL53L0X_StaticInit
    adafruit_vl53l0x.o(i.begin) refers to vl53l0x_api.o(i.VL53L0X_PerformRefSpadManagement) for VL53L0X_PerformRefSpadManagement
    adafruit_vl53l0x.o(i.begin) refers to vl53l0x_api.o(i.VL53L0X_PerformRefCalibration) for VL53L0X_PerformRefCalibration
    adafruit_vl53l0x.o(i.begin) refers to vl53l0x_api.o(i.VL53L0X_SetDeviceMode) for VL53L0X_SetDeviceMode
    adafruit_vl53l0x.o(i.begin) refers to vl53l0x_api.o(i.VL53L0X_SetLimitCheckEnable) for VL53L0X_SetLimitCheckEnable
    adafruit_vl53l0x.o(i.begin) refers to vl53l0x_api.o(i.VL53L0X_SetLimitCheckValue) for VL53L0X_SetLimitCheckValue
    adafruit_vl53l0x.o(i.begin) refers to adafruit_vl53l0x.o(.data) for pMyDevice
    adafruit_vl53l0x.o(i.begin) refers to adafruit_vl53l0x.o(.bss) for MyDevice
    adafruit_vl53l0x.o(i.getSingleRangingMeasurement) refers to vl53l0x_api.o(i.VL53L0X_PerformSingleRangingMeasurement) for VL53L0X_PerformSingleRangingMeasurement
    adafruit_vl53l0x.o(i.getSingleRangingMeasurement) refers to adafruit_vl53l0x.o(i.printRangeStatus) for printRangeStatus
    adafruit_vl53l0x.o(i.getSingleRangingMeasurement) refers to vl53l0x_api.o(i.VL53L0X_GetLimitCheckCurrent) for VL53L0X_GetLimitCheckCurrent
    adafruit_vl53l0x.o(i.getSingleRangingMeasurement) refers to adafruit_vl53l0x.o(.data) for pMyDevice
    adafruit_vl53l0x.o(i.printRangeStatus) refers to vl53l0x_api.o(i.VL53L0X_GetRangeStatusString) for VL53L0X_GetRangeStatusString
    adafruit_vl53l0x.o(i.rangingTest) refers to adafruit_vl53l0x.o(i.getSingleRangingMeasurement) for getSingleRangingMeasurement
    adafruit_vl53l0x.o(i.setAddress) refers to vl53l0x_api.o(i.VL53L0X_SetDeviceAddress) for VL53L0X_SetDeviceAddress
    adafruit_vl53l0x.o(i.setAddress) refers to delay.o(i.delay_ms) for delay_ms
    adafruit_vl53l0x.o(i.setAddress) refers to adafruit_vl53l0x.o(.data) for pMyDevice
    adafruit_vl53l0x.o(.data) refers to adafruit_vl53l0x.o(.bss) for MyDevice
    uart.o(i.UART1_config) refers to stm32f0xx_rcc.o(i.RCC_AHBPeriphClockCmd) for RCC_AHBPeriphClockCmd
    uart.o(i.UART1_config) refers to stm32f0xx_gpio.o(i.GPIO_PinAFConfig) for GPIO_PinAFConfig
    uart.o(i.UART1_config) refers to stm32f0xx_gpio.o(i.GPIO_Init) for GPIO_Init
    uart.o(i.UART1_config) refers to stm32f0xx_rcc.o(i.RCC_APB2PeriphClockCmd) for RCC_APB2PeriphClockCmd
    uart.o(i.USART1_IRQHandler) refers to uart.o(.data) for rx_count
    vl53l0x_api_strings.o(i.VL53L0X_check_part_used) refers to vl53l0x_api_core.o(i.VL53L0X_get_info_from_device) for VL53L0X_get_info_from_device
    vl53l0x_api_strings.o(i.VL53L0X_check_part_used) refers to strcpy.o(.text) for strcpy
    vl53l0x_api_strings.o(i.VL53L0X_get_device_error_string) refers to vl53l0x_api_strings.o(i.__ARM_common_switch8) for __ARM_common_switch8
    vl53l0x_api_strings.o(i.VL53L0X_get_device_error_string) refers to strcpy.o(.text) for strcpy
    vl53l0x_api_strings.o(i.VL53L0X_get_device_info) refers to vl53l0x_api_strings.o(i.VL53L0X_check_part_used) for VL53L0X_check_part_used
    vl53l0x_api_strings.o(i.VL53L0X_get_device_info) refers to strcpy.o(.text) for strcpy
    vl53l0x_api_strings.o(i.VL53L0X_get_device_info) refers to vl53l0x_platform.o(i.VL53L0X_RdByte) for VL53L0X_RdByte
    vl53l0x_api_strings.o(i.VL53L0X_get_limit_check_info) refers to vl53l0x_api_strings.o(i.__ARM_common_switch8) for __ARM_common_switch8
    vl53l0x_api_strings.o(i.VL53L0X_get_limit_check_info) refers to strcpy.o(.text) for strcpy
    vl53l0x_api_strings.o(i.VL53L0X_get_pal_error_string) refers to vl53l0x_api_strings.o(i.__ARM_common_switch8) for __ARM_common_switch8
    vl53l0x_api_strings.o(i.VL53L0X_get_pal_error_string) refers to strcpy.o(.text) for strcpy
    vl53l0x_api_strings.o(i.VL53L0X_get_pal_state_string) refers to strcpy.o(.text) for strcpy
    vl53l0x_api_strings.o(i.VL53L0X_get_range_status_string) refers to vl53l0x_api_strings.o(i.__ARM_common_switch8) for __ARM_common_switch8
    vl53l0x_api_strings.o(i.VL53L0X_get_range_status_string) refers to strcpy.o(.text) for strcpy
    vl53l0x_api_strings.o(i.VL53L0X_get_sequence_steps_info) refers to vl53l0x_api_strings.o(i.__ARM_common_switch8) for __ARM_common_switch8
    vl53l0x_api_strings.o(i.VL53L0X_get_sequence_steps_info) refers to strcpy.o(.text) for strcpy
    vl53l0x_api_core.o(i.VL53L0X_calc_dmax) refers to aeabi_sdiv.o(.text) for __aeabi_uidivmod
    vl53l0x_api_core.o(i.VL53L0X_calc_dmax) refers to vl53l0x_api_core.o(i.VL53L0X_isqrt) for VL53L0X_isqrt
    vl53l0x_api_core.o(i.VL53L0X_calc_macro_period_ps) refers to llmul.o(.text) for __aeabi_lmul
    vl53l0x_api_core.o(i.VL53L0X_calc_sigma_estimate) refers to vl53l0x_api_core.o(i.VL53L0X_get_total_signal_rate) for VL53L0X_get_total_signal_rate
    vl53l0x_api_core.o(i.VL53L0X_calc_sigma_estimate) refers to vl53l0x_api_core.o(i.VL53L0X_get_total_xtalk_rate) for VL53L0X_get_total_xtalk_rate
    vl53l0x_api_core.o(i.VL53L0X_calc_sigma_estimate) refers to vl53l0x_api_core.o(i.VL53L0X_calc_timeout_mclks) for VL53L0X_calc_timeout_mclks
    vl53l0x_api_core.o(i.VL53L0X_calc_sigma_estimate) refers to aeabi_sdiv.o(.text) for __aeabi_uidivmod
    vl53l0x_api_core.o(i.VL53L0X_calc_sigma_estimate) refers to vl53l0x_api_core.o(i.VL53L0X_isqrt) for VL53L0X_isqrt
    vl53l0x_api_core.o(i.VL53L0X_calc_sigma_estimate) refers to vl53l0x_api_core.o(i.VL53L0X_calc_dmax) for VL53L0X_calc_dmax
    vl53l0x_api_core.o(i.VL53L0X_calc_timeout_mclks) refers to vl53l0x_api_core.o(i.VL53L0X_calc_macro_period_ps) for VL53L0X_calc_macro_period_ps
    vl53l0x_api_core.o(i.VL53L0X_calc_timeout_mclks) refers to aeabi_sdiv.o(.text) for __aeabi_uidivmod
    vl53l0x_api_core.o(i.VL53L0X_calc_timeout_us) refers to vl53l0x_api_core.o(i.VL53L0X_calc_macro_period_ps) for VL53L0X_calc_macro_period_ps
    vl53l0x_api_core.o(i.VL53L0X_calc_timeout_us) refers to aeabi_sdiv.o(.text) for __aeabi_uidivmod
    vl53l0x_api_core.o(i.VL53L0X_device_read_strobe) refers to vl53l0x_platform.o(i.VL53L0X_WrByte) for VL53L0X_WrByte
    vl53l0x_api_core.o(i.VL53L0X_device_read_strobe) refers to vl53l0x_platform.o(i.VL53L0X_RdByte) for VL53L0X_RdByte
    vl53l0x_api_core.o(i.VL53L0X_get_info_from_device) refers to vl53l0x_platform.o(i.VL53L0X_WrByte) for VL53L0X_WrByte
    vl53l0x_api_core.o(i.VL53L0X_get_info_from_device) refers to vl53l0x_platform.o(i.VL53L0X_RdByte) for VL53L0X_RdByte
    vl53l0x_api_core.o(i.VL53L0X_get_info_from_device) refers to vl53l0x_platform.o(i.VL53L0X_PollingDelay) for VL53L0X_PollingDelay
    vl53l0x_api_core.o(i.VL53L0X_get_info_from_device) refers to vl53l0x_api_core.o(i.VL53L0X_device_read_strobe) for VL53L0X_device_read_strobe
    vl53l0x_api_core.o(i.VL53L0X_get_info_from_device) refers to vl53l0x_platform.o(i.VL53L0X_RdDWord) for VL53L0X_RdDWord
    vl53l0x_api_core.o(i.VL53L0X_get_info_from_device) refers to strcpy.o(.text) for strcpy
    vl53l0x_api_core.o(i.VL53L0X_get_measurement_timing_budget_micro_seconds) refers to vl53l0x_api.o(i.VL53L0X_GetSequenceStepEnables) for VL53L0X_GetSequenceStepEnables
    vl53l0x_api_core.o(i.VL53L0X_get_measurement_timing_budget_micro_seconds) refers to vl53l0x_api_core.o(i.get_sequence_step_timeout) for get_sequence_step_timeout
    vl53l0x_api_core.o(i.VL53L0X_get_pal_range_status) refers to vl53l0x_platform.o(i.VL53L0X_WrByte) for VL53L0X_WrByte
    vl53l0x_api_core.o(i.VL53L0X_get_pal_range_status) refers to vl53l0x_platform.o(i.VL53L0X_RdWord) for VL53L0X_RdWord
    vl53l0x_api_core.o(i.VL53L0X_get_pal_range_status) refers to vl53l0x_api.o(i.VL53L0X_GetLimitCheckEnable) for VL53L0X_GetLimitCheckEnable
    vl53l0x_api_core.o(i.VL53L0X_get_pal_range_status) refers to vl53l0x_api_core.o(i.VL53L0X_calc_sigma_estimate) for VL53L0X_calc_sigma_estimate
    vl53l0x_api_core.o(i.VL53L0X_get_pal_range_status) refers to vl53l0x_api.o(i.VL53L0X_GetLimitCheckValue) for VL53L0X_GetLimitCheckValue
    vl53l0x_api_core.o(i.VL53L0X_get_pal_range_status) refers to aeabi_sdiv.o(.text) for __aeabi_uidivmod
    vl53l0x_api_core.o(i.VL53L0X_get_total_signal_rate) refers to vl53l0x_api_core.o(i.VL53L0X_get_total_xtalk_rate) for VL53L0X_get_total_xtalk_rate
    vl53l0x_api_core.o(i.VL53L0X_get_total_xtalk_rate) refers to vl53l0x_api.o(i.VL53L0X_GetXTalkCompensationEnable) for VL53L0X_GetXTalkCompensationEnable
    vl53l0x_api_core.o(i.VL53L0X_get_vcsel_pulse_period) refers to vl53l0x_platform.o(i.VL53L0X_RdByte) for VL53L0X_RdByte
    vl53l0x_api_core.o(i.VL53L0X_get_vcsel_pulse_period) refers to vl53l0x_api_core.o(i.VL53L0X_decode_vcsel_period) for VL53L0X_decode_vcsel_period
    vl53l0x_api_core.o(i.VL53L0X_load_tuning_settings) refers to vl53l0x_platform.o(i.VL53L0X_WriteMulti) for VL53L0X_WriteMulti
    vl53l0x_api_core.o(i.VL53L0X_measurement_poll_for_completion) refers to vl53l0x_api.o(i.VL53L0X_GetMeasurementDataReady) for VL53L0X_GetMeasurementDataReady
    vl53l0x_api_core.o(i.VL53L0X_measurement_poll_for_completion) refers to vl53l0x_platform.o(i.VL53L0X_PollingDelay) for VL53L0X_PollingDelay
    vl53l0x_api_core.o(i.VL53L0X_quadrature_sum) refers to vl53l0x_api_core.o(i.VL53L0X_isqrt) for VL53L0X_isqrt
    vl53l0x_api_core.o(i.VL53L0X_set_measurement_timing_budget_micro_seconds) refers to vl53l0x_api.o(i.VL53L0X_GetSequenceStepEnables) for VL53L0X_GetSequenceStepEnables
    vl53l0x_api_core.o(i.VL53L0X_set_measurement_timing_budget_micro_seconds) refers to vl53l0x_api_core.o(i.get_sequence_step_timeout) for get_sequence_step_timeout
    vl53l0x_api_core.o(i.VL53L0X_set_measurement_timing_budget_micro_seconds) refers to vl53l0x_api_core.o(i.set_sequence_step_timeout) for set_sequence_step_timeout
    vl53l0x_api_core.o(i.VL53L0X_set_vcsel_pulse_period) refers to vl53l0x_platform.o(i.VL53L0X_WrByte) for VL53L0X_WrByte
    vl53l0x_api_core.o(i.VL53L0X_set_vcsel_pulse_period) refers to vl53l0x_api_core.o(i.VL53L0X_encode_vcsel_period) for VL53L0X_encode_vcsel_period
    vl53l0x_api_core.o(i.VL53L0X_set_vcsel_pulse_period) refers to vl53l0x_api_core.o(i.get_sequence_step_timeout) for get_sequence_step_timeout
    vl53l0x_api_core.o(i.VL53L0X_set_vcsel_pulse_period) refers to vl53l0x_api_core.o(i.set_sequence_step_timeout) for set_sequence_step_timeout
    vl53l0x_api_core.o(i.VL53L0X_set_vcsel_pulse_period) refers to vl53l0x_api.o(i.VL53L0X_SetMeasurementTimingBudgetMicroSeconds) for VL53L0X_SetMeasurementTimingBudgetMicroSeconds
    vl53l0x_api_core.o(i.VL53L0X_set_vcsel_pulse_period) refers to vl53l0x_api_calibration.o(i.VL53L0X_perform_phase_calibration) for VL53L0X_perform_phase_calibration
    vl53l0x_api_core.o(i.get_sequence_step_timeout) refers to vl53l0x_api.o(i.VL53L0X_GetVcselPulsePeriod) for VL53L0X_GetVcselPulsePeriod
    vl53l0x_api_core.o(i.get_sequence_step_timeout) refers to vl53l0x_platform.o(i.VL53L0X_RdByte) for VL53L0X_RdByte
    vl53l0x_api_core.o(i.get_sequence_step_timeout) refers to vl53l0x_api_core.o(i.VL53L0X_decode_timeout) for VL53L0X_decode_timeout
    vl53l0x_api_core.o(i.get_sequence_step_timeout) refers to vl53l0x_api_core.o(i.VL53L0X_calc_timeout_us) for VL53L0X_calc_timeout_us
    vl53l0x_api_core.o(i.get_sequence_step_timeout) refers to vl53l0x_platform.o(i.VL53L0X_RdWord) for VL53L0X_RdWord
    vl53l0x_api_core.o(i.get_sequence_step_timeout) refers to vl53l0x_api.o(i.VL53L0X_GetSequenceStepEnables) for VL53L0X_GetSequenceStepEnables
    vl53l0x_api_core.o(i.set_sequence_step_timeout) refers to vl53l0x_api.o(i.VL53L0X_GetVcselPulsePeriod) for VL53L0X_GetVcselPulsePeriod
    vl53l0x_api_core.o(i.set_sequence_step_timeout) refers to vl53l0x_api_core.o(i.VL53L0X_calc_timeout_mclks) for VL53L0X_calc_timeout_mclks
    vl53l0x_api_core.o(i.set_sequence_step_timeout) refers to vl53l0x_platform.o(i.VL53L0X_WrByte) for VL53L0X_WrByte
    vl53l0x_api_core.o(i.set_sequence_step_timeout) refers to vl53l0x_api_core.o(i.VL53L0X_encode_timeout) for VL53L0X_encode_timeout
    vl53l0x_api_core.o(i.set_sequence_step_timeout) refers to vl53l0x_platform.o(i.VL53L0X_WrWord) for VL53L0X_WrWord
    vl53l0x_api_core.o(i.set_sequence_step_timeout) refers to vl53l0x_api.o(i.VL53L0X_GetSequenceStepEnables) for VL53L0X_GetSequenceStepEnables
    vl53l0x_api_core.o(i.set_sequence_step_timeout) refers to vl53l0x_platform.o(i.VL53L0X_RdWord) for VL53L0X_RdWord
    vl53l0x_api_core.o(i.set_sequence_step_timeout) refers to vl53l0x_api_core.o(i.VL53L0X_decode_timeout) for VL53L0X_decode_timeout
    vl53l0x_api_calibration.o(i.VL53L0X_apply_offset_adjustment) refers to vl53l0x_api_core.o(i.VL53L0X_get_info_from_device) for VL53L0X_get_info_from_device
    vl53l0x_api_calibration.o(i.VL53L0X_apply_offset_adjustment) refers to vl53l0x_api.o(i.VL53L0X_GetOffsetCalibrationDataMicroMeter) for VL53L0X_GetOffsetCalibrationDataMicroMeter
    vl53l0x_api_calibration.o(i.VL53L0X_apply_offset_adjustment) refers to vl53l0x_api.o(i.VL53L0X_SetOffsetCalibrationDataMicroMeter) for VL53L0X_SetOffsetCalibrationDataMicroMeter
    vl53l0x_api_calibration.o(i.VL53L0X_get_offset_calibration_data_micro_meter) refers to vl53l0x_platform.o(i.VL53L0X_RdWord) for VL53L0X_RdWord
    vl53l0x_api_calibration.o(i.VL53L0X_get_ref_calibration) refers to vl53l0x_api_calibration.o(i.VL53L0X_ref_calibration_io) for VL53L0X_ref_calibration_io
    vl53l0x_api_calibration.o(i.VL53L0X_get_reference_spads) refers to vl53l0x_api_calibration.o(i.get_ref_spad_map) for get_ref_spad_map
    vl53l0x_api_calibration.o(i.VL53L0X_get_reference_spads) refers to vl53l0x_api_calibration.o(i.count_enabled_spads) for count_enabled_spads
    vl53l0x_api_calibration.o(i.VL53L0X_perform_offset_calibration) refers to vl53l0x_api.o(i.VL53L0X_SetOffsetCalibrationDataMicroMeter) for VL53L0X_SetOffsetCalibrationDataMicroMeter
    vl53l0x_api_calibration.o(i.VL53L0X_perform_offset_calibration) refers to vl53l0x_api.o(i.VL53L0X_GetSequenceStepEnable) for VL53L0X_GetSequenceStepEnable
    vl53l0x_api_calibration.o(i.VL53L0X_perform_offset_calibration) refers to vl53l0x_api.o(i.VL53L0X_SetSequenceStepEnable) for VL53L0X_SetSequenceStepEnable
    vl53l0x_api_calibration.o(i.VL53L0X_perform_offset_calibration) refers to vl53l0x_api.o(i.VL53L0X_SetLimitCheckEnable) for VL53L0X_SetLimitCheckEnable
    vl53l0x_api_calibration.o(i.VL53L0X_perform_offset_calibration) refers to vl53l0x_api.o(i.VL53L0X_PerformSingleRangingMeasurement) for VL53L0X_PerformSingleRangingMeasurement
    vl53l0x_api_calibration.o(i.VL53L0X_perform_offset_calibration) refers to aeabi_sdiv.o(.text) for __aeabi_uidivmod
    vl53l0x_api_calibration.o(i.VL53L0X_perform_phase_calibration) refers to vl53l0x_platform.o(i.VL53L0X_WrByte) for VL53L0X_WrByte
    vl53l0x_api_calibration.o(i.VL53L0X_perform_phase_calibration) refers to vl53l0x_api_calibration.o(i.VL53L0X_perform_single_ref_calibration) for VL53L0X_perform_single_ref_calibration
    vl53l0x_api_calibration.o(i.VL53L0X_perform_phase_calibration) refers to vl53l0x_api_calibration.o(i.VL53L0X_ref_calibration_io) for VL53L0X_ref_calibration_io
    vl53l0x_api_calibration.o(i.VL53L0X_perform_ref_calibration) refers to vl53l0x_api_calibration.o(i.VL53L0X_perform_vhv_calibration) for VL53L0X_perform_vhv_calibration
    vl53l0x_api_calibration.o(i.VL53L0X_perform_ref_calibration) refers to vl53l0x_api_calibration.o(i.VL53L0X_perform_phase_calibration) for VL53L0X_perform_phase_calibration
    vl53l0x_api_calibration.o(i.VL53L0X_perform_ref_calibration) refers to vl53l0x_platform.o(i.VL53L0X_WrByte) for VL53L0X_WrByte
    vl53l0x_api_calibration.o(i.VL53L0X_perform_ref_spad_management) refers to vl53l0x_platform.o(i.VL53L0X_WrByte) for VL53L0X_WrByte
    vl53l0x_api_calibration.o(i.VL53L0X_perform_ref_spad_management) refers to vl53l0x_api_calibration.o(i.VL53L0X_perform_ref_calibration) for VL53L0X_perform_ref_calibration
    vl53l0x_api_calibration.o(i.VL53L0X_perform_ref_spad_management) refers to vl53l0x_api_calibration.o(i.enable_ref_spads) for enable_ref_spads
    vl53l0x_api_calibration.o(i.VL53L0X_perform_ref_spad_management) refers to vl53l0x_api_calibration.o(i.perform_ref_signal_measurement) for perform_ref_signal_measurement
    vl53l0x_api_calibration.o(i.VL53L0X_perform_ref_spad_management) refers to vl53l0x_api_calibration.o(i.is_aperture) for is_aperture
    vl53l0x_api_calibration.o(i.VL53L0X_perform_ref_spad_management) refers to rt_memcpy.o(.emb_text) for __aeabi_memcpy4
    vl53l0x_api_calibration.o(i.VL53L0X_perform_ref_spad_management) refers to vl53l0x_api_calibration.o(i.get_next_good_spad) for get_next_good_spad
    vl53l0x_api_calibration.o(i.VL53L0X_perform_ref_spad_management) refers to vl53l0x_api_calibration.o(i.enable_spad_bit) for enable_spad_bit
    vl53l0x_api_calibration.o(i.VL53L0X_perform_ref_spad_management) refers to vl53l0x_api_calibration.o(i.set_ref_spad_map) for set_ref_spad_map
    vl53l0x_api_calibration.o(i.VL53L0X_perform_single_ref_calibration) refers to vl53l0x_platform.o(i.VL53L0X_WrByte) for VL53L0X_WrByte
    vl53l0x_api_calibration.o(i.VL53L0X_perform_single_ref_calibration) refers to vl53l0x_api_core.o(i.VL53L0X_measurement_poll_for_completion) for VL53L0X_measurement_poll_for_completion
    vl53l0x_api_calibration.o(i.VL53L0X_perform_single_ref_calibration) refers to vl53l0x_api.o(i.VL53L0X_ClearInterruptMask) for VL53L0X_ClearInterruptMask
    vl53l0x_api_calibration.o(i.VL53L0X_perform_vhv_calibration) refers to vl53l0x_platform.o(i.VL53L0X_WrByte) for VL53L0X_WrByte
    vl53l0x_api_calibration.o(i.VL53L0X_perform_vhv_calibration) refers to vl53l0x_api_calibration.o(i.VL53L0X_perform_single_ref_calibration) for VL53L0X_perform_single_ref_calibration
    vl53l0x_api_calibration.o(i.VL53L0X_perform_vhv_calibration) refers to vl53l0x_api_calibration.o(i.VL53L0X_ref_calibration_io) for VL53L0X_ref_calibration_io
    vl53l0x_api_calibration.o(i.VL53L0X_perform_xtalk_calibration) refers to vl53l0x_api.o(i.VL53L0X_SetXTalkCompensationEnable) for VL53L0X_SetXTalkCompensationEnable
    vl53l0x_api_calibration.o(i.VL53L0X_perform_xtalk_calibration) refers to vl53l0x_api.o(i.VL53L0X_SetLimitCheckEnable) for VL53L0X_SetLimitCheckEnable
    vl53l0x_api_calibration.o(i.VL53L0X_perform_xtalk_calibration) refers to vl53l0x_api.o(i.VL53L0X_PerformSingleRangingMeasurement) for VL53L0X_PerformSingleRangingMeasurement
    vl53l0x_api_calibration.o(i.VL53L0X_perform_xtalk_calibration) refers to aeabi_sdiv.o(.text) for __aeabi_uidivmod
    vl53l0x_api_calibration.o(i.VL53L0X_perform_xtalk_calibration) refers to vl53l0x_api.o(i.VL53L0X_SetXTalkCompensationRateMegaCps) for VL53L0X_SetXTalkCompensationRateMegaCps
    vl53l0x_api_calibration.o(i.VL53L0X_ref_calibration_io) refers to vl53l0x_platform.o(i.VL53L0X_WrByte) for VL53L0X_WrByte
    vl53l0x_api_calibration.o(i.VL53L0X_ref_calibration_io) refers to vl53l0x_platform.o(i.VL53L0X_RdByte) for VL53L0X_RdByte
    vl53l0x_api_calibration.o(i.VL53L0X_ref_calibration_io) refers to vl53l0x_platform.o(i.VL53L0X_UpdateByte) for VL53L0X_UpdateByte
    vl53l0x_api_calibration.o(i.VL53L0X_set_offset_calibration_data_micro_meter) refers to aeabi_sdiv.o(.text) for __aeabi_idivmod
    vl53l0x_api_calibration.o(i.VL53L0X_set_offset_calibration_data_micro_meter) refers to vl53l0x_platform.o(i.VL53L0X_WrWord) for VL53L0X_WrWord
    vl53l0x_api_calibration.o(i.VL53L0X_set_ref_calibration) refers to vl53l0x_api_calibration.o(i.VL53L0X_ref_calibration_io) for VL53L0X_ref_calibration_io
    vl53l0x_api_calibration.o(i.VL53L0X_set_reference_spads) refers to vl53l0x_platform.o(i.VL53L0X_WrByte) for VL53L0X_WrByte
    vl53l0x_api_calibration.o(i.VL53L0X_set_reference_spads) refers to vl53l0x_api_calibration.o(i.is_aperture) for is_aperture
    vl53l0x_api_calibration.o(i.VL53L0X_set_reference_spads) refers to vl53l0x_api_calibration.o(i.enable_ref_spads) for enable_ref_spads
    vl53l0x_api_calibration.o(i.count_enabled_spads) refers to aeabi_sdiv.o(.text) for __aeabi_uidivmod
    vl53l0x_api_calibration.o(i.enable_ref_spads) refers to vl53l0x_api_calibration.o(i.get_next_good_spad) for get_next_good_spad
    vl53l0x_api_calibration.o(i.enable_ref_spads) refers to vl53l0x_api_calibration.o(i.is_aperture) for is_aperture
    vl53l0x_api_calibration.o(i.enable_ref_spads) refers to vl53l0x_api_calibration.o(i.enable_spad_bit) for enable_spad_bit
    vl53l0x_api_calibration.o(i.enable_ref_spads) refers to vl53l0x_api_calibration.o(i.set_ref_spad_map) for set_ref_spad_map
    vl53l0x_api_calibration.o(i.enable_ref_spads) refers to vl53l0x_api_calibration.o(i.get_ref_spad_map) for get_ref_spad_map
    vl53l0x_api_calibration.o(i.enable_spad_bit) refers to aeabi_sdiv.o(.text) for __aeabi_uidivmod
    vl53l0x_api_calibration.o(i.get_next_good_spad) refers to aeabi_sdiv.o(.text) for __aeabi_uidivmod
    vl53l0x_api_calibration.o(i.get_ref_spad_map) refers to vl53l0x_platform.o(i.VL53L0X_ReadMulti) for VL53L0X_ReadMulti
    vl53l0x_api_calibration.o(i.is_aperture) refers to vl53l0x_api_calibration.o(.data) for refArrayQuadrants
    vl53l0x_api_calibration.o(i.perform_ref_signal_measurement) refers to vl53l0x_platform.o(i.VL53L0X_WrByte) for VL53L0X_WrByte
    vl53l0x_api_calibration.o(i.perform_ref_signal_measurement) refers to vl53l0x_api.o(i.VL53L0X_PerformSingleRangingMeasurement) for VL53L0X_PerformSingleRangingMeasurement
    vl53l0x_api_calibration.o(i.perform_ref_signal_measurement) refers to vl53l0x_platform.o(i.VL53L0X_RdWord) for VL53L0X_RdWord
    vl53l0x_api_calibration.o(i.set_ref_spad_map) refers to vl53l0x_platform.o(i.VL53L0X_WriteMulti) for VL53L0X_WriteMulti
    vl53l0x_api.o(i.VL53L0X_CheckAndLoadInterruptSettings) refers to vl53l0x_api.o(i.VL53L0X_GetInterruptThresholds) for VL53L0X_GetInterruptThresholds
    vl53l0x_api.o(i.VL53L0X_CheckAndLoadInterruptSettings) refers to vl53l0x_api_core.o(i.VL53L0X_load_tuning_settings) for VL53L0X_load_tuning_settings
    vl53l0x_api.o(i.VL53L0X_CheckAndLoadInterruptSettings) refers to vl53l0x_platform.o(i.VL53L0X_WrByte) for VL53L0X_WrByte
    vl53l0x_api.o(i.VL53L0X_CheckAndLoadInterruptSettings) refers to vl53l0x_api.o(.data) for InterruptThresholdSettings
    vl53l0x_api.o(i.VL53L0X_ClearInterruptMask) refers to vl53l0x_platform.o(i.VL53L0X_WrByte) for VL53L0X_WrByte
    vl53l0x_api.o(i.VL53L0X_ClearInterruptMask) refers to vl53l0x_platform.o(i.VL53L0X_RdByte) for VL53L0X_RdByte
    vl53l0x_api.o(i.VL53L0X_DataInit) refers to vl53l0x_platform.o(i.VL53L0X_UpdateByte) for VL53L0X_UpdateByte
    vl53l0x_api.o(i.VL53L0X_DataInit) refers to vl53l0x_platform.o(i.VL53L0X_WrByte) for VL53L0X_WrByte
    vl53l0x_api.o(i.VL53L0X_DataInit) refers to vl53l0x_platform.o(i.VL53L0X_RdByte) for VL53L0X_RdByte
    vl53l0x_api.o(i.VL53L0X_DataInit) refers to vl53l0x_api.o(i.VL53L0X_GetDeviceParameters) for VL53L0X_GetDeviceParameters
    vl53l0x_api.o(i.VL53L0X_DataInit) refers to rt_memcpy.o(.emb_text) for __aeabi_memcpy4
    vl53l0x_api.o(i.VL53L0X_DataInit) refers to vl53l0x_api.o(i.VL53L0X_SetLimitCheckEnable) for VL53L0X_SetLimitCheckEnable
    vl53l0x_api.o(i.VL53L0X_DataInit) refers to vl53l0x_api.o(i.VL53L0X_SetLimitCheckValue) for VL53L0X_SetLimitCheckValue
    vl53l0x_api.o(i.VL53L0X_GetDeviceErrorStatus) refers to vl53l0x_platform.o(i.VL53L0X_RdByte) for VL53L0X_RdByte
    vl53l0x_api.o(i.VL53L0X_GetDeviceErrorString) refers to vl53l0x_api_strings.o(i.VL53L0X_get_device_error_string) for VL53L0X_get_device_error_string
    vl53l0x_api.o(i.VL53L0X_GetDeviceInfo) refers to vl53l0x_api_strings.o(i.VL53L0X_get_device_info) for VL53L0X_get_device_info
    vl53l0x_api.o(i.VL53L0X_GetDeviceParameters) refers to vl53l0x_api.o(i.VL53L0X_GetDeviceMode) for VL53L0X_GetDeviceMode
    vl53l0x_api.o(i.VL53L0X_GetDeviceParameters) refers to vl53l0x_api.o(i.VL53L0X_GetInterMeasurementPeriodMilliSeconds) for VL53L0X_GetInterMeasurementPeriodMilliSeconds
    vl53l0x_api.o(i.VL53L0X_GetDeviceParameters) refers to vl53l0x_api.o(i.VL53L0X_GetXTalkCompensationRateMegaCps) for VL53L0X_GetXTalkCompensationRateMegaCps
    vl53l0x_api.o(i.VL53L0X_GetDeviceParameters) refers to vl53l0x_api.o(i.VL53L0X_GetOffsetCalibrationDataMicroMeter) for VL53L0X_GetOffsetCalibrationDataMicroMeter
    vl53l0x_api.o(i.VL53L0X_GetDeviceParameters) refers to vl53l0x_api.o(i.VL53L0X_GetLimitCheckValue) for VL53L0X_GetLimitCheckValue
    vl53l0x_api.o(i.VL53L0X_GetDeviceParameters) refers to vl53l0x_api.o(i.VL53L0X_GetLimitCheckEnable) for VL53L0X_GetLimitCheckEnable
    vl53l0x_api.o(i.VL53L0X_GetDeviceParameters) refers to vl53l0x_api.o(i.VL53L0X_GetWrapAroundCheckEnable) for VL53L0X_GetWrapAroundCheckEnable
    vl53l0x_api.o(i.VL53L0X_GetDeviceParameters) refers to vl53l0x_api.o(i.VL53L0X_GetMeasurementTimingBudgetMicroSeconds) for VL53L0X_GetMeasurementTimingBudgetMicroSeconds
    vl53l0x_api.o(i.VL53L0X_GetFractionEnable) refers to vl53l0x_platform.o(i.VL53L0X_RdByte) for VL53L0X_RdByte
    vl53l0x_api.o(i.VL53L0X_GetGpioConfig) refers to vl53l0x_api.o(i.VL53L0X_GetDeviceMode) for VL53L0X_GetDeviceMode
    vl53l0x_api.o(i.VL53L0X_GetGpioConfig) refers to vl53l0x_platform.o(i.VL53L0X_RdByte) for VL53L0X_RdByte
    vl53l0x_api.o(i.VL53L0X_GetGpioConfig) refers to vl53l0x_api_strings.o(i.__ARM_common_switch8) for __ARM_common_switch8
    vl53l0x_api.o(i.VL53L0X_GetInterMeasurementPeriodMilliSeconds) refers to vl53l0x_platform.o(i.VL53L0X_RdWord) for VL53L0X_RdWord
    vl53l0x_api.o(i.VL53L0X_GetInterMeasurementPeriodMilliSeconds) refers to vl53l0x_platform.o(i.VL53L0X_RdDWord) for VL53L0X_RdDWord
    vl53l0x_api.o(i.VL53L0X_GetInterruptMaskStatus) refers to vl53l0x_platform.o(i.VL53L0X_RdByte) for VL53L0X_RdByte
    vl53l0x_api.o(i.VL53L0X_GetInterruptThresholds) refers to vl53l0x_platform.o(i.VL53L0X_RdWord) for VL53L0X_RdWord
    vl53l0x_api.o(i.VL53L0X_GetLimitCheckCurrent) refers to vl53l0x_api_strings.o(i.__ARM_common_switch8) for __ARM_common_switch8
    vl53l0x_api.o(i.VL53L0X_GetLimitCheckCurrent) refers to rt_memcpy.o(.emb_text) for __aeabi_memcpy4
    vl53l0x_api.o(i.VL53L0X_GetLimitCheckInfo) refers to vl53l0x_api_strings.o(i.VL53L0X_get_limit_check_info) for VL53L0X_get_limit_check_info
    vl53l0x_api.o(i.VL53L0X_GetLimitCheckValue) refers to vl53l0x_api_strings.o(i.__ARM_common_switch8) for __ARM_common_switch8
    vl53l0x_api.o(i.VL53L0X_GetLimitCheckValue) refers to vl53l0x_platform.o(i.VL53L0X_RdWord) for VL53L0X_RdWord
    vl53l0x_api.o(i.VL53L0X_GetMeasurementDataReady) refers to vl53l0x_api.o(i.VL53L0X_GetInterruptMaskStatus) for VL53L0X_GetInterruptMaskStatus
    vl53l0x_api.o(i.VL53L0X_GetMeasurementDataReady) refers to vl53l0x_platform.o(i.VL53L0X_RdByte) for VL53L0X_RdByte
    vl53l0x_api.o(i.VL53L0X_GetMeasurementTimingBudgetMicroSeconds) refers to vl53l0x_api_core.o(i.VL53L0X_get_measurement_timing_budget_micro_seconds) for VL53L0X_get_measurement_timing_budget_micro_seconds
    vl53l0x_api.o(i.VL53L0X_GetOffsetCalibrationDataMicroMeter) refers to vl53l0x_api_calibration.o(i.VL53L0X_get_offset_calibration_data_micro_meter) for VL53L0X_get_offset_calibration_data_micro_meter
    vl53l0x_api.o(i.VL53L0X_GetPalErrorString) refers to vl53l0x_api_strings.o(i.VL53L0X_get_pal_error_string) for VL53L0X_get_pal_error_string
    vl53l0x_api.o(i.VL53L0X_GetPalStateString) refers to vl53l0x_api_strings.o(i.VL53L0X_get_pal_state_string) for VL53L0X_get_pal_state_string
    vl53l0x_api.o(i.VL53L0X_GetPowerMode) refers to vl53l0x_platform.o(i.VL53L0X_RdByte) for VL53L0X_RdByte
    vl53l0x_api.o(i.VL53L0X_GetProductRevision) refers to vl53l0x_platform.o(i.VL53L0X_RdByte) for VL53L0X_RdByte
    vl53l0x_api.o(i.VL53L0X_GetRangeStatusString) refers to vl53l0x_api_strings.o(i.VL53L0X_get_range_status_string) for VL53L0X_get_range_status_string
    vl53l0x_api.o(i.VL53L0X_GetRangingMeasurementData) refers to vl53l0x_platform.o(i.VL53L0X_ReadMulti) for VL53L0X_ReadMulti
    vl53l0x_api.o(i.VL53L0X_GetRangingMeasurementData) refers to aeabi_sdiv.o(.text) for __aeabi_idivmod
    vl53l0x_api.o(i.VL53L0X_GetRangingMeasurementData) refers to vl53l0x_api_core.o(i.VL53L0X_get_pal_range_status) for VL53L0X_get_pal_range_status
    vl53l0x_api.o(i.VL53L0X_GetRangingMeasurementData) refers to rt_memcpy.o(.emb_text) for __aeabi_memcpy4
    vl53l0x_api.o(i.VL53L0X_GetRefCalibration) refers to vl53l0x_api_calibration.o(i.VL53L0X_get_ref_calibration) for VL53L0X_get_ref_calibration
    vl53l0x_api.o(i.VL53L0X_GetReferenceSpads) refers to vl53l0x_api_calibration.o(i.VL53L0X_get_reference_spads) for VL53L0X_get_reference_spads
    vl53l0x_api.o(i.VL53L0X_GetSequenceStepEnable) refers to vl53l0x_platform.o(i.VL53L0X_RdByte) for VL53L0X_RdByte
    vl53l0x_api.o(i.VL53L0X_GetSequenceStepEnable) refers to vl53l0x_api.o(i.sequence_step_enabled) for sequence_step_enabled
    vl53l0x_api.o(i.VL53L0X_GetSequenceStepEnables) refers to vl53l0x_platform.o(i.VL53L0X_RdByte) for VL53L0X_RdByte
    vl53l0x_api.o(i.VL53L0X_GetSequenceStepEnables) refers to vl53l0x_api.o(i.sequence_step_enabled) for sequence_step_enabled
    vl53l0x_api.o(i.VL53L0X_GetSequenceStepTimeout) refers to vl53l0x_api_core.o(i.get_sequence_step_timeout) for get_sequence_step_timeout
    vl53l0x_api.o(i.VL53L0X_GetSequenceStepTimeout) refers to aeabi_sdiv.o(.text) for __aeabi_uidivmod
    vl53l0x_api.o(i.VL53L0X_GetSequenceStepsInfo) refers to vl53l0x_api_strings.o(i.VL53L0X_get_sequence_steps_info) for VL53L0X_get_sequence_steps_info
    vl53l0x_api.o(i.VL53L0X_GetSpadAmbientDamperFactor) refers to vl53l0x_platform.o(i.VL53L0X_WrByte) for VL53L0X_WrByte
    vl53l0x_api.o(i.VL53L0X_GetSpadAmbientDamperFactor) refers to vl53l0x_platform.o(i.VL53L0X_RdByte) for VL53L0X_RdByte
    vl53l0x_api.o(i.VL53L0X_GetSpadAmbientDamperThreshold) refers to vl53l0x_platform.o(i.VL53L0X_WrByte) for VL53L0X_WrByte
    vl53l0x_api.o(i.VL53L0X_GetSpadAmbientDamperThreshold) refers to vl53l0x_platform.o(i.VL53L0X_RdWord) for VL53L0X_RdWord
    vl53l0x_api.o(i.VL53L0X_GetStopCompletedStatus) refers to vl53l0x_platform.o(i.VL53L0X_WrByte) for VL53L0X_WrByte
    vl53l0x_api.o(i.VL53L0X_GetStopCompletedStatus) refers to vl53l0x_platform.o(i.VL53L0X_RdByte) for VL53L0X_RdByte
    vl53l0x_api.o(i.VL53L0X_GetTotalSignalRate) refers to rt_memcpy.o(.emb_text) for __aeabi_memcpy4
    vl53l0x_api.o(i.VL53L0X_GetTotalSignalRate) refers to vl53l0x_api_core.o(i.VL53L0X_get_total_signal_rate) for VL53L0X_get_total_signal_rate
    vl53l0x_api.o(i.VL53L0X_GetVcselPulsePeriod) refers to vl53l0x_api_core.o(i.VL53L0X_get_vcsel_pulse_period) for VL53L0X_get_vcsel_pulse_period
    vl53l0x_api.o(i.VL53L0X_GetWrapAroundCheckEnable) refers to vl53l0x_platform.o(i.VL53L0X_RdByte) for VL53L0X_RdByte
    vl53l0x_api.o(i.VL53L0X_GetXTalkCompensationRateMegaCps) refers to vl53l0x_platform.o(i.VL53L0X_RdWord) for VL53L0X_RdWord
    vl53l0x_api.o(i.VL53L0X_PerformOffsetCalibration) refers to vl53l0x_api_calibration.o(i.VL53L0X_perform_offset_calibration) for VL53L0X_perform_offset_calibration
    vl53l0x_api.o(i.VL53L0X_PerformRefCalibration) refers to vl53l0x_api_calibration.o(i.VL53L0X_perform_ref_calibration) for VL53L0X_perform_ref_calibration
    vl53l0x_api.o(i.VL53L0X_PerformRefSpadManagement) refers to vl53l0x_api_calibration.o(i.VL53L0X_perform_ref_spad_management) for VL53L0X_perform_ref_spad_management
    vl53l0x_api.o(i.VL53L0X_PerformSingleMeasurement) refers to vl53l0x_api.o(i.VL53L0X_GetDeviceMode) for VL53L0X_GetDeviceMode
    vl53l0x_api.o(i.VL53L0X_PerformSingleMeasurement) refers to vl53l0x_api.o(i.VL53L0X_StartMeasurement) for VL53L0X_StartMeasurement
    vl53l0x_api.o(i.VL53L0X_PerformSingleMeasurement) refers to vl53l0x_api_core.o(i.VL53L0X_measurement_poll_for_completion) for VL53L0X_measurement_poll_for_completion
    vl53l0x_api.o(i.VL53L0X_PerformSingleRangingMeasurement) refers to vl53l0x_api.o(i.VL53L0X_SetDeviceMode) for VL53L0X_SetDeviceMode
    vl53l0x_api.o(i.VL53L0X_PerformSingleRangingMeasurement) refers to vl53l0x_api.o(i.VL53L0X_PerformSingleMeasurement) for VL53L0X_PerformSingleMeasurement
    vl53l0x_api.o(i.VL53L0X_PerformSingleRangingMeasurement) refers to vl53l0x_api.o(i.VL53L0X_GetRangingMeasurementData) for VL53L0X_GetRangingMeasurementData
    vl53l0x_api.o(i.VL53L0X_PerformSingleRangingMeasurement) refers to vl53l0x_api.o(i.VL53L0X_ClearInterruptMask) for VL53L0X_ClearInterruptMask
    vl53l0x_api.o(i.VL53L0X_PerformXTalkCalibration) refers to vl53l0x_api_calibration.o(i.VL53L0X_perform_xtalk_calibration) for VL53L0X_perform_xtalk_calibration
    vl53l0x_api.o(i.VL53L0X_ResetDevice) refers to vl53l0x_platform.o(i.VL53L0X_WrByte) for VL53L0X_WrByte
    vl53l0x_api.o(i.VL53L0X_ResetDevice) refers to vl53l0x_platform.o(i.VL53L0X_RdByte) for VL53L0X_RdByte
    vl53l0x_api.o(i.VL53L0X_SetDeviceAddress) refers to vl53l0x_platform.o(i.VL53L0X_WrByte) for VL53L0X_WrByte
    vl53l0x_api.o(i.VL53L0X_SetDeviceParameters) refers to vl53l0x_api.o(i.VL53L0X_SetDeviceMode) for VL53L0X_SetDeviceMode
    vl53l0x_api.o(i.VL53L0X_SetDeviceParameters) refers to vl53l0x_api.o(i.VL53L0X_SetInterMeasurementPeriodMilliSeconds) for VL53L0X_SetInterMeasurementPeriodMilliSeconds
    vl53l0x_api.o(i.VL53L0X_SetDeviceParameters) refers to vl53l0x_api.o(i.VL53L0X_SetXTalkCompensationRateMegaCps) for VL53L0X_SetXTalkCompensationRateMegaCps
    vl53l0x_api.o(i.VL53L0X_SetDeviceParameters) refers to vl53l0x_api.o(i.VL53L0X_SetOffsetCalibrationDataMicroMeter) for VL53L0X_SetOffsetCalibrationDataMicroMeter
    vl53l0x_api.o(i.VL53L0X_SetDeviceParameters) refers to vl53l0x_api.o(i.VL53L0X_SetLimitCheckEnable) for VL53L0X_SetLimitCheckEnable
    vl53l0x_api.o(i.VL53L0X_SetDeviceParameters) refers to vl53l0x_api.o(i.VL53L0X_SetLimitCheckValue) for VL53L0X_SetLimitCheckValue
    vl53l0x_api.o(i.VL53L0X_SetDeviceParameters) refers to vl53l0x_api.o(i.VL53L0X_SetWrapAroundCheckEnable) for VL53L0X_SetWrapAroundCheckEnable
    vl53l0x_api.o(i.VL53L0X_SetDeviceParameters) refers to vl53l0x_api.o(i.VL53L0X_SetMeasurementTimingBudgetMicroSeconds) for VL53L0X_SetMeasurementTimingBudgetMicroSeconds
    vl53l0x_api.o(i.VL53L0X_SetDmaxCalParameters) refers to vl53l0x_api_core.o(i.VL53L0X_get_info_from_device) for VL53L0X_get_info_from_device
    vl53l0x_api.o(i.VL53L0X_SetGpioConfig) refers to vl53l0x_platform.o(i.VL53L0X_WrByte) for VL53L0X_WrByte
    vl53l0x_api.o(i.VL53L0X_SetGpioConfig) refers to vl53l0x_api_strings.o(i.__ARM_common_switch8) for __ARM_common_switch8
    vl53l0x_api.o(i.VL53L0X_SetGpioConfig) refers to vl53l0x_platform.o(i.VL53L0X_UpdateByte) for VL53L0X_UpdateByte
    vl53l0x_api.o(i.VL53L0X_SetGpioConfig) refers to vl53l0x_api.o(i.VL53L0X_ClearInterruptMask) for VL53L0X_ClearInterruptMask
    vl53l0x_api.o(i.VL53L0X_SetInterMeasurementPeriodMilliSeconds) refers to vl53l0x_platform.o(i.VL53L0X_RdWord) for VL53L0X_RdWord
    vl53l0x_api.o(i.VL53L0X_SetInterMeasurementPeriodMilliSeconds) refers to vl53l0x_platform.o(i.VL53L0X_WrDWord) for VL53L0X_WrDWord
    vl53l0x_api.o(i.VL53L0X_SetInterruptThresholds) refers to vl53l0x_platform.o(i.VL53L0X_WrWord) for VL53L0X_WrWord
    vl53l0x_api.o(i.VL53L0X_SetLimitCheckEnable) refers to vl53l0x_api_strings.o(i.__ARM_common_switch8) for __ARM_common_switch8
    vl53l0x_api.o(i.VL53L0X_SetLimitCheckEnable) refers to vl53l0x_platform.o(i.VL53L0X_WrWord) for VL53L0X_WrWord
    vl53l0x_api.o(i.VL53L0X_SetLimitCheckEnable) refers to vl53l0x_platform.o(i.VL53L0X_UpdateByte) for VL53L0X_UpdateByte
    vl53l0x_api.o(i.VL53L0X_SetLimitCheckValue) refers to vl53l0x_api_strings.o(i.__ARM_common_switch8) for __ARM_common_switch8
    vl53l0x_api.o(i.VL53L0X_SetLimitCheckValue) refers to vl53l0x_platform.o(i.VL53L0X_WrWord) for VL53L0X_WrWord
    vl53l0x_api.o(i.VL53L0X_SetLinearityCorrectiveGain) refers to vl53l0x_platform.o(i.VL53L0X_WrWord) for VL53L0X_WrWord
    vl53l0x_api.o(i.VL53L0X_SetMeasurementTimingBudgetMicroSeconds) refers to vl53l0x_api_core.o(i.VL53L0X_set_measurement_timing_budget_micro_seconds) for VL53L0X_set_measurement_timing_budget_micro_seconds
    vl53l0x_api.o(i.VL53L0X_SetOffsetCalibrationDataMicroMeter) refers to vl53l0x_api_calibration.o(i.VL53L0X_set_offset_calibration_data_micro_meter) for VL53L0X_set_offset_calibration_data_micro_meter
    vl53l0x_api.o(i.VL53L0X_SetPowerMode) refers to vl53l0x_platform.o(i.VL53L0X_WrByte) for VL53L0X_WrByte
    vl53l0x_api.o(i.VL53L0X_SetPowerMode) refers to vl53l0x_api.o(i.VL53L0X_StaticInit) for VL53L0X_StaticInit
    vl53l0x_api.o(i.VL53L0X_SetRangeFractionEnable) refers to vl53l0x_platform.o(i.VL53L0X_WrByte) for VL53L0X_WrByte
    vl53l0x_api.o(i.VL53L0X_SetRefCalibration) refers to vl53l0x_api_calibration.o(i.VL53L0X_set_ref_calibration) for VL53L0X_set_ref_calibration
    vl53l0x_api.o(i.VL53L0X_SetReferenceSpads) refers to vl53l0x_api_calibration.o(i.VL53L0X_set_reference_spads) for VL53L0X_set_reference_spads
    vl53l0x_api.o(i.VL53L0X_SetSequenceStepEnable) refers to vl53l0x_platform.o(i.VL53L0X_RdByte) for VL53L0X_RdByte
    vl53l0x_api.o(i.VL53L0X_SetSequenceStepEnable) refers to vl53l0x_api_strings.o(i.__ARM_common_switch8) for __ARM_common_switch8
    vl53l0x_api.o(i.VL53L0X_SetSequenceStepEnable) refers to vl53l0x_platform.o(i.VL53L0X_WrByte) for VL53L0X_WrByte
    vl53l0x_api.o(i.VL53L0X_SetSequenceStepEnable) refers to vl53l0x_api.o(i.VL53L0X_SetMeasurementTimingBudgetMicroSeconds) for VL53L0X_SetMeasurementTimingBudgetMicroSeconds
    vl53l0x_api.o(i.VL53L0X_SetSequenceStepTimeout) refers to vl53l0x_api_core.o(i.get_sequence_step_timeout) for get_sequence_step_timeout
    vl53l0x_api.o(i.VL53L0X_SetSequenceStepTimeout) refers to vl53l0x_api_core.o(i.set_sequence_step_timeout) for set_sequence_step_timeout
    vl53l0x_api.o(i.VL53L0X_SetSequenceStepTimeout) refers to vl53l0x_api.o(i.VL53L0X_SetMeasurementTimingBudgetMicroSeconds) for VL53L0X_SetMeasurementTimingBudgetMicroSeconds
    vl53l0x_api.o(i.VL53L0X_SetSpadAmbientDamperFactor) refers to vl53l0x_platform.o(i.VL53L0X_WrByte) for VL53L0X_WrByte
    vl53l0x_api.o(i.VL53L0X_SetSpadAmbientDamperThreshold) refers to vl53l0x_platform.o(i.VL53L0X_WrByte) for VL53L0X_WrByte
    vl53l0x_api.o(i.VL53L0X_SetSpadAmbientDamperThreshold) refers to vl53l0x_platform.o(i.VL53L0X_WrWord) for VL53L0X_WrWord
    vl53l0x_api.o(i.VL53L0X_SetVcselPulsePeriod) refers to vl53l0x_api_core.o(i.VL53L0X_set_vcsel_pulse_period) for VL53L0X_set_vcsel_pulse_period
    vl53l0x_api.o(i.VL53L0X_SetWrapAroundCheckEnable) refers to vl53l0x_platform.o(i.VL53L0X_RdByte) for VL53L0X_RdByte
    vl53l0x_api.o(i.VL53L0X_SetWrapAroundCheckEnable) refers to vl53l0x_platform.o(i.VL53L0X_WrByte) for VL53L0X_WrByte
    vl53l0x_api.o(i.VL53L0X_SetXTalkCompensationEnable) refers to vl53l0x_platform.o(i.VL53L0X_WrWord) for VL53L0X_WrWord
    vl53l0x_api.o(i.VL53L0X_SetXTalkCompensationRateMegaCps) refers to vl53l0x_platform.o(i.VL53L0X_WrWord) for VL53L0X_WrWord
    vl53l0x_api.o(i.VL53L0X_StartMeasurement) refers to vl53l0x_api.o(i.VL53L0X_GetDeviceMode) for VL53L0X_GetDeviceMode
    vl53l0x_api.o(i.VL53L0X_StartMeasurement) refers to vl53l0x_platform.o(i.VL53L0X_WrByte) for VL53L0X_WrByte
    vl53l0x_api.o(i.VL53L0X_StartMeasurement) refers to vl53l0x_platform.o(i.VL53L0X_RdByte) for VL53L0X_RdByte
    vl53l0x_api.o(i.VL53L0X_StartMeasurement) refers to vl53l0x_api.o(i.VL53L0X_CheckAndLoadInterruptSettings) for VL53L0X_CheckAndLoadInterruptSettings
    vl53l0x_api.o(i.VL53L0X_StaticInit) refers to rt_memclr.o(.text) for __aeabi_memclr4
    vl53l0x_api.o(i.VL53L0X_StaticInit) refers to vl53l0x_api_core.o(i.VL53L0X_get_info_from_device) for VL53L0X_get_info_from_device
    vl53l0x_api.o(i.VL53L0X_StaticInit) refers to vl53l0x_api_calibration.o(i.VL53L0X_perform_ref_spad_management) for VL53L0X_perform_ref_spad_management
    vl53l0x_api.o(i.VL53L0X_StaticInit) refers to vl53l0x_api_calibration.o(i.VL53L0X_set_reference_spads) for VL53L0X_set_reference_spads
    vl53l0x_api.o(i.VL53L0X_StaticInit) refers to vl53l0x_api_core.o(i.VL53L0X_load_tuning_settings) for VL53L0X_load_tuning_settings
    vl53l0x_api.o(i.VL53L0X_StaticInit) refers to vl53l0x_api.o(i.VL53L0X_SetGpioConfig) for VL53L0X_SetGpioConfig
    vl53l0x_api.o(i.VL53L0X_StaticInit) refers to vl53l0x_platform.o(i.VL53L0X_WrByte) for VL53L0X_WrByte
    vl53l0x_api.o(i.VL53L0X_StaticInit) refers to vl53l0x_platform.o(i.VL53L0X_RdWord) for VL53L0X_RdWord
    vl53l0x_api.o(i.VL53L0X_StaticInit) refers to vl53l0x_api.o(i.VL53L0X_GetDeviceParameters) for VL53L0X_GetDeviceParameters
    vl53l0x_api.o(i.VL53L0X_StaticInit) refers to vl53l0x_api.o(i.VL53L0X_GetFractionEnable) for VL53L0X_GetFractionEnable
    vl53l0x_api.o(i.VL53L0X_StaticInit) refers to rt_memcpy.o(.emb_text) for __aeabi_memcpy4
    vl53l0x_api.o(i.VL53L0X_StaticInit) refers to vl53l0x_platform.o(i.VL53L0X_RdByte) for VL53L0X_RdByte
    vl53l0x_api.o(i.VL53L0X_StaticInit) refers to vl53l0x_api.o(i.VL53L0X_SetSequenceStepEnable) for VL53L0X_SetSequenceStepEnable
    vl53l0x_api.o(i.VL53L0X_StaticInit) refers to vl53l0x_api.o(i.VL53L0X_GetVcselPulsePeriod) for VL53L0X_GetVcselPulsePeriod
    vl53l0x_api.o(i.VL53L0X_StaticInit) refers to vl53l0x_api.o(i.VL53L0X_GetSequenceStepTimeout) for VL53L0X_GetSequenceStepTimeout
    vl53l0x_api.o(i.VL53L0X_StaticInit) refers to vl53l0x_api.o(.data) for DefaultTuningSettings
    vl53l0x_api.o(i.VL53L0X_StopMeasurement) refers to vl53l0x_platform.o(i.VL53L0X_WrByte) for VL53L0X_WrByte
    vl53l0x_api.o(i.VL53L0X_StopMeasurement) refers to vl53l0x_api.o(i.VL53L0X_CheckAndLoadInterruptSettings) for VL53L0X_CheckAndLoadInterruptSettings
    vl53l0x_api.o(i.sequence_step_enabled) refers to vl53l0x_api_strings.o(i.__ARM_common_switch8) for __ARM_common_switch8
    vl53l0x_platform.o(i.VL53L0X_RdByte) refers to vl53l0x_i2c_comms.o(i.VL53L0X_read_byte) for VL53L0X_read_byte
    vl53l0x_platform.o(i.VL53L0X_RdDWord) refers to vl53l0x_i2c_comms.o(i.VL53L0X_read_dword) for VL53L0X_read_dword
    vl53l0x_platform.o(i.VL53L0X_RdWord) refers to vl53l0x_i2c_comms.o(i.VL53L0X_read_word) for VL53L0X_read_word
    vl53l0x_platform.o(i.VL53L0X_ReadMulti) refers to vl53l0x_i2c_comms.o(i.VL53L0X_read_multi) for VL53L0X_read_multi
    vl53l0x_platform.o(i.VL53L0X_UpdateByte) refers to vl53l0x_i2c_comms.o(i.VL53L0X_read_byte) for VL53L0X_read_byte
    vl53l0x_platform.o(i.VL53L0X_UpdateByte) refers to vl53l0x_i2c_comms.o(i.VL53L0X_write_byte) for VL53L0X_write_byte
    vl53l0x_platform.o(i.VL53L0X_WrByte) refers to vl53l0x_i2c_comms.o(i.VL53L0X_write_byte) for VL53L0X_write_byte
    vl53l0x_platform.o(i.VL53L0X_WrDWord) refers to vl53l0x_i2c_comms.o(i.VL53L0X_write_dword) for VL53L0X_write_dword
    vl53l0x_platform.o(i.VL53L0X_WrWord) refers to vl53l0x_i2c_comms.o(i.VL53L0X_write_word) for VL53L0X_write_word
    vl53l0x_platform.o(i.VL53L0X_WriteMulti) refers to vl53l0x_i2c_comms.o(i.VL53L0X_write_multi) for VL53L0X_write_multi
    vl53l0x_i2c_comms.o(i.VL53L0X_i2c_init) refers to i2c.o(i.GPIO_configuration) for GPIO_configuration
    vl53l0x_i2c_comms.o(i.VL53L0X_i2c_init) refers to i2c.o(i.i2c_configuration) for i2c_configuration
    vl53l0x_i2c_comms.o(i.VL53L0X_read_byte) refers to i2c.o(i.I2C_Read_Reg) for I2C_Read_Reg
    vl53l0x_i2c_comms.o(i.VL53L0X_read_dword) refers to i2c.o(i.I2C_Read_Reg32bit) for I2C_Read_Reg32bit
    vl53l0x_i2c_comms.o(i.VL53L0X_read_multi) refers to i2c.o(i.I2C_Read_MultiReg) for I2C_Read_MultiReg
    vl53l0x_i2c_comms.o(i.VL53L0X_read_word) refers to i2c.o(i.I2C_Read_Reg16bit) for I2C_Read_Reg16bit
    vl53l0x_i2c_comms.o(i.VL53L0X_write_byte) refers to i2c.o(i.I2C_Write_Reg) for I2C_Write_Reg
    vl53l0x_i2c_comms.o(i.VL53L0X_write_dword) refers to i2c.o(i.I2C_Write_Reg32bit) for I2C_Write_Reg32bit
    vl53l0x_i2c_comms.o(i.VL53L0X_write_multi) refers to i2c.o(i.I2C_Write_MultiReg) for I2C_Write_MultiReg
    vl53l0x_i2c_comms.o(i.VL53L0X_write_word) refers to i2c.o(i.I2C_Write_Reg16bit) for I2C_Write_Reg16bit
    startup_stm32f030x6.o(STACK) refers (Special) to heapauxi.o(.text) for __use_two_region_memory
    startup_stm32f030x6.o(HEAP) refers (Special) to heapauxi.o(.text) for __use_two_region_memory
    startup_stm32f030x6.o(RESET) refers (Special) to heapauxi.o(.text) for __use_two_region_memory
    startup_stm32f030x6.o(RESET) refers to startup_stm32f030x6.o(STACK) for __initial_sp
    startup_stm32f030x6.o(RESET) refers to startup_stm32f030x6.o(.text) for Reset_Handler
    startup_stm32f030x6.o(RESET) refers to delay.o(i.SysTick_Handler) for SysTick_Handler
    startup_stm32f030x6.o(RESET) refers to uart.o(i.USART1_IRQHandler) for USART1_IRQHandler
    startup_stm32f030x6.o(.text) refers (Special) to heapauxi.o(.text) for __use_two_region_memory
    startup_stm32f030x6.o(.text) refers to system_stm32f0xx.o(i.SystemInit) for SystemInit
    startup_stm32f030x6.o(.text) refers to __main.o(!!!main) for __main
    startup_stm32f030x6.o(.text) refers to startup_stm32f030x6.o(HEAP) for Heap_Mem
    startup_stm32f030x6.o(.text) refers to startup_stm32f030x6.o(STACK) for Stack_Mem
    system_stm32f0xx.o(i.SystemCoreClockUpdate) refers to aeabi_sdiv.o(.text) for __aeabi_uidivmod
    system_stm32f0xx.o(i.SystemCoreClockUpdate) refers to system_stm32f0xx.o(.data) for SystemCoreClock
    system_stm32f0xx.o(i.SystemCoreClockUpdate) refers to system_stm32f0xx.o(.constdata) for AHBPrescTable
    rt_memcpy.o(.text) refers to rt_memcpy.o(.emb_text) for __aeabi_memcpy4
    __main.o(!!!main) refers to __rtentry.o(.ARM.Collect$$rtentry$$00000000) for __rt_entry
    __rtentry.o(.ARM.Collect$$rtentry$$00000000) refers (Special) to __rtentry2.o(.ARM.Collect$$rtentry$$0000000A) for __rt_entry_li
    __rtentry.o(.ARM.Collect$$rtentry$$00000000) refers (Special) to __rtentry2.o(.ARM.Collect$$rtentry$$0000000D) for __rt_entry_main
    __rtentry.o(.ARM.Collect$$rtentry$$00000000) refers (Special) to __rtentry2.o(.ARM.Collect$$rtentry$$0000000C) for __rt_entry_postli_1
    __rtentry.o(.ARM.Collect$$rtentry$$00000000) refers (Special) to __rtentry2.o(.ARM.Collect$$rtentry$$00000009) for __rt_entry_postsh_1
    __rtentry.o(.ARM.Collect$$rtentry$$00000000) refers (Special) to __rtentry2.o(.ARM.Collect$$rtentry$$00000002) for __rt_entry_presh_1
    __rtentry.o(.ARM.Collect$$rtentry$$00000000) refers (Special) to __rtentry4.o(.ARM.Collect$$rtentry$$00000004) for __rt_entry_sh
    aeabi_idiv0_sigfpe.o(.text) refers to rt_div0.o(.text) for __rt_div0
    aeabi_ldiv0_sigfpe.o(.text) refers to rt_div0.o(.text) for __rt_div0
    __rtentry2.o(.ARM.Collect$$rtentry$$00000008) refers to boardinit2.o(.text) for _platform_post_stackheap_init
    __rtentry2.o(.ARM.Collect$$rtentry$$0000000A) refers to libinit.o(.ARM.Collect$$libinit$$00000000) for __rt_lib_init
    __rtentry2.o(.ARM.Collect$$rtentry$$0000000B) refers to boardinit3.o(.text) for _platform_post_lib_init
    __rtentry2.o(.ARM.Collect$$rtentry$$0000000D) refers to main.o(i.main) for main
    __rtentry2.o(.ARM.Collect$$rtentry$$0000000D) refers to exit.o(.text) for exit
    __rtentry2.o(.ARM.exidx) refers to __rtentry2.o(.ARM.Collect$$rtentry$$00000001) for .ARM.Collect$$rtentry$$00000001
    __rtentry2.o(.ARM.exidx) refers to __rtentry2.o(.ARM.Collect$$rtentry$$00000008) for .ARM.Collect$$rtentry$$00000008
    __rtentry2.o(.ARM.exidx) refers to __rtentry2.o(.ARM.Collect$$rtentry$$0000000A) for .ARM.Collect$$rtentry$$0000000A
    __rtentry2.o(.ARM.exidx) refers to __rtentry2.o(.ARM.Collect$$rtentry$$0000000B) for .ARM.Collect$$rtentry$$0000000B
    __rtentry2.o(.ARM.exidx) refers to __rtentry2.o(.ARM.Collect$$rtentry$$0000000D) for .ARM.Collect$$rtentry$$0000000D
    __rtentry4.o(.ARM.Collect$$rtentry$$00000004) refers to sys_stackheap_outer.o(.text) for __user_setup_stackheap
    __rtentry4.o(.ARM.exidx) refers to __rtentry4.o(.ARM.Collect$$rtentry$$00000004) for .ARM.Collect$$rtentry$$00000004
    rt_div0.o(.text) refers to defsig_fpe_outer.o(.text) for __rt_SIGFPE
    sys_stackheap_outer.o(.text) refers to libspace.o(.text) for __user_perproc_libspace
    sys_stackheap_outer.o(.text) refers to startup_stm32f030x6.o(.text) for __user_initial_stackheap
    sys_stackheap_outer.o(__vectab_stack_and_reset_area) refers to tempstk.o(.text) for __temporary_stack_top
    sys_stackheap_outer.o(__vectab_stack_and_reset_area) refers to __main.o(!!!main) for __main
    exit.o(.text) refers to rtexit.o(.ARM.Collect$$rtexit$$00000000) for __rt_exit
    defsig_fpe_outer.o(.text) refers to defsig_fpe_inner.o(.text) for __rt_SIGFPE_inner
    defsig_fpe_outer.o(.text) refers to defsig_exit.o(.text) for __sig_exit
    defsig_fpe_formal.o(.text) refers to rt_raise.o(.text) for __rt_raise
    libinit.o(.ARM.Collect$$libinit$$00000000) refers (Special) to libinit2.o(.ARM.Collect$$libinit$$0000002E) for __rt_lib_init_alloca_1
    libinit.o(.ARM.Collect$$libinit$$00000000) refers (Special) to libinit2.o(.ARM.Collect$$libinit$$0000002C) for __rt_lib_init_argv_1
    libinit.o(.ARM.Collect$$libinit$$00000000) refers (Special) to libinit2.o(.ARM.Collect$$libinit$$0000001B) for __rt_lib_init_atexit_1
    libinit.o(.ARM.Collect$$libinit$$00000000) refers (Special) to libinit2.o(.ARM.Collect$$libinit$$00000021) for __rt_lib_init_clock_1
    libinit.o(.ARM.Collect$$libinit$$00000000) refers (Special) to libinit2.o(.ARM.Collect$$libinit$$00000032) for __rt_lib_init_cpp_1
    libinit.o(.ARM.Collect$$libinit$$00000000) refers (Special) to libinit2.o(.ARM.Collect$$libinit$$00000030) for __rt_lib_init_exceptions_1
    libinit.o(.ARM.Collect$$libinit$$00000000) refers (Special) to libinit2.o(.ARM.Collect$$libinit$$00000002) for __rt_lib_init_fp_1
    libinit.o(.ARM.Collect$$libinit$$00000000) refers (Special) to libinit2.o(.ARM.Collect$$libinit$$0000001F) for __rt_lib_init_fp_trap_1
    libinit.o(.ARM.Collect$$libinit$$00000000) refers (Special) to libinit2.o(.ARM.Collect$$libinit$$00000023) for __rt_lib_init_getenv_1
    libinit.o(.ARM.Collect$$libinit$$00000000) refers (Special) to libinit2.o(.ARM.Collect$$libinit$$0000000A) for __rt_lib_init_heap_1
    libinit.o(.ARM.Collect$$libinit$$00000000) refers (Special) to libinit2.o(.ARM.Collect$$libinit$$00000011) for __rt_lib_init_lc_collate_1
    libinit.o(.ARM.Collect$$libinit$$00000000) refers (Special) to libinit2.o(.ARM.Collect$$libinit$$00000013) for __rt_lib_init_lc_ctype_1
    libinit.o(.ARM.Collect$$libinit$$00000000) refers (Special) to libinit2.o(.ARM.Collect$$libinit$$00000015) for __rt_lib_init_lc_monetary_1
    libinit.o(.ARM.Collect$$libinit$$00000000) refers (Special) to libinit2.o(.ARM.Collect$$libinit$$00000017) for __rt_lib_init_lc_numeric_1
    libinit.o(.ARM.Collect$$libinit$$00000000) refers (Special) to libinit2.o(.ARM.Collect$$libinit$$00000019) for __rt_lib_init_lc_time_1
    libinit.o(.ARM.Collect$$libinit$$00000000) refers (Special) to libinit2.o(.ARM.Collect$$libinit$$00000004) for __rt_lib_init_preinit_1
    libinit.o(.ARM.Collect$$libinit$$00000000) refers (Special) to libinit2.o(.ARM.Collect$$libinit$$0000000E) for __rt_lib_init_rand_1
    libinit.o(.ARM.Collect$$libinit$$00000000) refers (Special) to libinit2.o(.ARM.Collect$$libinit$$00000033) for __rt_lib_init_return
    libinit.o(.ARM.Collect$$libinit$$00000000) refers (Special) to libinit2.o(.ARM.Collect$$libinit$$0000001D) for __rt_lib_init_signal_1
    libinit.o(.ARM.Collect$$libinit$$00000000) refers (Special) to libinit2.o(.ARM.Collect$$libinit$$00000025) for __rt_lib_init_stdio_1
    libinit.o(.ARM.Collect$$libinit$$00000000) refers (Special) to libinit2.o(.ARM.Collect$$libinit$$0000000C) for __rt_lib_init_user_alloc_1
    libspace.o(.text) refers to libspace.o(.bss) for __libspace_start
    rtexit.o(.ARM.Collect$$rtexit$$00000000) refers (Special) to rtexit2.o(.ARM.Collect$$rtexit$$00000004) for __rt_exit_exit
    rtexit.o(.ARM.Collect$$rtexit$$00000000) refers (Special) to rtexit2.o(.ARM.Collect$$rtexit$$00000003) for __rt_exit_ls
    rtexit.o(.ARM.Collect$$rtexit$$00000000) refers (Special) to rtexit2.o(.ARM.Collect$$rtexit$$00000002) for __rt_exit_prels_1
    rtexit.o(.ARM.exidx) refers (Special) to rtexit2.o(.ARM.Collect$$rtexit$$00000004) for __rt_exit_exit
    rtexit.o(.ARM.exidx) refers (Special) to rtexit2.o(.ARM.Collect$$rtexit$$00000003) for __rt_exit_ls
    rtexit.o(.ARM.exidx) refers (Special) to rtexit2.o(.ARM.Collect$$rtexit$$00000002) for __rt_exit_prels_1
    rtexit.o(.ARM.exidx) refers to rtexit.o(.ARM.Collect$$rtexit$$00000000) for .ARM.Collect$$rtexit$$00000000
    rt_raise.o(.text) refers to __raise.o(.text) for __raise
    rt_raise.o(.text) refers to sys_exit.o(.text) for _sys_exit
    defsig_exit.o(.text) refers to sys_exit.o(.text) for _sys_exit
    defsig_fpe_inner.o(.text) refers to defsig_general.o(.text) for __default_signal_display
    libinit2.o(.ARM.Collect$$libinit$$00000010) refers to libinit2.o(.ARM.Collect$$libinit$$0000000F) for .ARM.Collect$$libinit$$0000000F
    libinit2.o(.ARM.Collect$$libinit$$00000012) refers to libinit2.o(.ARM.Collect$$libinit$$0000000F) for .ARM.Collect$$libinit$$0000000F
    libinit2.o(.ARM.Collect$$libinit$$00000014) refers to libinit2.o(.ARM.Collect$$libinit$$0000000F) for .ARM.Collect$$libinit$$0000000F
    libinit2.o(.ARM.Collect$$libinit$$00000016) refers to libinit2.o(.ARM.Collect$$libinit$$0000000F) for .ARM.Collect$$libinit$$0000000F
    libinit2.o(.ARM.Collect$$libinit$$00000018) refers to libinit2.o(.ARM.Collect$$libinit$$0000000F) for .ARM.Collect$$libinit$$0000000F
    libinit2.o(.ARM.Collect$$libinit$$00000026) refers to argv_veneer.o(.text) for __ARM_argv_veneer
    libinit2.o(.ARM.Collect$$libinit$$00000027) refers to argv_veneer.o(.text) for __ARM_argv_veneer
    sys_exit.o(.text) refers (Special) to use_no_semi.o(.text) for __I$use$semihosting
    sys_exit.o(.text) refers (Special) to indicate_semi.o(.text) for __semihosting_library_function
    rtexit2.o(.ARM.Collect$$rtexit$$00000003) refers to libshutdown.o(.ARM.Collect$$libshutdown$$00000000) for __rt_lib_shutdown
    rtexit2.o(.ARM.Collect$$rtexit$$00000004) refers to sys_exit.o(.text) for _sys_exit
    rtexit2.o(.ARM.exidx) refers to rtexit2.o(.ARM.Collect$$rtexit$$00000001) for .ARM.Collect$$rtexit$$00000001
    rtexit2.o(.ARM.exidx) refers to rtexit2.o(.ARM.Collect$$rtexit$$00000003) for .ARM.Collect$$rtexit$$00000003
    rtexit2.o(.ARM.exidx) refers to rtexit2.o(.ARM.Collect$$rtexit$$00000004) for .ARM.Collect$$rtexit$$00000004
    __raise.o(.text) refers to defsig.o(CL$$defsig) for __default_signal_handler
    defsig_general.o(.text) refers to sys_wrch.o(.text) for _ttywrch
    sys_wrch.o(.text) refers (Special) to use_no_semi.o(.text) for __I$use$semihosting
    sys_wrch.o(.text) refers (Special) to indicate_semi.o(.text) for __semihosting_library_function
    defsig.o(CL$$defsig) refers to defsig_fpe_inner.o(.text) for __rt_SIGFPE_inner
    defsig.o(CL$$defsig) refers to defsig_rtmem_inner.o(.text) for __rt_SIGRTMEM_inner
    _get_argv_nomalloc.o(.text) refers (Special) to hrguard.o(.text) for __heap_region$guard
    _get_argv_nomalloc.o(.text) refers to defsig_rtmem_outer.o(.text) for __rt_SIGRTMEM
    _get_argv_nomalloc.o(.text) refers to sys_command.o(.text) for _sys_command_string
    libshutdown.o(.ARM.Collect$$libshutdown$$00000000) refers (Special) to libshutdown2.o(.ARM.Collect$$libshutdown$$00000002) for __rt_lib_shutdown_cpp_1
    libshutdown.o(.ARM.Collect$$libshutdown$$00000000) refers (Special) to libshutdown2.o(.ARM.Collect$$libshutdown$$00000007) for __rt_lib_shutdown_fp_trap_1
    libshutdown.o(.ARM.Collect$$libshutdown$$00000000) refers (Special) to libshutdown2.o(.ARM.Collect$$libshutdown$$0000000F) for __rt_lib_shutdown_heap_1
    libshutdown.o(.ARM.Collect$$libshutdown$$00000000) refers (Special) to libshutdown2.o(.ARM.Collect$$libshutdown$$00000010) for __rt_lib_shutdown_return
    libshutdown.o(.ARM.Collect$$libshutdown$$00000000) refers (Special) to libshutdown2.o(.ARM.Collect$$libshutdown$$0000000A) for __rt_lib_shutdown_signal_1
    libshutdown.o(.ARM.Collect$$libshutdown$$00000000) refers (Special) to libshutdown2.o(.ARM.Collect$$libshutdown$$00000004) for __rt_lib_shutdown_stdio_1
    libshutdown.o(.ARM.Collect$$libshutdown$$00000000) refers (Special) to libshutdown2.o(.ARM.Collect$$libshutdown$$0000000C) for __rt_lib_shutdown_user_alloc_1
    sys_command.o(.text) refers (Special) to use_no_semi.o(.text) for __I$use$semihosting
    sys_command.o(.text) refers (Special) to indicate_semi.o(.text) for __semihosting_library_function
    defsig_abrt_inner.o(.text) refers to defsig_general.o(.text) for __default_signal_display
    defsig_rtred_inner.o(.text) refers to defsig_general.o(.text) for __default_signal_display
    defsig_rtmem_inner.o(.text) refers to defsig_general.o(.text) for __default_signal_display
    defsig_rtmem_outer.o(.text) refers to defsig_rtmem_inner.o(.text) for __rt_SIGRTMEM_inner
    defsig_rtmem_outer.o(.text) refers to defsig_exit.o(.text) for __sig_exit
    defsig_rtmem_formal.o(.text) refers to rt_raise.o(.text) for __rt_raise
    defsig_stak_inner.o(.text) refers to defsig_general.o(.text) for __default_signal_display
    defsig_pvfn_inner.o(.text) refers to defsig_general.o(.text) for __default_signal_display
    defsig_cppl_inner.o(.text) refers to defsig_general.o(.text) for __default_signal_display
    defsig_segv_inner.o(.text) refers to defsig_general.o(.text) for __default_signal_display
    defsig_other.o(.text) refers to defsig_general.o(.text) for __default_signal_display


==============================================================================

Removing Unused input sections from the image.

    Removing stm32f0xx_gpio.o(.rev16_text), (4 bytes).
    Removing stm32f0xx_gpio.o(.revsh_text), (4 bytes).
    Removing stm32f0xx_gpio.o(i.GPIO_DeInit), (176 bytes).
    Removing stm32f0xx_gpio.o(i.GPIO_PinLockConfig), (34 bytes).
    Removing stm32f0xx_gpio.o(i.GPIO_ReadInputData), (6 bytes).
    Removing stm32f0xx_gpio.o(i.GPIO_ReadInputDataBit), (20 bytes).
    Removing stm32f0xx_gpio.o(i.GPIO_ReadOutputData), (6 bytes).
    Removing stm32f0xx_gpio.o(i.GPIO_ReadOutputDataBit), (20 bytes).
    Removing stm32f0xx_gpio.o(i.GPIO_ResetBits), (4 bytes).
    Removing stm32f0xx_gpio.o(i.GPIO_SetBits), (4 bytes).
    Removing stm32f0xx_gpio.o(i.GPIO_StructInit), (24 bytes).
    Removing stm32f0xx_gpio.o(i.GPIO_Write), (4 bytes).
    Removing stm32f0xx_gpio.o(i.GPIO_WriteBit), (12 bytes).
    Removing stm32f0xx_rcc.o(.rev16_text), (4 bytes).
    Removing stm32f0xx_rcc.o(.revsh_text), (4 bytes).
    Removing stm32f0xx_rcc.o(i.RCC_ADCCLKConfig), (56 bytes).
    Removing stm32f0xx_rcc.o(i.RCC_AHBPeriphResetCmd), (32 bytes).
    Removing stm32f0xx_rcc.o(i.RCC_APB1PeriphResetCmd), (32 bytes).
    Removing stm32f0xx_rcc.o(i.RCC_APB2PeriphClockCmd), (32 bytes).
    Removing stm32f0xx_rcc.o(i.RCC_APB2PeriphResetCmd), (32 bytes).
    Removing stm32f0xx_rcc.o(i.RCC_AdjustHSI14CalibrationValue), (32 bytes).
    Removing stm32f0xx_rcc.o(i.RCC_AdjustHSICalibrationValue), (32 bytes).
    Removing stm32f0xx_rcc.o(i.RCC_BackupResetCmd), (40 bytes).
    Removing stm32f0xx_rcc.o(i.RCC_CECCLKConfig), (28 bytes).
    Removing stm32f0xx_rcc.o(i.RCC_ClearFlag), (20 bytes).
    Removing stm32f0xx_rcc.o(i.RCC_ClearITPendingBit), (12 bytes).
    Removing stm32f0xx_rcc.o(i.RCC_ClockSecuritySystemCmd), (40 bytes).
    Removing stm32f0xx_rcc.o(i.RCC_GetClocksFreq), (584 bytes).
    Removing stm32f0xx_rcc.o(i.RCC_GetFlagStatus), (72 bytes).
    Removing stm32f0xx_rcc.o(i.RCC_GetITStatus), (28 bytes).
    Removing stm32f0xx_rcc.o(i.RCC_HSEConfig), (16 bytes).
    Removing stm32f0xx_rcc.o(i.RCC_HSI14ADCRequestCmd), (36 bytes).
    Removing stm32f0xx_rcc.o(i.RCC_HSI14Cmd), (36 bytes).
    Removing stm32f0xx_rcc.o(i.RCC_HSI48Cmd), (40 bytes).
    Removing stm32f0xx_rcc.o(i.RCC_I2CCLKConfig), (28 bytes).
    Removing stm32f0xx_rcc.o(i.RCC_ITConfig), (32 bytes).
    Removing stm32f0xx_rcc.o(i.RCC_LSEConfig), (40 bytes).
    Removing stm32f0xx_rcc.o(i.RCC_LSEDriveConfig), (28 bytes).
    Removing stm32f0xx_rcc.o(i.RCC_LSICmd), (36 bytes).
    Removing stm32f0xx_rcc.o(i.RCC_MCOConfig), (28 bytes).
    Removing stm32f0xx_rcc.o(i.RCC_PLLCmd), (40 bytes).
    Removing stm32f0xx_rcc.o(i.RCC_PLLConfig), (36 bytes).
    Removing stm32f0xx_rcc.o(i.RCC_PREDIV1Config), (28 bytes).
    Removing stm32f0xx_rcc.o(i.RCC_RTCCLKCmd), (40 bytes).
    Removing stm32f0xx_rcc.o(i.RCC_RTCCLKConfig), (16 bytes).
    Removing stm32f0xx_rcc.o(i.RCC_USARTCLKConfig), (72 bytes).
    Removing stm32f0xx_rcc.o(i.RCC_USBCLKConfig), (28 bytes).
    Removing stm32f0xx_rcc.o(i.RCC_WaitForHSEStartUp), (60 bytes).
    Removing stm32f0xx_rcc.o(.data), (16 bytes).
    Removing stm32f0xx_i2c.o(.rev16_text), (4 bytes).
    Removing stm32f0xx_i2c.o(.revsh_text), (4 bytes).
    Removing stm32f0xx_i2c.o(i.I2C_10BitAddressHeaderCmd), (28 bytes).
    Removing stm32f0xx_i2c.o(i.I2C_10BitAddressingModeCmd), (28 bytes).
    Removing stm32f0xx_i2c.o(i.I2C_AcknowledgeConfig), (28 bytes).
    Removing stm32f0xx_i2c.o(i.I2C_AutoEndCmd), (28 bytes).
    Removing stm32f0xx_i2c.o(i.I2C_CalculatePEC), (28 bytes).
    Removing stm32f0xx_i2c.o(i.I2C_ClearITPendingBit), (4 bytes).
    Removing stm32f0xx_i2c.o(i.I2C_ClockTimeoutCmd), (28 bytes).
    Removing stm32f0xx_i2c.o(i.I2C_DMACmd), (20 bytes).
    Removing stm32f0xx_i2c.o(i.I2C_DeInit), (56 bytes).
    Removing stm32f0xx_i2c.o(i.I2C_DualAddressCmd), (28 bytes).
    Removing stm32f0xx_i2c.o(i.I2C_ExtendedClockTimeoutCmd), (26 bytes).
    Removing stm32f0xx_i2c.o(i.I2C_GeneralCallCmd), (28 bytes).
    Removing stm32f0xx_i2c.o(i.I2C_GenerateSTART), (28 bytes).
    Removing stm32f0xx_i2c.o(i.I2C_GetAddressMatched), (14 bytes).
    Removing stm32f0xx_i2c.o(i.I2C_GetITStatus), (78 bytes).
    Removing stm32f0xx_i2c.o(i.I2C_GetPEC), (8 bytes).
    Removing stm32f0xx_i2c.o(i.I2C_GetTransferDirection), (30 bytes).
    Removing stm32f0xx_i2c.o(i.I2C_ITConfig), (20 bytes).
    Removing stm32f0xx_i2c.o(i.I2C_IdleClockTimeoutCmd), (28 bytes).
    Removing stm32f0xx_i2c.o(i.I2C_MasterRequestConfig), (28 bytes).
    Removing stm32f0xx_i2c.o(i.I2C_NumberOfBytesConfig), (28 bytes).
    Removing stm32f0xx_i2c.o(i.I2C_OwnAddress2Config), (36 bytes).
    Removing stm32f0xx_i2c.o(i.I2C_PECRequestCmd), (28 bytes).
    Removing stm32f0xx_i2c.o(i.I2C_ReadRegister), (22 bytes).
    Removing stm32f0xx_i2c.o(i.I2C_ReloadCmd), (28 bytes).
    Removing stm32f0xx_i2c.o(i.I2C_SMBusAlertCmd), (28 bytes).
    Removing stm32f0xx_i2c.o(i.I2C_SlaveAddressConfig), (20 bytes).
    Removing stm32f0xx_i2c.o(i.I2C_SlaveByteControlCmd), (28 bytes).
    Removing stm32f0xx_i2c.o(i.I2C_SoftwareResetCmd), (20 bytes).
    Removing stm32f0xx_i2c.o(i.I2C_StopModeCmd), (28 bytes).
    Removing stm32f0xx_i2c.o(i.I2C_StretchClockCmd), (28 bytes).
    Removing stm32f0xx_i2c.o(i.I2C_StructInit), (24 bytes).
    Removing stm32f0xx_i2c.o(i.I2C_TimeoutAConfig), (20 bytes).
    Removing stm32f0xx_i2c.o(i.I2C_TimeoutBConfig), (32 bytes).
    Removing main.o(.rev16_text), (4 bytes).
    Removing main.o(.revsh_text), (4 bytes).
    Removing i2c.o(.rev16_text), (4 bytes).
    Removing i2c.o(.revsh_text), (4 bytes).
    Removing i2c.o(i.I2C_Write_Reg32bit), (208 bytes).
    Removing delay.o(.rev16_text), (4 bytes).
    Removing delay.o(.revsh_text), (4 bytes).
    Removing delay.o(i.SysTick24), (12 bytes).
    Removing delay.o(i.SysTick64), (36 bytes).
    Removing delay.o(i.SysTick_Micros), (18 bytes).
    Removing delay.o(i.SysTick_Millis), (20 bytes).
    Removing adafruit_vl53l0x.o(.rev16_text), (4 bytes).
    Removing adafruit_vl53l0x.o(.revsh_text), (4 bytes).
    Removing adafruit_vl53l0x.o(i.setAddress), (64 bytes).
    Removing uart.o(.rev16_text), (4 bytes).
    Removing uart.o(.revsh_text), (4 bytes).
    Removing uart.o(i.UART1_config), (172 bytes).
    Removing uart.o(i._write), (48 bytes).
    Removing vl53l0x_api_strings.o(.rev16_text), (4 bytes).
    Removing vl53l0x_api_strings.o(.revsh_text), (4 bytes).
    Removing vl53l0x_api_strings.o(i.VL53L0X_get_device_error_string), (560 bytes).
    Removing vl53l0x_api_strings.o(i.VL53L0X_get_limit_check_info), (248 bytes).
    Removing vl53l0x_api_strings.o(i.VL53L0X_get_pal_error_string), (708 bytes).
    Removing vl53l0x_api_strings.o(i.VL53L0X_get_pal_state_string), (244 bytes).
    Removing vl53l0x_api_strings.o(i.VL53L0X_get_sequence_steps_info), (124 bytes).
    Removing vl53l0x_api_ranging.o(.rev16_text), (4 bytes).
    Removing vl53l0x_api_ranging.o(.revsh_text), (4 bytes).
    Removing vl53l0x_api_core.o(.rev16_text), (4 bytes).
    Removing vl53l0x_api_core.o(.revsh_text), (4 bytes).
    Removing vl53l0x_api_core.o(i.VL53L0X_encode_vcsel_period), (12 bytes).
    Removing vl53l0x_api_core.o(i.VL53L0X_quadrature_sum), (48 bytes).
    Removing vl53l0x_api_core.o(i.VL53L0X_reverse_bytes), (34 bytes).
    Removing vl53l0x_api_core.o(i.VL53L0X_set_vcsel_pulse_period), (790 bytes).
    Removing vl53l0x_api_calibration.o(.rev16_text), (4 bytes).
    Removing vl53l0x_api_calibration.o(.revsh_text), (4 bytes).
    Removing vl53l0x_api_calibration.o(i.VL53L0X_apply_offset_adjustment), (64 bytes).
    Removing vl53l0x_api_calibration.o(i.VL53L0X_get_ref_calibration), (48 bytes).
    Removing vl53l0x_api_calibration.o(i.VL53L0X_get_reference_spads), (136 bytes).
    Removing vl53l0x_api_calibration.o(i.VL53L0X_perform_offset_calibration), (260 bytes).
    Removing vl53l0x_api_calibration.o(i.VL53L0X_perform_xtalk_calibration), (330 bytes).
    Removing vl53l0x_api_calibration.o(i.VL53L0X_set_offset_calibration_data_micro_meter), (88 bytes).
    Removing vl53l0x_api_calibration.o(i.VL53L0X_set_ref_calibration), (46 bytes).
    Removing vl53l0x_api_calibration.o(i.count_enabled_spads), (184 bytes).
    Removing vl53l0x_api.o(.rev16_text), (4 bytes).
    Removing vl53l0x_api.o(.revsh_text), (4 bytes).
    Removing vl53l0x_api.o(i.VL53L0X_EnableInterruptMask), (8 bytes).
    Removing vl53l0x_api.o(i.VL53L0X_GetDeviceErrorStatus), (36 bytes).
    Removing vl53l0x_api.o(i.VL53L0X_GetDeviceErrorString), (22 bytes).
    Removing vl53l0x_api.o(i.VL53L0X_GetDmaxCalParameters), (24 bytes).
    Removing vl53l0x_api.o(i.VL53L0X_GetGpioConfig), (164 bytes).
    Removing vl53l0x_api.o(i.VL53L0X_GetHistogramMeasurementData), (8 bytes).
    Removing vl53l0x_api.o(i.VL53L0X_GetHistogramMode), (8 bytes).
    Removing vl53l0x_api.o(i.VL53L0X_GetLimitCheckInfo), (26 bytes).
    Removing vl53l0x_api.o(i.VL53L0X_GetLimitCheckStatus), (24 bytes).
    Removing vl53l0x_api.o(i.VL53L0X_GetLinearityCorrectiveGain), (14 bytes).
    Removing vl53l0x_api.o(i.VL53L0X_GetMaxNumberOfROIZones), (10 bytes).
    Removing vl53l0x_api.o(i.VL53L0X_GetMeasurementRefSignal), (14 bytes).
    Removing vl53l0x_api.o(i.VL53L0X_GetNumberOfLimitCheck), (10 bytes).
    Removing vl53l0x_api.o(i.VL53L0X_GetNumberOfROIZones), (10 bytes).
    Removing vl53l0x_api.o(i.VL53L0X_GetNumberOfSequenceSteps), (10 bytes).
    Removing vl53l0x_api.o(i.VL53L0X_GetPalErrorString), (22 bytes).
    Removing vl53l0x_api.o(i.VL53L0X_GetPalSpecVersion), (24 bytes).
    Removing vl53l0x_api.o(i.VL53L0X_GetPalState), (14 bytes).
    Removing vl53l0x_api.o(i.VL53L0X_GetPalStateString), (22 bytes).
    Removing vl53l0x_api.o(i.VL53L0X_GetPowerMode), (54 bytes).
    Removing vl53l0x_api.o(i.VL53L0X_GetProductRevision), (42 bytes).
    Removing vl53l0x_api.o(i.VL53L0X_GetRefCalibration), (26 bytes).
    Removing vl53l0x_api.o(i.VL53L0X_GetReferenceSpads), (26 bytes).
    Removing vl53l0x_api.o(i.VL53L0X_GetSequenceStepEnable), (50 bytes).
    Removing vl53l0x_api.o(i.VL53L0X_GetSequenceStepsInfo), (22 bytes).
    Removing vl53l0x_api.o(i.VL53L0X_GetSpadAmbientDamperFactor), (54 bytes).
    Removing vl53l0x_api.o(i.VL53L0X_GetSpadAmbientDamperThreshold), (48 bytes).
    Removing vl53l0x_api.o(i.VL53L0X_GetStopCompletedStatus), (162 bytes).
    Removing vl53l0x_api.o(i.VL53L0X_GetTotalSignalRate), (40 bytes).
    Removing vl53l0x_api.o(i.VL53L0X_GetTuningSettingBuffer), (24 bytes).
    Removing vl53l0x_api.o(i.VL53L0X_GetUpperLimitMilliMeter), (8 bytes).
    Removing vl53l0x_api.o(i.VL53L0X_GetVersion), (28 bytes).
    Removing vl53l0x_api.o(i.VL53L0X_PerformOffsetCalibration), (26 bytes).
    Removing vl53l0x_api.o(i.VL53L0X_PerformSingleHistogramMeasurement), (8 bytes).
    Removing vl53l0x_api.o(i.VL53L0X_PerformXTalkCalibration), (26 bytes).
    Removing vl53l0x_api.o(i.VL53L0X_PerformXTalkMeasurement), (10 bytes).
    Removing vl53l0x_api.o(i.VL53L0X_ResetDevice), (98 bytes).
    Removing vl53l0x_api.o(i.VL53L0X_SetDeviceAddress), (32 bytes).
    Removing vl53l0x_api.o(i.VL53L0X_SetDeviceParameters), (156 bytes).
    Removing vl53l0x_api.o(i.VL53L0X_SetDmaxCalParameters), (66 bytes).
    Removing vl53l0x_api.o(i.VL53L0X_SetGroupParamHold), (8 bytes).
    Removing vl53l0x_api.o(i.VL53L0X_SetHistogramMode), (8 bytes).
    Removing vl53l0x_api.o(i.VL53L0X_SetInterMeasurementPeriodMilliSeconds), (66 bytes).
    Removing vl53l0x_api.o(i.VL53L0X_SetInterruptThresholds), (54 bytes).
    Removing vl53l0x_api.o(i.VL53L0X_SetLinearityCorrectiveGain), (56 bytes).
    Removing vl53l0x_api.o(i.VL53L0X_SetNumberOfROIZones), (12 bytes).
    Removing vl53l0x_api.o(i.VL53L0X_SetOffsetCalibrationDataMicroMeter), (22 bytes).
    Removing vl53l0x_api.o(i.VL53L0X_SetPowerMode), (98 bytes).
    Removing vl53l0x_api.o(i.VL53L0X_SetRangeFractionEnable), (34 bytes).
    Removing vl53l0x_api.o(i.VL53L0X_SetRefCalibration), (26 bytes).
    Removing vl53l0x_api.o(i.VL53L0X_SetReferenceSpads), (26 bytes).
    Removing vl53l0x_api.o(i.VL53L0X_SetSequenceStepTimeout), (112 bytes).
    Removing vl53l0x_api.o(i.VL53L0X_SetSpadAmbientDamperFactor), (50 bytes).
    Removing vl53l0x_api.o(i.VL53L0X_SetSpadAmbientDamperThreshold), (48 bytes).
    Removing vl53l0x_api.o(i.VL53L0X_SetTuningSettingBuffer), (46 bytes).
    Removing vl53l0x_api.o(i.VL53L0X_SetVcselPulsePeriod), (26 bytes).
    Removing vl53l0x_api.o(i.VL53L0X_SetWrapAroundCheckEnable), (86 bytes).
    Removing vl53l0x_api.o(i.VL53L0X_SetXTalkCompensationEnable), (72 bytes).
    Removing vl53l0x_api.o(i.VL53L0X_SetXTalkCompensationRateMegaCps), (70 bytes).
    Removing vl53l0x_api.o(i.VL53L0X_StopMeasurement), (108 bytes).
    Removing vl53l0x_api.o(i.VL53L0X_WaitDeviceBooted), (8 bytes).
    Removing vl53l0x_api.o(i.VL53L0X_WaitDeviceReadyForNewMeasurement), (8 bytes).
    Removing vl53l0x_platform.o(.rev16_text), (4 bytes).
    Removing vl53l0x_platform.o(.revsh_text), (4 bytes).
    Removing vl53l0x_platform.o(i.VL53L0X_LockSequenceAccess), (6 bytes).
    Removing vl53l0x_platform.o(i.VL53L0X_UnlockSequenceAccess), (6 bytes).
    Removing vl53l0x_platform.o(i.VL53L0X_WrDWord), (46 bytes).
    Removing vl53l0x_i2c_comms.o(.rev16_text), (4 bytes).
    Removing vl53l0x_i2c_comms.o(.revsh_text), (4 bytes).
    Removing vl53l0x_i2c_comms.o(i.VL53L0X_write_dword), (22 bytes).
    Removing system_stm32f0xx.o(.rev16_text), (4 bytes).
    Removing system_stm32f0xx.o(.revsh_text), (4 bytes).

202 unused section(s) (total 10202 bytes) removed from the image.

==============================================================================

Memory Map of the image

  Image Entry point : 0x00000000

  Load Region LR_IROM1 (Base: 0x08000000, Size: 0x00004638, Max: 0x00005000, ABSOLUTE)

    Execution Region ER_IROM1 (Base: 0x08000000, Size: 0x0000435c, Max: 0x00005000, ABSOLUTE)

    Base Addr    Size         Type   Attr      Idx    E Section Name        Object

    0x08000000   0x000000b0   Data   RO         2161    RESET               startup_stm32f030x6.o
    0x080000b0   0x00000008   Code   RO         2219  * !!!main             c_p.l(__main.o)
    0x080000b8   0x00000002   Code   RO         2261    .ARM.Collect$$libinit$$00000000  c_p.l(libinit.o)
    0x080000ba   0x00000000   Code   RO         2275    .ARM.Collect$$libinit$$00000002  c_p.l(libinit2.o)
    0x080000ba   0x00000000   Code   RO         2277    .ARM.Collect$$libinit$$00000004  c_p.l(libinit2.o)
    0x080000ba   0x00000000   Code   RO         2280    .ARM.Collect$$libinit$$0000000A  c_p.l(libinit2.o)
    0x080000ba   0x00000000   Code   RO         2282    .ARM.Collect$$libinit$$0000000C  c_p.l(libinit2.o)
    0x080000ba   0x00000000   Code   RO         2284    .ARM.Collect$$libinit$$0000000E  c_p.l(libinit2.o)
    0x080000ba   0x00000000   Code   RO         2287    .ARM.Collect$$libinit$$00000011  c_p.l(libinit2.o)
    0x080000ba   0x00000000   Code   RO         2289    .ARM.Collect$$libinit$$00000013  c_p.l(libinit2.o)
    0x080000ba   0x00000000   Code   RO         2291    .ARM.Collect$$libinit$$00000015  c_p.l(libinit2.o)
    0x080000ba   0x00000000   Code   RO         2293    .ARM.Collect$$libinit$$00000017  c_p.l(libinit2.o)
    0x080000ba   0x00000000   Code   RO         2295    .ARM.Collect$$libinit$$00000019  c_p.l(libinit2.o)
    0x080000ba   0x00000000   Code   RO         2297    .ARM.Collect$$libinit$$0000001B  c_p.l(libinit2.o)
    0x080000ba   0x00000000   Code   RO         2299    .ARM.Collect$$libinit$$0000001D  c_p.l(libinit2.o)
    0x080000ba   0x00000000   Code   RO         2301    .ARM.Collect$$libinit$$0000001F  c_p.l(libinit2.o)
    0x080000ba   0x00000000   Code   RO         2303    .ARM.Collect$$libinit$$00000021  c_p.l(libinit2.o)
    0x080000ba   0x00000000   Code   RO         2305    .ARM.Collect$$libinit$$00000023  c_p.l(libinit2.o)
    0x080000ba   0x00000000   Code   RO         2307    .ARM.Collect$$libinit$$00000025  c_p.l(libinit2.o)
    0x080000ba   0x00000000   Code   RO         2311    .ARM.Collect$$libinit$$0000002C  c_p.l(libinit2.o)
    0x080000ba   0x00000000   Code   RO         2313    .ARM.Collect$$libinit$$0000002E  c_p.l(libinit2.o)
    0x080000ba   0x00000000   Code   RO         2315    .ARM.Collect$$libinit$$00000030  c_p.l(libinit2.o)
    0x080000ba   0x00000000   Code   RO         2317    .ARM.Collect$$libinit$$00000032  c_p.l(libinit2.o)
    0x080000ba   0x00000002   Code   RO         2318    .ARM.Collect$$libinit$$00000033  c_p.l(libinit2.o)
    0x080000bc   0x00000002   Code   RO         2349    .ARM.Collect$$libshutdown$$00000000  c_p.l(libshutdown.o)
    0x080000be   0x00000000   Code   RO         2375    .ARM.Collect$$libshutdown$$00000002  c_p.l(libshutdown2.o)
    0x080000be   0x00000000   Code   RO         2377    .ARM.Collect$$libshutdown$$00000004  c_p.l(libshutdown2.o)
    0x080000be   0x00000000   Code   RO         2380    .ARM.Collect$$libshutdown$$00000007  c_p.l(libshutdown2.o)
    0x080000be   0x00000000   Code   RO         2383    .ARM.Collect$$libshutdown$$0000000A  c_p.l(libshutdown2.o)
    0x080000be   0x00000000   Code   RO         2385    .ARM.Collect$$libshutdown$$0000000C  c_p.l(libshutdown2.o)
    0x080000be   0x00000000   Code   RO         2388    .ARM.Collect$$libshutdown$$0000000F  c_p.l(libshutdown2.o)
    0x080000be   0x00000002   Code   RO         2389    .ARM.Collect$$libshutdown$$00000010  c_p.l(libshutdown2.o)
    0x080000c0   0x00000000   Code   RO         2221    .ARM.Collect$$rtentry$$00000000  c_p.l(__rtentry.o)
    0x080000c0   0x00000000   Code   RO         2231    .ARM.Collect$$rtentry$$00000002  c_p.l(__rtentry2.o)
    0x080000c0   0x00000006   Code   RO         2243    .ARM.Collect$$rtentry$$00000004  c_p.l(__rtentry4.o)
    0x080000c6   0x00000000   Code   RO         2233    .ARM.Collect$$rtentry$$00000009  c_p.l(__rtentry2.o)
    0x080000c6   0x00000004   Code   RO         2234    .ARM.Collect$$rtentry$$0000000A  c_p.l(__rtentry2.o)
    0x080000ca   0x00000000   Code   RO         2236    .ARM.Collect$$rtentry$$0000000C  c_p.l(__rtentry2.o)
    0x080000ca   0x00000008   Code   RO         2237    .ARM.Collect$$rtentry$$0000000D  c_p.l(__rtentry2.o)
    0x080000d2   0x00000002   Code   RO         2266    .ARM.Collect$$rtexit$$00000000  c_p.l(rtexit.o)
    0x080000d4   0x00000000   Code   RO         2322    .ARM.Collect$$rtexit$$00000002  c_p.l(rtexit2.o)
    0x080000d4   0x00000004   Code   RO         2323    .ARM.Collect$$rtexit$$00000003  c_p.l(rtexit2.o)
    0x080000d8   0x00000006   Code   RO         2324    .ARM.Collect$$rtexit$$00000004  c_p.l(rtexit2.o)
    0x080000de   0x00000002   PAD
    0x080000e0   0x00000038   Code   RO         2207    .emb_text           c_p.l(rt_memcpy.o)
    0x08000118   0x00000038   Code   RO         2162    .text               startup_stm32f030x6.o
    0x08000150   0x00000030   Code   RO         2201    .text               c_p.l(llmul.o)
    0x08000180   0x0000004c   Code   RO         2205    .text               c_p.l(strcpy.o)
    0x080001cc   0x00000040   Code   RO         2211    .text               c_p.l(rt_memclr.o)
    0x0800020c   0x0000015a   Code   RO         2213    .text               c_p.l(aeabi_sdiv.o)
    0x08000366   0x00000006   Code   RO         2217    .text               c_p.l(heapauxi.o)
    0x0800036c   0x0000003e   Code   RO         2247    .text               c_p.l(sys_stackheap_outer.o)
    0x080003aa   0x00000010   Code   RO         2250    .text               c_p.l(exit.o)
    0x080003ba   0x00000002   PAD
    0x080003bc   0x00000008   Code   RO         2262    .text               c_p.l(libspace.o)
    0x080003c4   0x0000000c   Code   RO         2319    .text               c_p.l(sys_exit.o)
    0x080003d0   0x00000002   Code   RO         2338    .text               c_p.l(use_no_semi.o)
    0x080003d2   0x00000000   Code   RO         2340    .text               c_p.l(indicate_semi.o)
    0x080003d2   0x00000090   Code   RO            4    i.GPIO_Init         stm32f0xx_gpio.o
    0x08000462   0x00000044   Code   RO            5    i.GPIO_PinAFConfig  stm32f0xx_gpio.o
    0x080004a6   0x00000002   PAD
    0x080004a8   0x00000028   Code   RO          736    i.GPIO_configuration  i2c.o
    0x080004d0   0x00000004   Code   RO          396    i.I2C_ClearFlag     stm32f0xx_i2c.o
    0x080004d4   0x00000018   Code   RO          399    i.I2C_Cmd           stm32f0xx_i2c.o
    0x080004ec   0x0000001c   Code   RO          406    i.I2C_GenerateSTOP  stm32f0xx_i2c.o
    0x08000508   0x0000001c   Code   RO          408    i.I2C_GetFlagStatus  stm32f0xx_i2c.o
    0x08000524   0x0000006c   Code   RO          414    i.I2C_Init          stm32f0xx_i2c.o
    0x08000590   0x000000a4   Code   RO          737    i.I2C_Read_MultiReg  i2c.o
    0x08000634   0x00000098   Code   RO          738    i.I2C_Read_Reg      i2c.o
    0x080006cc   0x000000bc   Code   RO          739    i.I2C_Read_Reg16bit  i2c.o
    0x08000788   0x000000cc   Code   RO          740    i.I2C_Read_Reg32bit  i2c.o
    0x08000854   0x00000008   Code   RO          420    i.I2C_ReceiveData   stm32f0xx_i2c.o
    0x0800085c   0x00000004   Code   RO          423    i.I2C_SendData      stm32f0xx_i2c.o
    0x08000860   0x0000002c   Code   RO          432    i.I2C_TransferHandling  stm32f0xx_i2c.o
    0x0800088c   0x000000bc   Code   RO          741    i.I2C_Write_MultiReg  i2c.o
    0x08000948   0x00000094   Code   RO          742    i.I2C_Write_Reg     i2c.o
    0x080009dc   0x000000c0   Code   RO          743    i.I2C_Write_Reg16bit  i2c.o
    0x08000a9c   0x00000020   Code   RO          130    i.RCC_AHBPeriphClockCmd  stm32f0xx_rcc.o
    0x08000abc   0x00000020   Code   RO          132    i.RCC_APB1PeriphClockCmd  stm32f0xx_rcc.o
    0x08000adc   0x00000078   Code   RO          143    i.RCC_DeInit        stm32f0xx_rcc.o
    0x08000b54   0x00000010   Code   RO          147    i.RCC_GetSYSCLKSource  stm32f0xx_rcc.o
    0x08000b64   0x00000020   Code   RO          148    i.RCC_HCLKConfig    stm32f0xx_rcc.o
    0x08000b84   0x00000024   Code   RO          153    i.RCC_HSICmd        stm32f0xx_rcc.o
    0x08000ba8   0x00000024   Code   RO          160    i.RCC_PCLKConfig    stm32f0xx_rcc.o
    0x08000bcc   0x0000001c   Code   RO          166    i.RCC_SYSCLKConfig  stm32f0xx_rcc.o
    0x08000be8   0x00000018   Code   RO          815    i.SysTick32         delay.o
    0x08000c00   0x00000010   Code   RO          817    i.SysTick_Handler   delay.o
    0x08000c10   0x00000014   Code   RO          818    i.SysTick_Init      delay.o
    0x08000c24   0x0000002a   Code   RO          821    i.SystemClock_Config  delay.o
    0x08000c4e   0x00000002   PAD
    0x08000c50   0x000000a8   Code   RO         2168    i.SystemCoreClockUpdate  system_stm32f0xx.o
    0x08000cf8   0x00000002   Code   RO         2169    i.SystemInit        system_stm32f0xx.o
    0x08000cfa   0x00000002   PAD
    0x08000cfc   0x00000040   Code   RO          940    i.USART1_IRQHandler  uart.o
    0x08000d3c   0x00000084   Code   RO         1387    i.VL53L0X_CheckAndLoadInterruptSettings  vl53l0x_api.o
    0x08000dc0   0x00000054   Code   RO         1388    i.VL53L0X_ClearInterruptMask  vl53l0x_api.o
    0x08000e14   0x000001e4   Code   RO         1389    i.VL53L0X_DataInit  vl53l0x_api.o
    0x08000ff8   0x00000016   Code   RO         1393    i.VL53L0X_GetDeviceInfo  vl53l0x_api.o
    0x0800100e   0x0000000a   Code   RO         1394    i.VL53L0X_GetDeviceMode  vl53l0x_api.o
    0x08001018   0x000000ae   Code   RO         1395    i.VL53L0X_GetDeviceParameters  vl53l0x_api.o
    0x080010c6   0x00000024   Code   RO         1397    i.VL53L0X_GetFractionEnable  vl53l0x_api.o
    0x080010ea   0x00000026   Code   RO         1401    i.VL53L0X_GetInterMeasurementPeriodMilliSeconds  vl53l0x_api.o
    0x08001110   0x00000032   Code   RO         1402    i.VL53L0X_GetInterruptMaskStatus  vl53l0x_api.o
    0x08001142   0x0000003e   Code   RO         1403    i.VL53L0X_GetInterruptThresholds  vl53l0x_api.o
    0x08001180   0x0000008c   Code   RO         1404    i.VL53L0X_GetLimitCheckCurrent  vl53l0x_api.o
    0x0800120c   0x0000001c   Code   RO         1405    i.VL53L0X_GetLimitCheckEnable  vl53l0x_api.o
    0x08001228   0x000000b6   Code   RO         1408    i.VL53L0X_GetLimitCheckValue  vl53l0x_api.o
    0x080012de   0x00000056   Code   RO         1411    i.VL53L0X_GetMeasurementDataReady  vl53l0x_api.o
    0x08001334   0x00000016   Code   RO         1413    i.VL53L0X_GetMeasurementTimingBudgetMicroSeconds  vl53l0x_api.o
    0x0800134a   0x00000016   Code   RO         1417    i.VL53L0X_GetOffsetCalibrationDataMicroMeter  vl53l0x_api.o
    0x08001360   0x00000016   Code   RO         1424    i.VL53L0X_GetRangeStatusString  vl53l0x_api.o
    0x08001376   0x00000002   PAD
    0x08001378   0x00000184   Code   RO         1425    i.VL53L0X_GetRangingMeasurementData  vl53l0x_api.o
    0x080014fc   0x00000080   Code   RO         1429    i.VL53L0X_GetSequenceStepEnables  vl53l0x_api.o
    0x0800157c   0x00000050   Code   RO         1430    i.VL53L0X_GetSequenceStepTimeout  vl53l0x_api.o
    0x080015cc   0x0000001a   Code   RO         1438    i.VL53L0X_GetVcselPulsePeriod  vl53l0x_api.o
    0x080015e6   0x00000046   Code   RO         1440    i.VL53L0X_GetWrapAroundCheckEnable  vl53l0x_api.o
    0x0800162c   0x0000000c   Code   RO         1441    i.VL53L0X_GetXTalkCompensationEnable  vl53l0x_api.o
    0x08001638   0x0000003c   Code   RO         1442    i.VL53L0X_GetXTalkCompensationRateMegaCps  vl53l0x_api.o
    0x08001674   0x0000001c   Code   RO         1444    i.VL53L0X_PerformRefCalibration  vl53l0x_api.o
    0x08001690   0x0000001a   Code   RO         1445    i.VL53L0X_PerformRefSpadManagement  vl53l0x_api.o
    0x080016aa   0x00000048   Code   RO         1447    i.VL53L0X_PerformSingleMeasurement  vl53l0x_api.o
    0x080016f2   0x0000003e   Code   RO         1448    i.VL53L0X_PerformSingleRangingMeasurement  vl53l0x_api.o
    0x08001730   0x00000024   Code   RO         2005    i.VL53L0X_PollingDelay  vl53l0x_platform.o
    0x08001754   0x0000002e   Code   RO         2006    i.VL53L0X_RdByte    vl53l0x_platform.o
    0x08001782   0x0000002e   Code   RO         2007    i.VL53L0X_RdDWord   vl53l0x_platform.o
    0x080017b0   0x0000002e   Code   RO         2008    i.VL53L0X_RdWord    vl53l0x_platform.o
    0x080017de   0x00000038   Code   RO         2009    i.VL53L0X_ReadMulti  vl53l0x_platform.o
    0x08001816   0x00000034   Code   RO         1453    i.VL53L0X_SetDeviceMode  vl53l0x_api.o
    0x0800184a   0x00000168   Code   RO         1456    i.VL53L0X_SetGpioConfig  vl53l0x_api.o
    0x080019b2   0x000000cc   Code   RO         1461    i.VL53L0X_SetLimitCheckEnable  vl53l0x_api.o
    0x08001a7e   0x00000076   Code   RO         1462    i.VL53L0X_SetLimitCheckValue  vl53l0x_api.o
    0x08001af4   0x00000016   Code   RO         1464    i.VL53L0X_SetMeasurementTimingBudgetMicroSeconds  vl53l0x_api.o
    0x08001b0a   0x000000ca   Code   RO         1471    i.VL53L0X_SetSequenceStepEnable  vl53l0x_api.o
    0x08001bd4   0x0000011a   Code   RO         1480    i.VL53L0X_StartMeasurement  vl53l0x_api.o
    0x08001cee   0x00000002   PAD
    0x08001cf0   0x000001dc   Code   RO         1481    i.VL53L0X_StaticInit  vl53l0x_api.o
    0x08001ecc   0x00000058   Code   RO         2011    i.VL53L0X_UpdateByte  vl53l0x_platform.o
    0x08001f24   0x0000002e   Code   RO         2012    i.VL53L0X_WrByte    vl53l0x_platform.o
    0x08001f52   0x0000002e   Code   RO         2014    i.VL53L0X_WrWord    vl53l0x_platform.o
    0x08001f80   0x0000003e   Code   RO         2015    i.VL53L0X_WriteMulti  vl53l0x_platform.o
    0x08001fbe   0x00000002   PAD
    0x08001fc0   0x000001c4   Code   RO         1065    i.VL53L0X_calc_dmax  vl53l0x_api_core.o
    0x08002184   0x00000038   Code   RO         1066    i.VL53L0X_calc_macro_period_ps  vl53l0x_api_core.o
    0x080021bc   0x00000308   Code   RO         1067    i.VL53L0X_calc_sigma_estimate  vl53l0x_api_core.o
    0x080024c4   0x0000003a   Code   RO         1068    i.VL53L0X_calc_timeout_mclks  vl53l0x_api_core.o
    0x080024fe   0x0000003c   Code   RO         1069    i.VL53L0X_calc_timeout_us  vl53l0x_api_core.o
    0x0800253a   0x00000002   PAD
    0x0800253c   0x00000050   Code   RO          981    i.VL53L0X_check_part_used  vl53l0x_api_strings.o
    0x0800258c   0x00000014   Code   RO         1070    i.VL53L0X_decode_timeout  vl53l0x_api_core.o
    0x080025a0   0x0000000c   Code   RO         1071    i.VL53L0X_decode_vcsel_period  vl53l0x_api_core.o
    0x080025ac   0x00000054   Code   RO         1072    i.VL53L0X_device_read_strobe  vl53l0x_api_core.o
    0x08002600   0x0000002a   Code   RO         1073    i.VL53L0X_encode_timeout  vl53l0x_api_core.o
    0x0800262a   0x00000002   PAD
    0x0800262c   0x000000e8   Code   RO          983    i.VL53L0X_get_device_info  vl53l0x_api_strings.o
    0x08002714   0x0000054c   Code   RO         1075    i.VL53L0X_get_info_from_device  vl53l0x_api_core.o
    0x08002c60   0x00000118   Code   RO         1076    i.VL53L0X_get_measurement_timing_budget_micro_seconds  vl53l0x_api_core.o
    0x08002d78   0x00000054   Code   RO         1233    i.VL53L0X_get_offset_calibration_data_micro_meter  vl53l0x_api_calibration.o
    0x08002dcc   0x0000026c   Code   RO         1077    i.VL53L0X_get_pal_range_status  vl53l0x_api_core.o
    0x08003038   0x000000c0   Code   RO          987    i.VL53L0X_get_range_status_string  vl53l0x_api_strings.o
    0x080030f8   0x0000002a   Code   RO         1078    i.VL53L0X_get_total_signal_rate  vl53l0x_api_core.o
    0x08003122   0x0000003c   Code   RO         1079    i.VL53L0X_get_total_xtalk_rate  vl53l0x_api_core.o
    0x0800315e   0x0000004a   Code   RO         1080    i.VL53L0X_get_vcsel_pulse_period  vl53l0x_api_core.o
    0x080031a8   0x0000000e   Code   RO         2093    i.VL53L0X_i2c_init  vl53l0x_i2c_comms.o
    0x080031b6   0x0000002c   Code   RO         1081    i.VL53L0X_isqrt     vl53l0x_api_core.o
    0x080031e2   0x00000112   Code   RO         1082    i.VL53L0X_load_tuning_settings  vl53l0x_api_core.o
    0x080032f4   0x00000042   Code   RO         1083    i.VL53L0X_measurement_poll_for_completion  vl53l0x_api_core.o
    0x08003336   0x0000008a   Code   RO         1237    i.VL53L0X_perform_phase_calibration  vl53l0x_api_calibration.o
    0x080033c0   0x0000005a   Code   RO         1238    i.VL53L0X_perform_ref_calibration  vl53l0x_api_calibration.o
    0x0800341a   0x000002f0   Code   RO         1239    i.VL53L0X_perform_ref_spad_management  vl53l0x_api_calibration.o
    0x0800370a   0x0000004a   Code   RO         1240    i.VL53L0X_perform_single_ref_calibration  vl53l0x_api_calibration.o
    0x08003754   0x0000008c   Code   RO         1241    i.VL53L0X_perform_vhv_calibration  vl53l0x_api_calibration.o
    0x080037e0   0x00000016   Code   RO         2094    i.VL53L0X_read_byte  vl53l0x_i2c_comms.o
    0x080037f6   0x00000016   Code   RO         2095    i.VL53L0X_read_dword  vl53l0x_i2c_comms.o
    0x0800380c   0x0000001a   Code   RO         2096    i.VL53L0X_read_multi  vl53l0x_i2c_comms.o
    0x08003826   0x00000016   Code   RO         2097    i.VL53L0X_read_word  vl53l0x_i2c_comms.o
    0x0800383c   0x000000b2   Code   RO         1243    i.VL53L0X_ref_calibration_io  vl53l0x_api_calibration.o
    0x080038ee   0x00000002   PAD
    0x080038f0   0x00000144   Code   RO         1086    i.VL53L0X_set_measurement_timing_budget_micro_seconds  vl53l0x_api_core.o
    0x08003a34   0x000000e2   Code   RO         1246    i.VL53L0X_set_reference_spads  vl53l0x_api_calibration.o
    0x08003b16   0x00000016   Code   RO         2098    i.VL53L0X_write_byte  vl53l0x_i2c_comms.o
    0x08003b2c   0x0000001a   Code   RO         2100    i.VL53L0X_write_multi  vl53l0x_i2c_comms.o
    0x08003b46   0x00000016   Code   RO         2101    i.VL53L0X_write_word  vl53l0x_i2c_comms.o
    0x08003b5c   0x0000001c   Code   RO         1038    i.__ARM_common_switch8  vl53l0x_api_strings.o
    0x08003b78   0x00000148   Code   RO          891    i.begin             adafruit_vl53l0x.o
    0x08003cc0   0x00000016   Code   RO          822    i.delay_ms          delay.o
    0x08003cd6   0x0000001a   Code   RO          823    i.delay_us          delay.o
    0x08003cf0   0x000000a6   Code   RO         1248    i.enable_ref_spads  vl53l0x_api_calibration.o
    0x08003d96   0x00000040   Code   RO         1249    i.enable_spad_bit   vl53l0x_api_calibration.o
    0x08003dd6   0x00000002   PAD
    0x08003dd8   0x0000003c   Code   RO          892    i.getSingleRangingMeasurement  adafruit_vl53l0x.o
    0x08003e14   0x0000007a   Code   RO         1250    i.get_next_good_spad  vl53l0x_api_calibration.o
    0x08003e8e   0x00000018   Code   RO         1251    i.get_ref_spad_map  vl53l0x_api_calibration.o
    0x08003ea6   0x0000012c   Code   RO         1088    i.get_sequence_step_timeout  vl53l0x_api_core.o
    0x08003fd2   0x00000002   PAD
    0x08003fd4   0x00000094   Code   RO          745    i.i2c_configuration  i2c.o
    0x08004068   0x0000001c   Code   RO         1252    i.is_aperture       vl53l0x_api_calibration.o
    0x08004084   0x0000005c   Code   RO          660    i.main              main.o
    0x080040e0   0x00000080   Code   RO         1253    i.perform_ref_signal_measurement  vl53l0x_api_calibration.o
    0x08004160   0x00000014   Code   RO          893    i.printRangeStatus  adafruit_vl53l0x.o
    0x08004174   0x00000010   Code   RO          894    i.rangingTest       adafruit_vl53l0x.o
    0x08004184   0x00000056   Code   RO         1485    i.sequence_step_enabled  vl53l0x_api.o
    0x080041da   0x00000018   Code   RO         1254    i.set_ref_spad_map  vl53l0x_api_calibration.o
    0x080041f2   0x00000152   Code   RO         1089    i.set_sequence_step_timeout  vl53l0x_api_core.o
    0x08004344   0x00000018   Data   RO         2170    .constdata          system_stm32f0xx.o
    0x0800435c   0x00000000   Data   RO         2390    Region$$Table       anon$$obj.o


    Execution Region RW_IRAM1 (Base: 0x20000000, Size: 0x00000b20, Max: 0x00001000, ABSOLUTE)

    Base Addr    Size         Type   Attr      Idx    E Section Name        Object

    0x20000000   0x00000002   Data   RW          661    .data               main.o
    0x20000002   0x00000002   PAD
    0x20000004   0x00000008   Data   RW          747    .data               i2c.o
    0x2000000c   0x00000004   Data   RW          824    .data               delay.o
    0x20000010   0x00000008   Data   RW          897    .data               adafruit_vl53l0x.o
    0x20000018   0x00000001   Data   RW          942    .data               uart.o
    0x20000019   0x00000003   PAD
    0x2000001c   0x00000010   Data   RW         1255    .data               vl53l0x_api_calibration.o
    0x2000002c   0x000002a9   Data   RW         1486    .data               vl53l0x_api.o
    0x200002d5   0x00000003   PAD
    0x200002d8   0x00000004   Data   RW         2171    .data               system_stm32f0xx.o
    0x200002dc   0x0000001c   Zero   RW          746    .bss                i2c.o
    0x200002f8   0x000001c3   Zero   RW          896    .bss                adafruit_vl53l0x.o
    0x200004bb   0x00000001   PAD
    0x200004bc   0x00000060   Zero   RW         2263    .bss                c_p.l(libspace.o)
    0x2000051c   0x00000004   PAD
    0x20000520   0x00000200   Zero   RW         2160    HEAP                startup_stm32f030x6.o
    0x20000720   0x00000400   Zero   RW         2159    STACK               startup_stm32f030x6.o

