Component: ARM Compiler 5.06 update 1 (build 61) Tool: armlink [4d35a8]

==============================================================================

Section Cross References

    stm32f0xx_gpio.o(i.GPIO_DeInit) refers to stm32f0xx_rcc.o(i.RCC_AHBPeriphResetCmd) for RCC_AHBPeriphResetCmd
    stm32f0xx_rcc.o(i.RCC_GetClocksFreq) refers to aeabi_sdiv.o(.text) for __aeabi_uidivmod
    stm32f0xx_rcc.o(i.RCC_GetClocksFreq) refers to stm32f0xx_rcc.o(.data) for APBAHBPrescTable
    stm32f0xx_rcc.o(i.RCC_WaitForHSEStartUp) refers to stm32f0xx_rcc.o(i.RCC_GetFlagStatus) for RCC_GetFlagStatus
    stm32f0xx_i2c.o(i.I2C_DeInit) refers to stm32f0xx_rcc.o(i.RCC_APB1PeriphResetCmd) for RCC_APB1PeriphResetCmd
    stm32f0xx_usart.o(i.USART_DeInit) refers to stm32f0xx_rcc.o(i.RCC_APB2PeriphResetCmd) for RCC_APB2PeriphResetCmd
    stm32f0xx_usart.o(i.USART_DeInit) refers to stm32f0xx_rcc.o(i.RCC_APB1PeriphResetCmd) for RCC_APB1PeriphResetCmd
    stm32f0xx_usart.o(i.USART_Init) refers to stm32f0xx_rcc.o(i.RCC_GetClocksFreq) for RCC_GetClocksFreq
    stm32f0xx_usart.o(i.USART_Init) refers to aeabi_sdiv.o(.text) for __aeabi_uidivmod
    stm32f0xx_adc.o(i.ADC_DeInit) refers to stm32f0xx_rcc.o(i.RCC_APB2PeriphResetCmd) for RCC_APB2PeriphResetCmd
    stm32f0xx_tim.o(i.TIM_DeInit) refers to stm32f0xx_rcc.o(i.RCC_APB2PeriphResetCmd) for RCC_APB2PeriphResetCmd
    stm32f0xx_tim.o(i.TIM_DeInit) refers to stm32f0xx_rcc.o(i.RCC_APB1PeriphResetCmd) for RCC_APB1PeriphResetCmd
    stm32f0xx_tim.o(i.TIM_ETRClockMode1Config) refers to stm32f0xx_tim.o(i.TIM_ETRConfig) for TIM_ETRConfig
    stm32f0xx_tim.o(i.TIM_ETRClockMode2Config) refers to stm32f0xx_tim.o(i.TIM_ETRConfig) for TIM_ETRConfig
    stm32f0xx_tim.o(i.TIM_ICInit) refers to stm32f0xx_tim.o(i.TI1_Config) for TI1_Config
    stm32f0xx_tim.o(i.TIM_ICInit) refers to stm32f0xx_tim.o(i.TIM_SetIC1Prescaler) for TIM_SetIC1Prescaler
    stm32f0xx_tim.o(i.TIM_ICInit) refers to stm32f0xx_tim.o(i.TI2_Config) for TI2_Config
    stm32f0xx_tim.o(i.TIM_ICInit) refers to stm32f0xx_tim.o(i.TIM_SetIC2Prescaler) for TIM_SetIC2Prescaler
    stm32f0xx_tim.o(i.TIM_ICInit) refers to stm32f0xx_tim.o(i.TI3_Config) for TI3_Config
    stm32f0xx_tim.o(i.TIM_ICInit) refers to stm32f0xx_tim.o(i.TIM_SetIC3Prescaler) for TIM_SetIC3Prescaler
    stm32f0xx_tim.o(i.TIM_ICInit) refers to stm32f0xx_tim.o(i.TI4_Config) for TI4_Config
    stm32f0xx_tim.o(i.TIM_ICInit) refers to stm32f0xx_tim.o(i.TIM_SetIC4Prescaler) for TIM_SetIC4Prescaler
    stm32f0xx_tim.o(i.TIM_ITRxExternalClockConfig) refers to stm32f0xx_tim.o(i.TIM_SelectInputTrigger) for TIM_SelectInputTrigger
    stm32f0xx_tim.o(i.TIM_PWMIConfig) refers to stm32f0xx_tim.o(i.TI1_Config) for TI1_Config
    stm32f0xx_tim.o(i.TIM_PWMIConfig) refers to stm32f0xx_tim.o(i.TIM_SetIC1Prescaler) for TIM_SetIC1Prescaler
    stm32f0xx_tim.o(i.TIM_PWMIConfig) refers to stm32f0xx_tim.o(i.TI2_Config) for TI2_Config
    stm32f0xx_tim.o(i.TIM_PWMIConfig) refers to stm32f0xx_tim.o(i.TIM_SetIC2Prescaler) for TIM_SetIC2Prescaler
    stm32f0xx_tim.o(i.TIM_TIxExternalClockConfig) refers to stm32f0xx_tim.o(i.TI2_Config) for TI2_Config
    stm32f0xx_tim.o(i.TIM_TIxExternalClockConfig) refers to stm32f0xx_tim.o(i.TI1_Config) for TI1_Config
    stm32f0xx_tim.o(i.TIM_TIxExternalClockConfig) refers to stm32f0xx_tim.o(i.TIM_SelectInputTrigger) for TIM_SelectInputTrigger
    main.o(i.Transfer_Package) refers to _printf_percent.o(.ARM.Collect$$_printf_percent$$00000000) for _printf_percent
    main.o(i.Transfer_Package) refers to _printf_d.o(.ARM.Collect$$_printf_percent$$00000009) for _printf_d
    main.o(i.Transfer_Package) refers to _printf_s.o(.ARM.Collect$$_printf_percent$$00000014) for _printf_s
    main.o(i.Transfer_Package) refers to _printf_dec.o(.text) for _printf_int_dec
    main.o(i.Transfer_Package) refers to _printf_str.o(.text) for _printf_str
    main.o(i.Transfer_Package) refers to noretval__2printf.o(.text) for __2printf
    main.o(i.add_value_tx_message) refers to main.o(.data) for ptx_message
    main.o(i.main) refers to delay.o(i.SystemClock_Config) for SystemClock_Config
    main.o(i.main) refers to system_stm32f0xx.o(i.SystemCoreClockUpdate) for SystemCoreClockUpdate
    main.o(i.main) refers to delay.o(i.SysTick_Init) for SysTick_Init
    main.o(i.main) refers to vl53l0x.o(i.init_vl53l0x) for init_vl53l0x
    main.o(i.main) refers to vl53l0x.o(i.startContinuous) for startContinuous
    main.o(i.main) refers to uart.o(i.UART1_config) for UART1_config
    main.o(i.main) refers to adc.o(i.ADC_Configuration) for ADC_Configuration
    main.o(i.main) refers to timer.o(i.PWM_Configuration) for PWM_Configuration
    main.o(i.main) refers to timer.o(i.Read_status_Buzz) for Read_status_Buzz
    main.o(i.main) refers to timer.o(i.Read_status_VolumeBuzz) for Read_status_VolumeBuzz
    main.o(i.main) refers to adc.o(i.Read_Status_Pin) for Read_Status_Pin
    main.o(i.main) refers to vl53l0x.o(i.readRangeContinuousMillimeters) for readRangeContinuousMillimeters
[...]
    Removing stm32f0xx_tim.o(i.TIM_OC3Init), (152 bytes).
    Removing stm32f0xx_tim.o(i.TIM_OC3NPolarityConfig), (24 bytes).
    Removing stm32f0xx_tim.o(i.TIM_OC3PolarityConfig), (24 bytes).
    Removing stm32f0xx_tim.o(i.TIM_OC3PreloadConfig), (24 bytes).
    Removing stm32f0xx_tim.o(i.TIM_OC4FastConfig), (24 bytes).
    Removing stm32f0xx_tim.o(i.TIM_OC4Init), (112 bytes).
    Removing stm32f0xx_tim.o(i.TIM_OC4PolarityConfig), (24 bytes).
    Removing stm32f0xx_tim.o(i.TIM_OC4PreloadConfig), (24 bytes).
    Removing stm32f0xx_tim.o(i.TIM_OCStructInit), (20 bytes).
    Removing stm32f0xx_tim.o(i.TIM_PWMIConfig), (124 bytes).
    Removing stm32f0xx_tim.o(i.TIM_PrescalerConfig), (6 bytes).
    Removing stm32f0xx_tim.o(i.TIM_RemapConfig), (6 bytes).
    Removing stm32f0xx_tim.o(i.TIM_SelectCCDMA), (28 bytes).
    Removing stm32f0xx_tim.o(i.TIM_SelectCOM), (28 bytes).
    Removing stm32f0xx_tim.o(i.TIM_SelectHallSensor), (28 bytes).
    Removing stm32f0xx_tim.o(i.TIM_SelectInputTrigger), (24 bytes).
    Removing stm32f0xx_tim.o(i.TIM_SelectMasterSlaveMode), (20 bytes).
    Removing stm32f0xx_tim.o(i.TIM_SelectOCREFClear), (20 bytes).
    Removing stm32f0xx_tim.o(i.TIM_SelectOCxM), (82 bytes).
    Removing stm32f0xx_tim.o(i.TIM_SelectOnePulseMode), (20 bytes).
    Removing stm32f0xx_tim.o(i.TIM_SelectOutputTrigger), (20 bytes).
    Removing stm32f0xx_tim.o(i.TIM_SelectSlaveMode), (20 bytes).
    Removing stm32f0xx_tim.o(i.TIM_SetAutoreload), (4 bytes).
    Removing stm32f0xx_tim.o(i.TIM_SetClockDivision), (20 bytes).
    Removing stm32f0xx_tim.o(i.TIM_SetCompare1), (4 bytes).
    Removing stm32f0xx_tim.o(i.TIM_SetCompare2), (4 bytes).
    Removing stm32f0xx_tim.o(i.TIM_SetCompare3), (4 bytes).
    Removing stm32f0xx_tim.o(i.TIM_SetCompare4), (4 bytes).
    Removing stm32f0xx_tim.o(i.TIM_SetCounter), (4 bytes).
    Removing stm32f0xx_tim.o(i.TIM_SetIC1Prescaler), (20 bytes).
    Removing stm32f0xx_tim.o(i.TIM_SetIC2Prescaler), (24 bytes).
    Removing stm32f0xx_tim.o(i.TIM_SetIC3Prescaler), (20 bytes).
    Removing stm32f0xx_tim.o(i.TIM_SetIC4Prescaler), (24 bytes).
    Removing stm32f0xx_tim.o(i.TIM_TIxExternalClockConfig), (58 bytes).
    Removing stm32f0xx_tim.o(i.TIM_TimeBaseStructInit), (18 bytes).
    Removing stm32f0xx_tim.o(i.TIM_UpdateDisableConfig), (28 bytes).
    Removing stm32f0xx_tim.o(i.TIM_UpdateRequestConfig), (28 bytes).
    Removing main.o(.rev16_text), (4 bytes).
    Removing main.o(.revsh_text), (4 bytes).
    Removing i2c.o(.rev16_text), (4 bytes).
    Removing i2c.o(.revsh_text), (4 bytes).
    Removing i2c.o(i.I2C_Read_Reg32bit), (204 bytes).
    Removing delay.o(.rev16_text), (4 bytes).
    Removing delay.o(.revsh_text), (4 bytes).
    Removing delay.o(i.SysTick24), (12 bytes).
    Removing delay.o(i.SysTick_Micros), (18 bytes).
    Removing delay.o(i.SysTick_Millis), (20 bytes).
    Removing timer.o(.rev16_text), (4 bytes).
    Removing timer.o(.revsh_text), (4 bytes).
    Removing timer.o(i.Update_status_VolumeBuzz), (52 bytes).
    Removing adc.o(.rev16_text), (4 bytes).
    Removing adc.o(.revsh_text), (4 bytes).
    Removing vl53l0x.o(.rev16_text), (4 bytes).
    Removing vl53l0x.o(.revsh_text), (4 bytes).
    Removing vl53l0x.o(i.getSignalRateLimit), (26 bytes).
    Removing vl53l0x.o(i.readRangeSingleMillimeters), (120 bytes).
    Removing vl53l0x.o(i.readReg32Bit), (18 bytes).
    Removing vl53l0x.o(i.setVcselPulsePeriod), (544 bytes).
    Removing vl53l0x.o(i.stopContinuous), (52 bytes).
    Removing vl53l0x.o(i.timeoutOccurred), (16 bytes).
    Removing uart.o(.rev16_text), (4 bytes).
    Removing uart.o(.revsh_text), (4 bytes).
    Removing uart.o(i._write), (48 bytes).
    Removing system_stm32f0xx.o(.rev16_text), (4 bytes).
    Removing system_stm32f0xx.o(.revsh_text), (4 bytes).

269 unused section(s) (total 8200 bytes) removed from the image.

==============================================================================

Image Symbol Table

    Local Symbols

    Symbol Name                              Value     Ov Type        Size  Object(Section)

    ../clib/angel/boardlib.s                 0x00000000   Number         0  boardshut.o ABSOLUTE
    ../clib/angel/boardlib.s                 0x00000000   Number         0  boardinit1.o ABSOLUTE
    ../clib/angel/boardlib.s                 0x00000000   Number         0  boardinit2.o ABSOLUTE
    ../clib/angel/boardlib.s                 0x00000000   Number         0  boardinit3.o ABSOLUTE
    ../clib/angel/handlers.s                 0x00000000   Number         0  __scatter_copy.o ABSOLUTE
    ../clib/angel/handlers.s                 0x00000000   Number         0  __scatter_zi.o ABSOLUTE
    ../clib/angel/kernel.s                   0x00000000   Number         0  __rtentry4.o ABSOLUTE
    ../clib/angel/kernel.s                   0x00000000   Number         0  rtexit2.o ABSOLUTE
    ../clib/angel/kernel.s                   0x00000000   Number         0  __rtentry.o ABSOLUTE
    ../clib/angel/kernel.s                   0x00000000   Number         0  __rtentry2.o ABSOLUTE
    ../clib/angel/kernel.s                   0x00000000   Number         0  rtexit.o ABSOLUTE
    ../clib/angel/rt.s                       0x00000000   Number         0  rt_raise.o ABSOLUTE
    ../clib/angel/rt.s                       0x00000000   Number         0  aeabi_idiv0_sigfpe.o ABSOLUTE
    ../clib/angel/rt.s                       0x00000000   Number         0  aeabi_ldiv0_sigfpe.o ABSOLUTE
    ../clib/angel/rt.s                       0x00000000   Number         0  aeabi_ldiv0.o ABSOLUTE
    ../clib/angel/rt.s                       0x00000000   Number         0  aeabi_idiv0.o ABSOLUTE
    ../clib/angel/rt.s                       0x00000000   Number         0  rt_div0.o ABSOLUTE
    ../clib/angel/scatterp.s                 0x00000000   Number         0  __scatter.o ABSOLUTE
    ../clib/angel/startup.s                  0x00000000   Number         0  __main.o ABSOLUTE
    ../clib/angel/sys.s                      0x00000000   Number         0  indicate_semi.o ABSOLUTE
    ../clib/angel/sys.s                      0x00000000   Number         0  use_no_semi.o ABSOLUTE
    ../clib/angel/sys.s                      0x00000000   Number         0  sys_stackheap_outer.o ABSOLUTE
    ../clib/angel/sys.s                      0x00000000   Number         0  libspace.o ABSOLUTE
    ../clib/angel/sys.s                      0x00000000   Number         0  tempstk.o ABSOLUTE
    ../clib/angel/sysapp.c                   0x00000000   Number         0  sys_command.o ABSOLUTE
    ../clib/angel/sysapp.c                   0x00000000   Number         0  sys_wrch.o ABSOLUTE
    ../clib/angel/sysapp.c                   0x00000000   Number         0  sys_exit.o ABSOLUTE
    ../clib/armsys.c                         0x00000000   Number         0  argv_veneer.o ABSOLUTE
    ../clib/armsys.c                         0x00000000   Number         0  no_argv.o ABSOLUTE
    ../clib/armsys.c                         0x00000000   Number         0  _get_argv_nomalloc.o ABSOLUTE
    ../clib/division.c                       0x00000000   Number         0  rtudiv10.o ABSOLUTE
    ../clib/division.c                       0x00000000   Number         0  lludiv.o ABSOLUTE
    ../clib/division.s                       0x00000000   Number         0  aeabi_sdiv_div0.o ABSOLUTE
    ../clib/division.s                       0x00000000   Number         0  aeabi_sdiv.o ABSOLUTE
    ../clib/heapalloc.c                      0x00000000   Number         0  hrguard.o ABSOLUTE
    ../clib/heapaux.c                        0x00000000   Number         0  heapauxi.o ABSOLUTE
    ../clib/libinit.s                        0x00000000   Number         0  libshutdown2.o ABSOLUTE
    ../clib/libinit.s                        0x00000000   Number         0  libinit.o ABSOLUTE
    ../clib/libinit.s                        0x00000000   Number         0  libshutdown.o ABSOLUTE
    ../clib/libinit.s                        0x00000000   Number         0  libinit2.o ABSOLUTE
    ../clib/printf.c                         0x00000000   Number         0  __printf_nopercent.o ABSOLUTE
    ../clib/printf.c                         0x00000000   Number         0  _printf_char_common.o ABSOLUTE
    ../clib/printf.c                         0x00000000   Number         0  __printf_flags_ss.o ABSOLUTE
    ../clib/printf.c                         0x00000000   Number         0  __2printf.o ABSOLUTE
    ../clib/printf.c                         0x00000000   Number         0  noretval__2printf.o ABSOLUTE
    ../clib/printf.c                         0x00000000   Number         0  __printf.o ABSOLUTE
    ../clib/printf.c                         0x00000000   Number         0  _printf_char.o ABSOLUTE
    ../clib/printf.c                         0x00000000   Number         0  _printf_intcommon.o ABSOLUTE
    ../clib/printf.c                         0x00000000   Number         0  __printf_ss_wp.o ABSOLUTE
    ../clib/printf.c                         0x00000000   Number         0  _printf_str.o ABSOLUTE
    ../clib/printf.c                         0x00000000   Number         0  __printf_flags_wp.o ABSOLUTE
    ../clib/printf.c                         0x00000000   Number         0  _printf_dec.o ABSOLUTE
    ../clib/printf.c                         0x00000000   Number         0  __printf_wp.o ABSOLUTE
    ../clib/printf.c                         0x00000000   Number         0  __printf_flags.o ABSOLUTE
    ../clib/printf.c                         0x00000000   Number         0  __printf_ss.o ABSOLUTE
    ../clib/printf.c                         0x00000000   Number         0  _printf_char_file.o ABSOLUTE
    ../clib/printf.c                         0x00000000   Number         0  __printf_flags_ss_wp.o ABSOLUTE
    ../clib/printf_percent.s                 0x00000000   Number         0  _printf_percent_end.o ABSOLUTE
    ../clib/printf_percent.s                 0x00000000   Number         0  _printf_percent.o ABSOLUTE
    ../clib/printf_percent.s                 0x00000000   Number         0  _printf_d.o ABSOLUTE
    ../clib/printf_percent.s                 0x00000000   Number         0  _printf_s.o ABSOLUTE
    ../clib/signal.c                         0x00000000   Number         0  defsig_fpe_inner.o ABSOLUTE
    ../clib/signal.c                         0x00000000   Number         0  defsig_exit.o ABSOLUTE
    ../clib/signal.c                         0x00000000   Number         0  defsig_fpe_formal.o ABSOLUTE
    ../clib/signal.c                         0x00000000   Number         0  defsig_fpe_outer.o ABSOLUTE
    ../clib/signal.c                         0x00000000   Number         0  __raise.o ABSOLUTE
    ../clib/signal.c                         0x00000000   Number         0  defsig_other.o ABSOLUTE
    ../clib/signal.c                         0x00000000   Number         0  defsig_segv_inner.o ABSOLUTE
    ../clib/signal.c                         0x00000000   Number         0  defsig_cppl_inner.o ABSOLUTE
    ../clib/signal.c                         0x00000000   Number         0  defsig_pvfn_inner.o ABSOLUTE
    ../clib/signal.c                         0x00000000   Number         0  defsig_stak_inner.o ABSOLUTE
    ../clib/signal.c                         0x00000000   Number         0  defsig_rtmem_formal.o ABSOLUTE
    ../clib/signal.c                         0x00000000   Number         0  defsig_rtmem_outer.o ABSOLUTE
    ../clib/signal.c                         0x00000000   Number         0  defsig_rtmem_inner.o ABSOLUTE
    ../clib/signal.c                         0x00000000   Number         0  defsig_rtred_inner.o ABSOLUTE
    ../clib/signal.c                         0x00000000   Number         0  defsig_abrt_inner.o ABSOLUTE
    ../clib/signal.c                         0x00000000   Number         0  defsig_general.o ABSOLUTE
    ../clib/signal.s                         0x00000000   Number         0  defsig.o ABSOLUTE
    ../clib/stdio.c                          0x00000000   Number         0  ferror_locked.o ABSOLUTE
    ../clib/stdio.c                          0x00000000   Number         0  ferror.o ABSOLUTE
    ../clib/stdlib.c                         0x00000000   Number         0  exit.o ABSOLUTE
    ../fplib/cfplib/cmpret.c                 0x00000000   Number         0  cmpret.o ABSOLUTE
    ../fplib/cfplib/dcmpin.c                 0x00000000   Number         0  dcmpin.o ABSOLUTE
    ../fplib/cfplib/f2d.c                    0x00000000   Number         0  f2d.o ABSOLUTE
    ../fplib/cfplib/fcmpin.c                 0x00000000   Number         0  fcmpin.o ABSOLUTE
    ../fplib/cfplib/fdiv.c                   0x00000000   Number         0  fdiv.o ABSOLUTE
    ../fplib/cfplib/ffix.c                   0x00000000   Number         0  ffixui.o ABSOLUTE
    ../fplib/cfplib/fflt.c                   0x00000000   Number         0  fflti.o ABSOLUTE
    ../fplib/cfplib/fpinit.c                 0x00000000   Number         0  fpinit.o ABSOLUTE
    ../fplib/cfplib/nan2.c                   0x00000000   Number         0  fnan2.o ABSOLUTE
    ../fplib/cfplib/nan2.c                   0x00000000   Number         0  dnan2.o ABSOLUTE
    ../fplib/cfplib/retnan.c                 0x00000000   Number         0  retnan.o ABSOLUTE
    ../fplib/drleqf6m.s                      0x00000000   Number         0  drlef.o ABSOLUTE
    ../fplib/faddsub6m.s                     0x00000000   Number         0  faddsub.o ABSOLUTE
    ../fplib/fleqf6m.s                       0x00000000   Number         0  flef.o ABSOLUTE
    ../fplib/fmul6m.s                        0x00000000   Number         0  fmul.o ABSOLUTE
    ../fplib/usenofp.s                       0x00000000   Number         0  usenofp.o ABSOLUTE
    ..\LIB\Libraries\STM32F0xx_StdPeriph_Driver\src\stm32f0xx_adc.c 0x00000000   Number         0  stm32f0xx_adc.o ABSOLUTE
    ..\LIB\Libraries\STM32F0xx_StdPeriph_Driver\src\stm32f0xx_gpio.c 0x00000000   Number         0  stm32f0xx_gpio.o ABSOLUTE
    ..\LIB\Libraries\STM32F0xx_StdPeriph_Driver\src\stm32f0xx_i2c.c 0x00000000   Number         0  stm32f0xx_i2c.o ABSOLUTE
    ..\LIB\Libraries\STM32F0xx_StdPeriph_Driver\src\stm32f0xx_rcc.c 0x00000000   Number         0  stm32f0xx_rcc.o ABSOLUTE
    ..\LIB\Libraries\STM32F0xx_StdPeriph_Driver\src\stm32f0xx_tim.c 0x00000000   Number         0  stm32f0xx_tim.o ABSOLUTE
    ..\LIB\Libraries\STM32F0xx_StdPeriph_Driver\src\stm32f0xx_usart.c 0x00000000   Number         0  stm32f0xx_usart.o ABSOLUTE
    ..\Source\adc.c                          0x00000000   Number         0  adc.o ABSOLUTE
    ..\Source\delay.c                        0x00000000   Number         0  delay.o ABSOLUTE
    ..\Source\i2c.c                          0x00000000   Number         0  i2c.o ABSOLUTE
    ..\Source\main.c                         0x00000000   Number         0  main.o ABSOLUTE
    ..\Source\timer.c                        0x00000000   Number         0  timer.o ABSOLUTE
    ..\Source\uart.c                         0x00000000   Number         0  uart.o ABSOLUTE
    ..\Source\vl53l0x.c                      0x00000000   Number         0  vl53l0x.o ABSOLUTE
    ..\\LIB\\Libraries\\STM32F0xx_StdPeriph_Driver\\src\\stm32f0xx_adc.c 0x00000000   Number         0  stm32f0xx_adc.o ABSOLUTE
    ..\\LIB\\Libraries\\STM32F0xx_StdPeriph_Driver\\src\\stm32f0xx_gpio.c 0x00000000   Number         0  stm32f0xx_gpio.o ABSOLUTE
    ..\\LIB\\Libraries\\STM32F0xx_StdPeriph_Driver\\src\\stm32f0xx_i2c.c 0x00000000   Number         0  stm32f0xx_i2c.o ABSOLUTE
    ..\\LIB\\Libraries\\STM32F0xx_StdPeriph_Driver\\src\\stm32f0xx_rcc.c 0x00000000   Number         0  stm32f0xx_rcc.o ABSOLUTE
    ..\\LIB\\Libraries\\STM32F0xx_StdPeriph_Driver\\src\\stm32f0xx_tim.c 0x00000000   Number         0  stm32f0xx_tim.o ABSOLUTE
    ..\\LIB\\Libraries\\STM32F0xx_StdPeriph_Driver\\src\\stm32f0xx_usart.c 0x00000000   Number         0  stm32f0xx_usart.o ABSOLUTE
    ..\\Source\\adc.c                        0x00000000   Number         0  adc.o ABSOLUTE
    ..\\Source\\delay.c                      0x00000000   Number         0  delay.o ABSOLUTE
    ..\\Source\\i2c.c                        0x00000000   Number         0  i2c.o ABSOLUTE
    ..\\Source\\main.c                       0x00000000   Number         0  main.o ABSOLUTE
    ..\\Source\\timer.c                      0x00000000   Number         0  timer.o ABSOLUTE
    ..\\Source\\uart.c                       0x00000000   Number         0  uart.o ABSOLUTE
    ..\\Source\\vl53l0x.c                    0x00000000   Number         0  vl53l0x.o ABSOLUTE
    RTE\Device\STM32F030F4Px\startup_stm32f030x6.s 0x00000000   Number         0  startup_stm32f030x6.o ABSOLUTE
    RTE\Device\STM32F030F4Px\system_stm32f0xx.c 0x00000000   Number         0  system_stm32f0xx.o ABSOLUTE
    RTE\\Device\\STM32F030F4Px\\system_stm32f0xx.c 0x00000000   Number         0  system_stm32f0xx.o ABSOLUTE
    dc.s                                     0x00000000   Number         0  dc.o ABSOLUTE
    RESET                                    0x08000000   Section      176  startup_stm32f030x6.o(RESET)
    !!!main                                  0x080000b0   Section        8  __main.o(!!!main)
    !!!scatter                               0x080000b8   Section       60  __scatter.o(!!!scatter)
    !!handler_copy                           0x080000f4   Section       26  __scatter_copy.o(!!handler_copy)
    !!handler_zi                             0x08000110   Section       28  __scatter_zi.o(!!handler_zi)
    .ARM.Collect$$_printf_percent$$00000000  0x0800012c   Section        2  _printf_percent.o(.ARM.Collect$$_printf_percent$$00000000)
    .ARM.Collect$$_printf_percent$$00000009  0x0800012e   Section       10  _printf_d.o(.ARM.Collect$$_printf_percent$$00000009)
    .ARM.Collect$$_printf_percent$$00000014  0x08000138   Section       10  _printf_s.o(.ARM.Collect$$_printf_percent$$00000014)
    .ARM.Collect$$_printf_percent$$00000017  0x08000142   Section        4  _printf_percent_end.o(.ARM.Collect$$_printf_percent$$00000017)
    .ARM.Collect$$libinit$$00000000          0x08000146   Section        2  libinit.o(.ARM.Collect$$libinit$$00000000)
    .ARM.Collect$$libinit$$00000002          0x08000148   Section        0  libinit2.o(.ARM.Collect$$libinit$$00000002)
    .ARM.Collect$$libinit$$00000004          0x08000148   Section        0  libinit2.o(.ARM.Collect$$libinit$$00000004)
    .ARM.Collect$$libinit$$0000000A          0x08000148   Section        0  libinit2.o(.ARM.Collect$$libinit$$0000000A)
    .ARM.Collect$$libinit$$0000000C          0x08000148   Section        0  libinit2.o(.ARM.Collect$$libinit$$0000000C)
    .ARM.Collect$$libinit$$0000000E          0x08000148   Section        0  libinit2.o(.ARM.Collect$$libinit$$0000000E)
    .ARM.Collect$$libinit$$00000011          0x08000148   Section        0  libinit2.o(.ARM.Collect$$libinit$$00000011)
    .ARM.Collect$$libinit$$00000013          0x08000148   Section        0  libinit2.o(.ARM.Collect$$libinit$$00000013)
    .ARM.Collect$$libinit$$00000015          0x08000148   Section        0  libinit2.o(.ARM.Collect$$libinit$$00000015)
    .ARM.Collect$$libinit$$00000017          0x08000148   Section        0  libinit2.o(.ARM.Collect$$libinit$$00000017)
    .ARM.Collect$$libinit$$00000019          0x08000148   Section        0  libinit2.o(.ARM.Collect$$libinit$$00000019)
    .ARM.Collect$$libinit$$0000001B          0x08000148   Section        0  libinit2.o(.ARM.Collect$$libinit$$0000001B)
    .ARM.Collect$$libinit$$0000001D          0x08000148   Section        0  libinit2.o(.ARM.Collect$$libinit$$0000001D)
    .ARM.Collect$$libinit$$0000001F          0x08000148   Section        0  libinit2.o(.ARM.Collect$$libinit$$0000001F)
    .ARM.Collect$$libinit$$00000021          0x08000148   Section        0  libinit2.o(.ARM.Collect$$libinit$$00000021)
    .ARM.Collect$$libinit$$00000023          0x08000148   Section        0  libinit2.o(.ARM.Collect$$libinit$$00000023)
    .ARM.Collect$$libinit$$00000025          0x08000148   Section        0  libinit2.o(.ARM.Collect$$libinit$$00000025)
    .ARM.Collect$$libinit$$0000002C          0x08000148   Section        0  libinit2.o(.ARM.Collect$$libinit$$0000002C)
    .ARM.Collect$$libinit$$0000002E          0x08000148   Section        0  libinit2.o(.ARM.Collect$$libinit$$0000002E)
    .ARM.Collect$$libinit$$00000030          0x08000148   Section        0  libinit2.o(.ARM.Collect$$libinit$$00000030)
    .ARM.Collect$$libinit$$00000032          0x08000148   Section        0  libinit2.o(.ARM.Collect$$libinit$$00000032)
    .ARM.Collect$$libinit$$00000033          0x08000148   Section        2  libinit2.o(.ARM.Collect$$libinit$$00000033)
    .ARM.Collect$$libshutdown$$00000000      0x0800014a   Section        2  libshutdown.o(.ARM.Collect$$libshutdown$$00000000)
    .ARM.Collect$$libshutdown$$00000002      0x0800014c   Section        0  libshutdown2.o(.ARM.Collect$$libshutdown$$00000002)
    .ARM.Collect$$libshutdown$$00000004      0x0800014c   Section        0  libshutdown2.o(.ARM.Collect$$libshutdown$$00000004)
    .ARM.Collect$$libshutdown$$00000007      0x0800014c   Section        0  libshutdown2.o(.ARM.Collect$$libshutdown$$00000007)
    .ARM.Collect$$libshutdown$$0000000A      0x0800014c   Section        0  libshutdown2.o(.ARM.Collect$$libshutdown$$0000000A)
    .ARM.Collect$$libshutdown$$0000000C      0x0800014c   Section        0  libshutdown2.o(.ARM.Collect$$libshutdown$$0000000C)
    .ARM.Collect$$libshutdown$$0000000F      0x0800014c   Section        0  libshutdown2.o(.ARM.Collect$$libshutdown$$0000000F)
    .ARM.Collect$$libshutdown$$00000010      0x0800014c   Section        2  libshutdown2.o(.ARM.Collect$$libshutdown$$00000010)
    .ARM.Collect$$rtentry$$00000000          0x0800014e   Section        0  __rtentry.o(.ARM.Collect$$rtentry$$00000000)
    .ARM.Collect$$rtentry$$00000002          0x0800014e   Section        0  __rtentry2.o(.ARM.Collect$$rtentry$$00000002)
    .ARM.Collect$$rtentry$$00000004          0x0800014e   Section        6  __rtentry4.o(.ARM.Collect$$rtentry$$00000004)
    .ARM.Collect$$rtentry$$00000009          0x08000154   Section        0  __rtentry2.o(.ARM.Collect$$rtentry$$00000009)
    .ARM.Collect$$rtentry$$0000000A          0x08000154   Section        4  __rtentry2.o(.ARM.Collect$$rtentry$$0000000A)
    .ARM.Collect$$rtentry$$0000000C          0x08000158   Section        0  __rtentry2.o(.ARM.Collect$$rtentry$$0000000C)
    .ARM.Collect$$rtentry$$0000000D          0x08000158   Section        8  __rtentry2.o(.ARM.Collect$$rtentry$$0000000D)
    .ARM.Collect$$rtexit$$00000000           0x08000160   Section        2  rtexit.o(.ARM.Collect$$rtexit$$00000000)
    .ARM.Collect$$rtexit$$00000002           0x08000162   Section        0  rtexit2.o(.ARM.Collect$$rtexit$$00000002)
    .ARM.Collect$$rtexit$$00000003           0x08000162   Section        4  rtexit2.o(.ARM.Collect$$rtexit$$00000003)
    .ARM.Collect$$rtexit$$00000004           0x08000166   Section        6  rtexit2.o(.ARM.Collect$$rtexit$$00000004)
    .text                                    0x0800016c   Section       56  startup_stm32f030x6.o(.text)
    .text                                    0x080001a4   Section        0  lludiv.o(.text)
    .text                                    0x080002a8   Section        0  noretval__2printf.o(.text)
    .text                                    0x080002c4   Section        0  __printf.o(.text)
    .text                                    0x08000330   Section        0  _printf_str.o(.text)
    .text                                    0x08000384   Section        0  _printf_dec.o(.text)
    .text                                    0x080003f0   Section      346  aeabi_sdiv.o(.text)
    .text                                    0x0800054a   Section        0  heapauxi.o(.text)
    .text                                    0x08000550   Section        0  f2d.o(.text)
    .text                                    0x080005a4   Section        0  fdiv.o(.text)
    .text                                    0x08000704   Section        0  ffixui.o(.text)
    .text                                    0x08000734   Section        0  fflti.o(.text)
    .text                                    0x08000792   Section        0  _printf_intcommon.o(.text)
    .text                                    0x08000842   Section        0  _printf_char.o(.text)
    .text                                    0x08000870   Section        0  _printf_char_file.o(.text)
    .text                                    0x08000898   Section        0  rtudiv10.o(.text)
    .text                                    0x080008c0   Section        0  dcmpin.o(.text)
    .text                                    0x08000950   Section        0  fcmpin.o(.text)
    .text                                    0x080009b4   Section        0  _printf_char_common.o(.text)
    _printf_input_char                       0x080009b5   Thumb Code    10  _printf_char_common.o(.text)
    .text                                    0x080009e4   Section        0  ferror.o(.text)
    .text                                    0x080009ec   Section        0  cmpret.o(.text)
    .text                                    0x08000a1c   Section        0  dnan2.o(.text)
    .text                                    0x08000a30   Section        0  fnan2.o(.text)
    .text                                    0x08000a40   Section       62  sys_stackheap_outer.o(.text)
    .text                                    0x08000a7e   Section        0  exit.o(.text)
    .text                                    0x08000a8e   Section        0  retnan.o(.text)
    .text                                    0x08000aec   Section        8  libspace.o(.text)
    .text                                    0x08000af4   Section        0  sys_exit.o(.text)
    .text                                    0x08000b00   Section        2  use_no_semi.o(.text)
    .text                                    0x08000b02   Section        0  indicate_semi.o(.text)
    i.ADC_ChannelConfig                      0x08000b02   Section        0  stm32f0xx_adc.o(i.ADC_ChannelConfig)
    i.ADC_Cmd                                0x08000b1a   Section        0  stm32f0xx_adc.o(i.ADC_Cmd)
    i.ADC_Configuration                      0x08000b34   Section        0  adc.o(i.ADC_Configuration)
    i.ADC_DeInit                             0x08000bbc   Section        0  stm32f0xx_adc.o(i.ADC_DeInit)
    i.ADC_GetCalibrationFactor               0x08000bdc   Section        0  stm32f0xx_adc.o(i.ADC_GetCalibrationFactor)
    i.ADC_GetConversionValue                 0x08000c18   Section        0  stm32f0xx_adc.o(i.ADC_GetConversionValue)
    i.ADC_GetFlagStatus                      0x08000c20   Section        0  stm32f0xx_adc.o(i.ADC_GetFlagStatus)
    i.ADC_Init                               0x08000c50   Section        0  stm32f0xx_adc.o(i.ADC_Init)
    i.ADC_StartOfConversion                  0x08000c7c   Section        0  stm32f0xx_adc.o(i.ADC_StartOfConversion)
    i.ADC_StructInit                         0x08000c86   Section        0  stm32f0xx_adc.o(i.ADC_StructInit)
    i.GPIO_Init                              0x08000c96   Section        0  stm32f0xx_gpio.o(i.GPIO_Init)
    i.GPIO_PinAFConfig                       0x08000d26   Section        0  stm32f0xx_gpio.o(i.GPIO_PinAFConfig)
    i.GPIO_configuration                     0x08000d6a   Section        0  i2c.o(i.GPIO_configuration)
    i.I2C_ClearFlag                          0x08000d92   Section        0  stm32f0xx_i2c.o(i.I2C_ClearFlag)
    i.I2C_Cmd                                0x08000d96   Section        0  stm32f0xx_i2c.o(i.I2C_Cmd)
    i.I2C_GenerateSTOP                       0x08000dae   Section        0  stm32f0xx_i2c.o(i.I2C_GenerateSTOP)
    i.I2C_GetFlagStatus                      0x08000dca   Section        0  stm32f0xx_i2c.o(i.I2C_GetFlagStatus)
    i.I2C_Init                               0x08000de8   Section        0  stm32f0xx_i2c.o(i.I2C_Init)
    i.I2C_Read_MultiReg                      0x08000e54   Section        0  i2c.o(i.I2C_Read_MultiReg)
    i.I2C_Read_Reg                           0x08000ef8   Section        0  i2c.o(i.I2C_Read_Reg)
    i.I2C_Read_Reg16bit                      0x08000f90   Section        0  i2c.o(i.I2C_Read_Reg16bit)
    i.I2C_ReceiveData                        0x0800104c   Section        0  stm32f0xx_i2c.o(i.I2C_ReceiveData)
    i.I2C_SendData                           0x08001054   Section        0  stm32f0xx_i2c.o(i.I2C_SendData)
    i.I2C_TransferHandling                   0x08001058   Section        0  stm32f0xx_i2c.o(i.I2C_TransferHandling)
    i.I2C_Write_MultiReg                     0x08001084   Section        0  i2c.o(i.I2C_Write_MultiReg)
    i.I2C_Write_Reg                          0x08001140   Section        0  i2c.o(i.I2C_Write_Reg)
    i.I2C_Write_Reg16bit                     0x080011d4   Section        0  i2c.o(i.I2C_Write_Reg16bit)
    i.I2C_Write_Reg32bit                     0x08001294   Section        0  i2c.o(i.I2C_Write_Reg32bit)
    i.PWM_Configuration                      0x08001364   Section        0  timer.o(i.PWM_Configuration)
    i.RCC_AHBPeriphClockCmd                  0x08001400   Section        0  stm32f0xx_rcc.o(i.RCC_AHBPeriphClockCmd)
    i.RCC_APB1PeriphClockCmd                 0x08001420   Section        0  stm32f0xx_rcc.o(i.RCC_APB1PeriphClockCmd)
    i.RCC_APB2PeriphClockCmd                 0x08001440   Section        0  stm32f0xx_rcc.o(i.RCC_APB2PeriphClockCmd)
    i.RCC_APB2PeriphResetCmd                 0x08001460   Section        0  stm32f0xx_rcc.o(i.RCC_APB2PeriphResetCmd)
    i.RCC_DeInit                             0x08001480   Section        0  stm32f0xx_rcc.o(i.RCC_DeInit)
    i.RCC_GetClocksFreq                      0x080014f8   Section        0  stm32f0xx_rcc.o(i.RCC_GetClocksFreq)
    i.RCC_GetSYSCLKSource                    0x08001740   Section        0  stm32f0xx_rcc.o(i.RCC_GetSYSCLKSource)
    i.RCC_HCLKConfig                         0x08001750   Section        0  stm32f0xx_rcc.o(i.RCC_HCLKConfig)
    i.RCC_HSICmd                             0x08001770   Section        0  stm32f0xx_rcc.o(i.RCC_HSICmd)
    i.RCC_PCLKConfig                         0x08001794   Section        0  stm32f0xx_rcc.o(i.RCC_PCLKConfig)
    i.RCC_SYSCLKConfig                       0x080017b8   Section        0  stm32f0xx_rcc.o(i.RCC_SYSCLKConfig)
    i.Read_Status_Pin                        0x080017d4   Section        0  adc.o(i.Read_Status_Pin)
    i.Read_status_Buzz                       0x080017f4   Section        0  timer.o(i.Read_status_Buzz)
    i.Read_status_VolumeBuzz                 0x08001808   Section        0  timer.o(i.Read_status_VolumeBuzz)
    i.SysTick32                              0x08001848   Section        0  delay.o(i.SysTick32)
    i.SysTick64                              0x08001860   Section        0  delay.o(i.SysTick64)
    i.SysTick_Handler                        0x08001884   Section        0  delay.o(i.SysTick_Handler)
    i.SysTick_Init                           0x08001894   Section        0  delay.o(i.SysTick_Init)
    i.SystemClock_Config                     0x080018a8   Section        0  delay.o(i.SystemClock_Config)
    i.SystemCoreClockUpdate                  0x080018d4   Section        0  system_stm32f0xx.o(i.SystemCoreClockUpdate)
    i.SystemInit                             0x0800197c   Section        0  system_stm32f0xx.o(i.SystemInit)
    i.TIM_Cmd                                0x08001980   Section        0  stm32f0xx_tim.o(i.TIM_Cmd)
    i.TIM_OC1Init                            0x0800199c   Section        0  stm32f0xx_tim.o(i.TIM_OC1Init)
    i.TIM_TimeBaseInit                       0x08001a30   Section        0  stm32f0xx_tim.o(i.TIM_TimeBaseInit)
    i.Transfer_Package                       0x08001aac   Section        0  main.o(i.Transfer_Package)
    i.UART1_config                           0x08001ad8   Section        0  uart.o(i.UART1_config)
    i.USART1_IRQHandler                      0x08001b84   Section        0  uart.o(i.USART1_IRQHandler)
    i.USART_Cmd                              0x08001bc4   Section        0  stm32f0xx_usart.o(i.USART_Cmd)
    i.USART_GetFlagStatus                    0x08001bdc   Section        0  stm32f0xx_usart.o(i.USART_GetFlagStatus)
    i.USART_ITConfig                         0x08001bf0   Section        0  stm32f0xx_usart.o(i.USART_ITConfig)
    i.USART_Init                             0x08001c34   Section        0  stm32f0xx_usart.o(i.USART_Init)
    i.USART_ReceiveData                      0x08001d2c   Section        0  stm32f0xx_usart.o(i.USART_ReceiveData)
    i.USART_SendData                         0x08001d36   Section        0  stm32f0xx_usart.o(i.USART_SendData)
    i.add_value_tx_message                   0x08001d40   Section        0  main.o(i.add_value_tx_message)
    i.checkTimeoutExpired                    0x08001d60   Section        0  vl53l0x.o(i.checkTimeoutExpired)
    i.decodeTimeout                          0x08001d8c   Section        0  vl53l0x.o(i.decodeTimeout)
    decodeTimeout                            0x08001d8d   Thumb Code    20  vl53l0x.o(i.decodeTimeout)
    i.delay_ms                               0x08001da0   Section        0  delay.o(i.delay_ms)
    i.delay_us                               0x08001db6   Section        0  delay.o(i.delay_us)
    i.encodeTimeout                          0x08001dd0   Section        0  vl53l0x.o(i.encodeTimeout)
    encodeTimeout                            0x08001dd1   Thumb Code    44  vl53l0x.o(i.encodeTimeout)
    i.fputc                                  0x08001dfc   Section        0  uart.o(i.fputc)
    i.getMeasurementTimingBudget             0x08001e20   Section        0  vl53l0x.o(i.getMeasurementTimingBudget)
    getMeasurementTimingBudget               0x08001e21   Thumb Code   152  vl53l0x.o(i.getMeasurementTimingBudget)
    i.getSequenceStepEnables                 0x08001ec8   Section        0  vl53l0x.o(i.getSequenceStepEnables)
    getSequenceStepEnables                   0x08001ec9   Thumb Code    42  vl53l0x.o(i.getSequenceStepEnables)
    i.getSequenceStepTimeouts                0x08001ef2   Section        0  vl53l0x.o(i.getSequenceStepTimeouts)
    getSequenceStepTimeouts                  0x08001ef3   Thumb Code   106  vl53l0x.o(i.getSequenceStepTimeouts)
    i.getSpadInfo                            0x08001f5c   Section        0  vl53l0x.o(i.getSpadInfo)
    getSpadInfo                              0x08001f5d   Thumb Code   220  vl53l0x.o(i.getSpadInfo)
    i.getVcselPulsePeriod                    0x08002038   Section        0  vl53l0x.o(i.getVcselPulsePeriod)
    getVcselPulsePeriod                      0x08002039   Thumb Code    44  vl53l0x.o(i.getVcselPulsePeriod)
    i.i2c_configuration                      0x08002064   Section        0  i2c.o(i.i2c_configuration)
    i.init_vl53l0x                           0x080020f8   Section        0  vl53l0x.o(i.init_vl53l0x)
    i.main                                   0x08002548   Section        0  main.o(i.main)
    i.millis                                 0x080025bc   Section        0  delay.o(i.millis)
    i.performSingleRefCalibration            0x080025d0   Section        0  vl53l0x.o(i.performSingleRefCalibration)
    performSingleRefCalibration              0x080025d1   Thumb Code    56  vl53l0x.o(i.performSingleRefCalibration)
    i.readMulti                              0x08002608   Section        0  vl53l0x.o(i.readMulti)
    readMulti                                0x08002609   Thumb Code    22  vl53l0x.o(i.readMulti)
    i.readRangeContinuousMillimeters         0x08002620   Section        0  vl53l0x.o(i.readRangeContinuousMillimeters)
    i.readReg                                0x08002664   Section        0  vl53l0x.o(i.readReg)
    readReg                                  0x08002665   Thumb Code    18  vl53l0x.o(i.readReg)
    i.readReg16Bit                           0x08002676   Section        0  vl53l0x.o(i.readReg16Bit)
    readReg16Bit                             0x08002677   Thumb Code    18  vl53l0x.o(i.readReg16Bit)
    i.round_f                                0x08002688   Section        0  timer.o(i.round_f)
    i.setMeasurementTimingBudget             0x080026c4   Section        0  vl53l0x.o(i.setMeasurementTimingBudget)
    setMeasurementTimingBudget               0x080026c5   Thumb Code   230  vl53l0x.o(i.setMeasurementTimingBudget)
    i.setSignalRateLimit                     0x080027bc   Section        0  vl53l0x.o(i.setSignalRateLimit)
    setSignalRateLimit                       0x080027bd   Thumb Code    66  vl53l0x.o(i.setSignalRateLimit)
    i.startContinuous                        0x08002808   Section        0  vl53l0x.o(i.startContinuous)
    i.startTimeout                           0x0800287c   Section        0  vl53l0x.o(i.startTimeout)
    i.timeoutMclksToMicroseconds             0x08002890   Section        0  vl53l0x.o(i.timeoutMclksToMicroseconds)
    timeoutMclksToMicroseconds               0x08002891   Thumb Code    52  vl53l0x.o(i.timeoutMclksToMicroseconds)
    i.timeoutMicrosecondsToMclks             0x080028c8   Section        0  vl53l0x.o(i.timeoutMicrosecondsToMclks)
    timeoutMicrosecondsToMclks               0x080028c9   Thumb Code    52  vl53l0x.o(i.timeoutMicrosecondsToMclks)
    i.writeMulti                             0x08002900   Section        0  vl53l0x.o(i.writeMulti)
    writeMulti                               0x08002901   Thumb Code    22  vl53l0x.o(i.writeMulti)
    i.writeReg                               0x08002916   Section        0  vl53l0x.o(i.writeReg)
    writeReg                                 0x08002917   Thumb Code    18  vl53l0x.o(i.writeReg)
    i.writeReg16Bit                          0x08002928   Section        0  vl53l0x.o(i.writeReg16Bit)
    writeReg16Bit                            0x08002929   Thumb Code    18  vl53l0x.o(i.writeReg16Bit)
    i.writeReg32Bit                          0x0800293a   Section        0  vl53l0x.o(i.writeReg32Bit)
    writeReg32Bit                            0x0800293b   Thumb Code    18  vl53l0x.o(i.writeReg32Bit)
    x$fpl$drleqf                             0x0800294c   Section      104  drlef.o(x$fpl$drleqf)
    x$fpl$fadd                               0x080029b4   Section      140  faddsub.o(x$fpl$fadd)
    _fadd1                                   0x080029c1   Thumb Code     0  faddsub.o(x$fpl$fadd)
    x$fpl$fleqf                              0x08002a40   Section       84  flef.o(x$fpl$fleqf)
    x$fpl$fmul                               0x08002a94   Section      176  fmul.o(x$fpl$fmul)
    x$fpl$frsb                               0x08002b44   Section       24  faddsub.o(x$fpl$frsb)
    x$fpl$fsub                               0x08002b5c   Section      208  faddsub.o(x$fpl$fsub)
    _fsub1                                   0x08002b69   Thumb Code     0  faddsub.o(x$fpl$fsub)
    .constdata                               0x08002c2c   Section       24  system_stm32f0xx.o(.constdata)
    x$fpl$usenofp                            0x08002c2c   Section        0  usenofp.o(x$fpl$usenofp)
    .constdata                               0x08002c44   Section       64  fdiv.o(.constdata)
    fdiv_tab                                 0x08002c44   Data          64  fdiv.o(.constdata)
    .data                                    0x20000000   Section       16  stm32f0xx_rcc.o(.data)
    APBAHBPrescTable                         0x20000000   Data          16  stm32f0xx_rcc.o(.data)
    .data                                    0x20000010   Section       12  main.o(.data)
    .data                                    0x2000001c   Section        4  delay.o(.data)
    SysTickCounter                           0x2000001c   Data           4  delay.o(.data)
    .data                                    0x20000020   Section        5  uart.o(.data)
    rx_count                                 0x20000024   Data           1  uart.o(.data)
    .data                                    0x20000028   Section        4  system_stm32f0xx.o(.data)
    .bss                                     0x2000002c   Section      256  main.o(.bss)
    .bss                                     0x2000012c   Section       16  vl53l0x.o(.bss)
    dev                                      0x2000012c   Data          16  vl53l0x.o(.bss)
    .bss                                     0x2000013c   Section       96  libspace.o(.bss)
    HEAP                                     0x200001a0   Section      512  startup_stm32f030x6.o(HEAP)
    Heap_Mem                                 0x200001a0   Data         512  startup_stm32f030x6.o(HEAP)
    STACK                                    0x200003a0   Section     1024  startup_stm32f030x6.o(STACK)
    Stack_Mem                                0x200003a0   Data        1024  startup_stm32f030x6.o(STACK)
    __initial_sp                             0x200007a0   Data           0  startup_stm32f030x6.o(STACK)

    Global Symbols

    Symbol Name                              Value     Ov Type        Size  Object(Section)

    BuildAttributes$$THM_ISAv3M$S$PE$A:L22$X:L11$S22$IEEE1$IW$USESV6$~STKCKD$USESV7$~SHL$OSPACE$ROPI$EBA8$UX$STANDARDLIB$REQ8$PRES8$EABIv2 0x00000000   Number         0  anon$$obj.o ABSOLUTE
    __ARM_use_no_argv                        0x00000000   Number         0  main.o ABSOLUTE
    __ARM_exceptions_init                     - Undefined Weak Reference
    __alloca_initialize                       - Undefined Weak Reference
    __arm_preinit_                            - Undefined Weak Reference
    __cpp_initialize__aeabi_                  - Undefined Weak Reference
    __cxa_finalize                            - Undefined Weak Reference
    __rt_locale                               - Undefined Weak Reference
    __sigvec_lookup                           - Undefined Weak Reference
    _atexit_init                              - Undefined Weak Reference
    _call_atexit_fns                          - Undefined Weak Reference
    _clock_init                               - Undefined Weak Reference
    _fp_trap_init                             - Undefined Weak Reference
    _fp_trap_shutdown                         - Undefined Weak Reference
    _get_lc_collate                           - Undefined Weak Reference
    _get_lc_ctype                             - Undefined Weak Reference
    _get_lc_monetary                          - Undefined Weak Reference
    _get_lc_numeric                           - Undefined Weak Reference
    _get_lc_time                              - Undefined Weak Reference
    _getenv_init                              - Undefined Weak Reference
    _handle_redirection                       - Undefined Weak Reference
    _init_alloc                               - Undefined Weak Reference
    _init_user_alloc                          - Undefined Weak Reference
    _initio                                   - Undefined Weak Reference
    _mutex_acquire                            - Undefined Weak Reference
    _mutex_release                            - Undefined Weak Reference
    _printf_mbtowc                            - Undefined Weak Reference
    _printf_post_padding                      - Undefined Weak Reference
    _printf_pre_padding                       - Undefined Weak Reference
    _printf_truncate_signed                   - Undefined Weak Reference
    _printf_truncate_unsigned                 - Undefined Weak Reference
    _rand_init                                - Undefined Weak Reference
    _signal_finish                            - Undefined Weak Reference
    _signal_init                              - Undefined Weak Reference
    _terminate_alloc                          - Undefined Weak Reference
    _terminate_user_alloc                     - Undefined Weak Reference
    _terminateio                              - Undefined Weak Reference
    __Vectors_Size                           0x000000b0   Number         0  startup_stm32f030x6.o ABSOLUTE
    __Vectors                                0x08000000   Data           4  startup_stm32f030x6.o(RESET)
    __Vectors_End                            0x080000b0   Data           0  startup_stm32f030x6.o(RESET)
    __main                                   0x080000b1   Thumb Code     8  __main.o(!!!main)
    __scatterload                            0x080000b9   Thumb Code     0  __scatter.o(!!!scatter)
    __scatterload_rt2                        0x080000b9   Thumb Code    52  __scatter.o(!!!scatter)
    __scatterload_rt2_thumb_only             0x080000b9   Thumb Code     0  __scatter.o(!!!scatter)
    __scatterload_null                       0x080000c9   Thumb Code     0  __scatter.o(!!!scatter)
    __scatterload_copy                       0x080000f5   Thumb Code    26  __scatter_copy.o(!!handler_copy)
    __scatterload_zeroinit                   0x08000111   Thumb Code    28  __scatter_zi.o(!!handler_zi)
    _printf_percent                          0x0800012d   Thumb Code     0  _printf_percent.o(.ARM.Collect$$_printf_percent$$00000000)
    _printf_d                                0x0800012f   Thumb Code     0  _printf_d.o(.ARM.Collect$$_printf_percent$$00000009)
    _printf_s                                0x08000139   Thumb Code     0  _printf_s.o(.ARM.Collect$$_printf_percent$$00000014)
    _printf_percent_end                      0x08000143   Thumb Code     0  _printf_percent_end.o(.ARM.Collect$$_printf_percent$$00000017)
    __rt_lib_init                            0x08000147   Thumb Code     0  libinit.o(.ARM.Collect$$libinit$$00000000)
    __rt_lib_init_alloca_1                   0x08000149   Thumb Code     0  libinit2.o(.ARM.Collect$$libinit$$0000002E)
    __rt_lib_init_argv_1                     0x08000149   Thumb Code     0  libinit2.o(.ARM.Collect$$libinit$$0000002C)
    __rt_lib_init_atexit_1                   0x08000149   Thumb Code     0  libinit2.o(.ARM.Collect$$libinit$$0000001B)
    __rt_lib_init_clock_1                    0x08000149   Thumb Code     0  libinit2.o(.ARM.Collect$$libinit$$00000021)
    __rt_lib_init_cpp_1                      0x08000149   Thumb Code     0  libinit2.o(.ARM.Collect$$libinit$$00000032)
    __rt_lib_init_exceptions_1               0x08000149   Thumb Code     0  libinit2.o(.ARM.Collect$$libinit$$00000030)
    __rt_lib_init_fp_1                       0x08000149   Thumb Code     0  libinit2.o(.ARM.Collect$$libinit$$00000002)
    __rt_lib_init_fp_trap_1                  0x08000149   Thumb Code     0  libinit2.o(.ARM.Collect$$libinit$$0000001F)
    __rt_lib_init_getenv_1                   0x08000149   Thumb Code     0  libinit2.o(.ARM.Collect$$libinit$$00000023)
    __rt_lib_init_heap_1                     0x08000149   Thumb Code     0  libinit2.o(.ARM.Collect$$libinit$$0000000A)
    __rt_lib_init_lc_collate_1               0x08000149   Thumb Code     0  libinit2.o(.ARM.Collect$$libinit$$00000011)
    __rt_lib_init_lc_ctype_1                 0x08000149   Thumb Code     0  libinit2.o(.ARM.Collect$$libinit$$00000013)
    __rt_lib_init_lc_monetary_1              0x08000149   Thumb Code     0  libinit2.o(.ARM.Collect$$libinit$$00000015)
    __rt_lib_init_lc_numeric_1               0x08000149   Thumb Code     0  libinit2.o(.ARM.Collect$$libinit$$00000017)
    __rt_lib_init_lc_time_1                  0x08000149   Thumb Code     0  libinit2.o(.ARM.Collect$$libinit$$00000019)
    __rt_lib_init_preinit_1                  0x08000149   Thumb Code     0  libinit2.o(.ARM.Collect$$libinit$$00000004)
    __rt_lib_init_rand_1                     0x08000149   Thumb Code     0  libinit2.o(.ARM.Collect$$libinit$$0000000E)
    __rt_lib_init_return                     0x08000149   Thumb Code     0  libinit2.o(.ARM.Collect$$libinit$$00000033)
    __rt_lib_init_signal_1                   0x08000149   Thumb Code     0  libinit2.o(.ARM.Collect$$libinit$$0000001D)
    __rt_lib_init_stdio_1                    0x08000149   Thumb Code     0  libinit2.o(.ARM.Collect$$libinit$$00000025)
    __rt_lib_init_user_alloc_1               0x08000149   Thumb Code     0  libinit2.o(.ARM.Collect$$libinit$$0000000C)
    __rt_lib_shutdown                        0x0800014b   Thumb Code     0  libshutdown.o(.ARM.Collect$$libshutdown$$00000000)
    __rt_lib_shutdown_cpp_1                  0x0800014d   Thumb Code     0  libshutdown2.o(.ARM.Collect$$libshutdown$$00000002)
    __rt_lib_shutdown_fp_trap_1              0x0800014d   Thumb Code     0  libshutdown2.o(.ARM.Collect$$libshutdown$$00000007)
    __rt_lib_shutdown_heap_1                 0x0800014d   Thumb Code     0  libshutdown2.o(.ARM.Collect$$libshutdown$$0000000F)
    __rt_lib_shutdown_return                 0x0800014d   Thumb Code     0  libshutdown2.o(.ARM.Collect$$libshutdown$$00000010)
    __rt_lib_shutdown_signal_1               0x0800014d   Thumb Code     0  libshutdown2.o(.ARM.Collect$$libshutdown$$0000000A)
    __rt_lib_shutdown_stdio_1                0x0800014d   Thumb Code     0  libshutdown2.o(.ARM.Collect$$libshutdown$$00000004)
    __rt_lib_shutdown_user_alloc_1           0x0800014d   Thumb Code     0  libshutdown2.o(.ARM.Collect$$libshutdown$$0000000C)
    __rt_entry                               0x0800014f   Thumb Code     0  __rtentry.o(.ARM.Collect$$rtentry$$00000000)
    __rt_entry_presh_1                       0x0800014f   Thumb Code     0  __rtentry2.o(.ARM.Collect$$rtentry$$00000002)
    __rt_entry_sh                            0x0800014f   Thumb Code     0  __rtentry4.o(.ARM.Collect$$rtentry$$00000004)
    __rt_entry_li                            0x08000155   Thumb Code     0  __rtentry2.o(.ARM.Collect$$rtentry$$0000000A)
    __rt_entry_postsh_1                      0x08000155   Thumb Code     0  __rtentry2.o(.ARM.Collect$$rtentry$$00000009)
    __rt_entry_main                          0x08000159   Thumb Code     0  __rtentry2.o(.ARM.Collect$$rtentry$$0000000D)
    __rt_entry_postli_1                      0x08000159   Thumb Code     0  __rtentry2.o(.ARM.Collect$$rtentry$$0000000C)
    __rt_exit                                0x08000161   Thumb Code     0  rtexit.o(.ARM.Collect$$rtexit$$00000000)
    __rt_exit_ls                             0x08000163   Thumb Code     0  rtexit2.o(.ARM.Collect$$rtexit$$00000003)
    __rt_exit_prels_1                        0x08000163   Thumb Code     0  rtexit2.o(.ARM.Collect$$rtexit$$00000002)
    __rt_exit_exit                           0x08000167   Thumb Code     0  rtexit2.o(.ARM.Collect$$rtexit$$00000004)
    Reset_Handler                            0x0800016d   Thumb Code     8  startup_stm32f030x6.o(.text)
    NMI_Handler                              0x08000175   Thumb Code     2  startup_stm32f030x6.o(.text)
    HardFault_Handler                        0x08000177   Thumb Code     2  startup_stm32f030x6.o(.text)
    SVC_Handler                              0x08000179   Thumb Code     2  startup_stm32f030x6.o(.text)
    PendSV_Handler                           0x0800017b   Thumb Code     2  startup_stm32f030x6.o(.text)
    ADC1_IRQHandler                          0x0800017f   Thumb Code     0  startup_stm32f030x6.o(.text)
    DMA1_Channel1_IRQHandler                 0x0800017f   Thumb Code     0  startup_stm32f030x6.o(.text)
    DMA1_Channel2_3_IRQHandler               0x0800017f   Thumb Code     0  startup_stm32f030x6.o(.text)
    DMA1_Channel4_5_IRQHandler               0x0800017f   Thumb Code     0  startup_stm32f030x6.o(.text)
    EXTI0_1_IRQHandler                       0x0800017f   Thumb Code     0  startup_stm32f030x6.o(.text)
    EXTI2_3_IRQHandler                       0x0800017f   Thumb Code     0  startup_stm32f030x6.o(.text)
    EXTI4_15_IRQHandler                      0x0800017f   Thumb Code     0  startup_stm32f030x6.o(.text)
    FLASH_IRQHandler                         0x0800017f   Thumb Code     0  startup_stm32f030x6.o(.text)
    I2C1_IRQHandler                          0x0800017f   Thumb Code     0  startup_stm32f030x6.o(.text)
    RCC_IRQHandler                           0x0800017f   Thumb Code     0  startup_stm32f030x6.o(.text)
    RTC_IRQHandler                           0x0800017f   Thumb Code     0  startup_stm32f030x6.o(.text)
    SPI1_IRQHandler                          0x0800017f   Thumb Code     0  startup_stm32f030x6.o(.text)
    TIM14_IRQHandler                         0x0800017f   Thumb Code     0  startup_stm32f030x6.o(.text)
    TIM16_IRQHandler                         0x0800017f   Thumb Code     0  startup_stm32f030x6.o(.text)
    TIM17_IRQHandler                         0x0800017f   Thumb Code     0  startup_stm32f030x6.o(.text)
    TIM1_BRK_UP_TRG_COM_IRQHandler           0x0800017f   Thumb Code     0  startup_stm32f030x6.o(.text)
    TIM1_CC_IRQHandler                       0x0800017f   Thumb Code     0  startup_stm32f030x6.o(.text)
    TIM3_IRQHandler                          0x0800017f   Thumb Code     0  startup_stm32f030x6.o(.text)
    WWDG_IRQHandler                          0x0800017f   Thumb Code     0  startup_stm32f030x6.o(.text)
    __user_initial_stackheap                 0x08000181   Thumb Code     0  startup_stm32f030x6.o(.text)
    __aeabi_uldivmod                         0x080001a5   Thumb Code   258  lludiv.o(.text)
    _ll_udiv                                 0x080001a5   Thumb Code     0  lludiv.o(.text)
    __2printf                                0x080002a9   Thumb Code    22  noretval__2printf.o(.text)
    __printf                                 0x080002c5   Thumb Code   108  __printf.o(.text)
    _printf_str                              0x08000331   Thumb Code    82  _printf_str.o(.text)
    _printf_int_dec                          0x08000385   Thumb Code    90  _printf_dec.o(.text)
    __aeabi_uidiv                            0x080003f1   Thumb Code     0  aeabi_sdiv.o(.text)
    __aeabi_uidivmod                         0x080003f1   Thumb Code    20  aeabi_sdiv.o(.text)
    __aeabi_idiv                             0x08000405   Thumb Code     0  aeabi_sdiv.o(.text)
    __aeabi_idivmod                          0x08000405   Thumb Code   326  aeabi_sdiv.o(.text)
    __use_two_region_memory                  0x0800054b   Thumb Code     2  heapauxi.o(.text)
    __rt_heap_escrow$2region                 0x0800054d   Thumb Code     2  heapauxi.o(.text)
    __rt_heap_expand$2region                 0x0800054f   Thumb Code     2  heapauxi.o(.text)
    __aeabi_f2d                              0x08000551   Thumb Code     0  f2d.o(.text)
    _f2d                                     0x08000551   Thumb Code    80  f2d.o(.text)
    __aeabi_fdiv                             0x080005a5   Thumb Code     0  fdiv.o(.text)
    _fdiv                                    0x080005a5   Thumb Code   334  fdiv.o(.text)
    _frdiv                                   0x080006f3   Thumb Code     8  fdiv.o(.text)
    __aeabi_f2uiz                            0x08000705   Thumb Code     0  ffixui.o(.text)
    _ffixu                                   0x08000705   Thumb Code    48  ffixui.o(.text)
    __aeabi_i2f_normalise                    0x08000735   Thumb Code    72  fflti.o(.text)
    __aeabi_i2f                              0x0800077d   Thumb Code    16  fflti.o(.text)
    _fflt                                    0x0800077d   Thumb Code     0  fflti.o(.text)
    __aeabi_ui2f                             0x0800078d   Thumb Code     6  fflti.o(.text)
    _ffltu                                   0x0800078d   Thumb Code     0  fflti.o(.text)
    _printf_int_common                       0x08000793   Thumb Code   176  _printf_intcommon.o(.text)
    _printf_cs_common                        0x08000843   Thumb Code    22  _printf_char.o(.text)
    _printf_char                             0x08000859   Thumb Code    16  _printf_char.o(.text)
    _printf_string                           0x08000869   Thumb Code     8  _printf_char.o(.text)
    _printf_char_file                        0x08000871   Thumb Code    34  _printf_char_file.o(.text)
    __rt_udiv10                              0x08000899   Thumb Code    40  rtudiv10.o(.text)
    __fpl_dcmp_InfNaN                        0x080008c1   Thumb Code   140  dcmpin.o(.text)
    __fpl_fcmp_InfNaN                        0x08000951   Thumb Code    96  fcmpin.o(.text)
    _printf_char_common                      0x080009bf   Thumb Code    32  _printf_char_common.o(.text)
    ferror                                   0x080009e5   Thumb Code     8  ferror.o(.text)
    __fpl_cmpreturn                          0x080009ed   Thumb Code    46  cmpret.o(.text)
    __fpl_dcheck_NaN2                        0x08000a1d   Thumb Code    14  dnan2.o(.text)
    __fpl_fcheck_NaN2                        0x08000a31   Thumb Code    10  fnan2.o(.text)
    __user_setup_stackheap                   0x08000a41   Thumb Code    62  sys_stackheap_outer.o(.text)
    exit                                     0x08000a7f   Thumb Code    16  exit.o(.text)
    __fpl_return_NaN                         0x08000a8f   Thumb Code    94  retnan.o(.text)
    __user_libspace                          0x08000aed   Thumb Code     8  libspace.o(.text)
    __user_perproc_libspace                  0x08000aed   Thumb Code     0  libspace.o(.text)
    __user_perthread_libspace                0x08000aed   Thumb Code     0  libspace.o(.text)
    _sys_exit                                0x08000af5   Thumb Code     8  sys_exit.o(.text)
    __I$use$semihosting                      0x08000b01   Thumb Code     0  use_no_semi.o(.text)
    __use_no_semihosting_swi                 0x08000b01   Thumb Code     2  use_no_semi.o(.text)
    ADC_ChannelConfig                        0x08000b03   Thumb Code    24  stm32f0xx_adc.o(i.ADC_ChannelConfig)
    __semihosting_library_function           0x08000b03   Thumb Code     0  indicate_semi.o(.text)
    ADC_Cmd                                  0x08000b1b   Thumb Code    24  stm32f0xx_adc.o(i.ADC_Cmd)
    ADC_Configuration                        0x08000b35   Thumb Code   130  adc.o(i.ADC_Configuration)
    ADC_DeInit                               0x08000bbd   Thumb Code    28  stm32f0xx_adc.o(i.ADC_DeInit)
    ADC_GetCalibrationFactor                 0x08000bdd   Thumb Code    60  stm32f0xx_adc.o(i.ADC_GetCalibrationFactor)
    ADC_GetConversionValue                   0x08000c19   Thumb Code     8  stm32f0xx_adc.o(i.ADC_GetConversionValue)
    ADC_GetFlagStatus                        0x08000c21   Thumb Code    48  stm32f0xx_adc.o(i.ADC_GetFlagStatus)
    ADC_Init                                 0x08000c51   Thumb Code    40  stm32f0xx_adc.o(i.ADC_Init)
    ADC_StartOfConversion                    0x08000c7d   Thumb Code    10  stm32f0xx_adc.o(i.ADC_StartOfConversion)
    ADC_StructInit                           0x08000c87   Thumb Code    16  stm32f0xx_adc.o(i.ADC_StructInit)
    GPIO_Init                                0x08000c97   Thumb Code   144  stm32f0xx_gpio.o(i.GPIO_Init)
    GPIO_PinAFConfig                         0x08000d27   Thumb Code    68  stm32f0xx_gpio.o(i.GPIO_PinAFConfig)
    GPIO_configuration                       0x08000d6b   Thumb Code    40  i2c.o(i.GPIO_configuration)
    I2C_ClearFlag                            0x08000d93   Thumb Code     4  stm32f0xx_i2c.o(i.I2C_ClearFlag)
    I2C_Cmd                                  0x08000d97   Thumb Code    24  stm32f0xx_i2c.o(i.I2C_Cmd)
    I2C_GenerateSTOP                         0x08000daf   Thumb Code    28  stm32f0xx_i2c.o(i.I2C_GenerateSTOP)
    I2C_GetFlagStatus                        0x08000dcb   Thumb Code    28  stm32f0xx_i2c.o(i.I2C_GetFlagStatus)
    I2C_Init                                 0x08000de9   Thumb Code    98  stm32f0xx_i2c.o(i.I2C_Init)
    I2C_Read_MultiReg                        0x08000e55   Thumb Code   160  i2c.o(i.I2C_Read_MultiReg)
    I2C_Read_Reg                             0x08000ef9   Thumb Code   146  i2c.o(i.I2C_Read_Reg)
    I2C_Read_Reg16bit                        0x08000f91   Thumb Code   184  i2c.o(i.I2C_Read_Reg16bit)
    I2C_ReceiveData                          0x0800104d   Thumb Code     8  stm32f0xx_i2c.o(i.I2C_ReceiveData)
    I2C_SendData                             0x08001055   Thumb Code     4  stm32f0xx_i2c.o(i.I2C_SendData)
    I2C_TransferHandling                     0x08001059   Thumb Code    38  stm32f0xx_i2c.o(i.I2C_TransferHandling)
    I2C_Write_MultiReg                       0x08001085   Thumb Code   184  i2c.o(i.I2C_Write_MultiReg)
    I2C_Write_Reg                            0x08001141   Thumb Code   142  i2c.o(i.I2C_Write_Reg)
    I2C_Write_Reg16bit                       0x080011d5   Thumb Code   186  i2c.o(i.I2C_Write_Reg16bit)
    I2C_Write_Reg32bit                       0x08001295   Thumb Code   202  i2c.o(i.I2C_Write_Reg32bit)
    PWM_Configuration                        0x08001365   Thumb Code   146  timer.o(i.PWM_Configuration)
    RCC_AHBPeriphClockCmd                    0x08001401   Thumb Code    28  stm32f0xx_rcc.o(i.RCC_AHBPeriphClockCmd)
    RCC_APB1PeriphClockCmd                   0x08001421   Thumb Code    28  stm32f0xx_rcc.o(i.RCC_APB1PeriphClockCmd)
    RCC_APB2PeriphClockCmd                   0x08001441   Thumb Code    28  stm32f0xx_rcc.o(i.RCC_APB2PeriphClockCmd)
    RCC_APB2PeriphResetCmd                   0x08001461   Thumb Code    28  stm32f0xx_rcc.o(i.RCC_APB2PeriphResetCmd)
    RCC_DeInit                               0x08001481   Thumb Code   102  stm32f0xx_rcc.o(i.RCC_DeInit)
    RCC_GetClocksFreq                        0x080014f9   Thumb Code   554  stm32f0xx_rcc.o(i.RCC_GetClocksFreq)
    RCC_GetSYSCLKSource                      0x08001741   Thumb Code    10  stm32f0xx_rcc.o(i.RCC_GetSYSCLKSource)
    RCC_HCLKConfig                           0x08001751   Thumb Code    28  stm32f0xx_rcc.o(i.RCC_HCLKConfig)
    RCC_HSICmd                               0x08001771   Thumb Code    32  stm32f0xx_rcc.o(i.RCC_HSICmd)
    RCC_PCLKConfig                           0x08001795   Thumb Code    30  stm32f0xx_rcc.o(i.RCC_PCLKConfig)
    RCC_SYSCLKConfig                         0x080017b9   Thumb Code    24  stm32f0xx_rcc.o(i.RCC_SYSCLKConfig)
    Read_Status_Pin                          0x080017d5   Thumb Code    28  adc.o(i.Read_Status_Pin)
    Read_status_Buzz                         0x080017f5   Thumb Code    18  timer.o(i.Read_status_Buzz)
    Read_status_VolumeBuzz                   0x08001809   Thumb Code    56  timer.o(i.Read_status_VolumeBuzz)
    SysTick32                                0x08001849   Thumb Code    14  delay.o(i.SysTick32)
    SysTick64                                0x08001861   Thumb Code    26  delay.o(i.SysTick64)
    SysTick_Handler                          0x08001885   Thumb Code    12  delay.o(i.SysTick_Handler)
    SysTick_Init                             0x08001895   Thumb Code    12  delay.o(i.SysTick_Init)
    SystemClock_Config                       0x080018a9   Thumb Code    42  delay.o(i.SystemClock_Config)
    SystemCoreClockUpdate                    0x080018d5   Thumb Code   148  system_stm32f0xx.o(i.SystemCoreClockUpdate)
    SystemInit                               0x0800197d   Thumb Code     2  system_stm32f0xx.o(i.SystemInit)
    TIM_Cmd                                  0x08001981   Thumb Code    24  stm32f0xx_tim.o(i.TIM_Cmd)
    TIM_OC1Init                              0x0800199d   Thumb Code   122  stm32f0xx_tim.o(i.TIM_OC1Init)
    TIM_TimeBaseInit                         0x08001a31   Thumb Code    90  stm32f0xx_tim.o(i.TIM_TimeBaseInit)
    Transfer_Package                         0x08001aad   Thumb Code    28  main.o(i.Transfer_Package)
    UART1_config                             0x08001ad9   Thumb Code   160  uart.o(i.UART1_config)
    USART1_IRQHandler                        0x08001b85   Thumb Code    50  uart.o(i.USART1_IRQHandler)
    USART_Cmd                                0x08001bc5   Thumb Code    24  stm32f0xx_usart.o(i.USART_Cmd)
    USART_GetFlagStatus                      0x08001bdd   Thumb Code    20  stm32f0xx_usart.o(i.USART_GetFlagStatus)
    USART_ITConfig                           0x08001bf1   Thumb Code    66  stm32f0xx_usart.o(i.USART_ITConfig)
    USART_Init                               0x08001c35   Thumb Code   226  stm32f0xx_usart.o(i.USART_Init)
    USART_ReceiveData                        0x08001d2d   Thumb Code    10  stm32f0xx_usart.o(i.USART_ReceiveData)
    USART_SendData                           0x08001d37   Thumb Code     8  stm32f0xx_usart.o(i.USART_SendData)
    add_value_tx_message                     0x08001d41   Thumb Code    28  main.o(i.add_value_tx_message)
    checkTimeoutExpired                      0x08001d61   Thumb Code    38  vl53l0x.o(i.checkTimeoutExpired)
    delay_ms                                 0x08001da1   Thumb Code    22  delay.o(i.delay_ms)
    delay_us                                 0x08001db7   Thumb Code    26  delay.o(i.delay_us)
    fputc                                    0x08001dfd   Thumb Code    32  uart.o(i.fputc)
    i2c_configuration                        0x08002065   Thumb Code   138  i2c.o(i.i2c_configuration)
    init_vl53l0x                             0x080020f9   Thumb Code  1104  vl53l0x.o(i.init_vl53l0x)
    main                                     0x08002549   Thumb Code   108  main.o(i.main)
    millis                                   0x080025bd   Thumb Code    20  delay.o(i.millis)
    readRangeContinuousMillimeters           0x08002621   Thumb Code    60  vl53l0x.o(i.readRangeContinuousMillimeters)
    round_f                                  0x08002689   Thumb Code    56  timer.o(i.round_f)
    startContinuous                          0x08002809   Thumb Code   112  vl53l0x.o(i.startContinuous)
    startTimeout                             0x0800287d   Thumb Code    16  vl53l0x.o(i.startTimeout)
    __aeabi_cdrcmple                         0x0800294d   Thumb Code     0  drlef.o(x$fpl$drleqf)
    _drcmple                                 0x0800294d   Thumb Code   100  drlef.o(x$fpl$drleqf)
    __aeabi_fadd                             0x080029b5   Thumb Code     0  faddsub.o(x$fpl$fadd)
    _fadd                                    0x080029b5   Thumb Code   134  faddsub.o(x$fpl$fadd)
    __aeabi_cfcmple                          0x08002a41   Thumb Code     0  flef.o(x$fpl$fleqf)
    _fcmple                                  0x08002a41   Thumb Code    78  flef.o(x$fpl$fleqf)
    __aeabi_fmul                             0x08002a95   Thumb Code     0  fmul.o(x$fpl$fmul)
    _fmul                                    0x08002a95   Thumb Code   172  fmul.o(x$fpl$fmul)
    __aeabi_frsub                            0x08002b45   Thumb Code     0  faddsub.o(x$fpl$frsb)
    _frsb                                    0x08002b45   Thumb Code    24  faddsub.o(x$fpl$frsb)
    __aeabi_fsub                             0x08002b5d   Thumb Code     0  faddsub.o(x$fpl$fsub)
    _fsub                                    0x08002b5d   Thumb Code   204  faddsub.o(x$fpl$fsub)
    AHBPrescTable                            0x08002c2c   Data          16  system_stm32f0xx.o(.constdata)
    __I$use$fp                               0x08002c2c   Number         0  usenofp.o(x$fpl$usenofp)
    APBPrescTable                            0x08002c3c   Data           8  system_stm32f0xx.o(.constdata)
    Region$$Table$$Base                      0x08002c84   Number         0  anon$$obj.o(Region$$Table)
    Region$$Table$$Limit                     0x08002ca4   Number         0  anon$$obj.o(Region$$Table)
    tx_message                               0x20000010   Data           8  main.o(.data)
    ptx_message                              0x20000018   Data           4  main.o(.data)
    __stdout                                 0x20000020   Data           4  uart.o(.data)
    SystemCoreClock                          0x20000028   Data           4  system_stm32f0xx.o(.data)
    _rx_buffer                               0x2000002c   Data         256  main.o(.bss)
    __libspace_start                         0x2000013c   Data          96  libspace.o(.bss)
    __temporary_stack_top$libspace           0x2000019c   Data           0  libspace.o(.bss)



==============================================================================

Memory Map of the image

  Image Entry point : 0x080000b1

  Load Region LR_IROM1 (Base: 0x08000000, Size: 0x00002cd0, Max: 0x00004000, ABSOLUTE)

    Execution Region ER_IROM1 (Base: 0x08000000, Size: 0x00002ca4, Max: 0x00004000, ABSOLUTE)

    Base Addr    Size         Type   Attr      Idx    E Section Name        Object

    0x08000000   0x000000b0   Data   RO         2257    RESET               startup_stm32f030x6.o
    0x080000b0   0x00000008   Code   RO         2338  * !!!main             c_p.l(__main.o)
    0x080000b8   0x0000003c   Code   RO         2562    !!!scatter          c_p.l(__scatter.o)
    0x080000f4   0x0000001a   Code   RO         2564    !!handler_copy      c_p.l(__scatter_copy.o)
    0x0800010e   0x00000002   PAD
    0x08000110   0x0000001c   Code   RO         2566    !!handler_zi        c_p.l(__scatter_zi.o)
    0x0800012c   0x00000002   Code   RO         2331    .ARM.Collect$$_printf_percent$$00000000  c_p.l(_printf_percent.o)
    0x0800012e   0x0000000a   Code   RO         2330    .ARM.Collect$$_printf_percent$$00000009  c_p.l(_printf_d.o)
    0x08000138   0x0000000a   Code   RO         2329    .ARM.Collect$$_printf_percent$$00000014  c_p.l(_printf_s.o)
    0x08000142   0x00000004   Code   RO         2376    .ARM.Collect$$_printf_percent$$00000017  c_p.l(_printf_percent_end.o)
    0x08000146   0x00000002   Code   RO         2429    .ARM.Collect$$libinit$$00000000  c_p.l(libinit.o)
    0x08000148   0x00000000   Code   RO         2445    .ARM.Collect$$libinit$$00000002  c_p.l(libinit2.o)
    0x08000148   0x00000000   Code   RO         2447    .ARM.Collect$$libinit$$00000004  c_p.l(libinit2.o)
    0x08000148   0x00000000   Code   RO         2450    .ARM.Collect$$libinit$$0000000A  c_p.l(libinit2.o)
    0x08000148   0x00000000   Code   RO         2452    .ARM.Collect$$libinit$$0000000C  c_p.l(libinit2.o)
    0x08000148   0x00000000   Code   RO         2454    .ARM.Collect$$libinit$$0000000E  c_p.l(libinit2.o)
    0x08000148   0x00000000   Code   RO         2457    .ARM.Collect$$libinit$$00000011  c_p.l(libinit2.o)
    0x08000148   0x00000000   Code   RO         2459    .ARM.Collect$$libinit$$00000013  c_p.l(libinit2.o)
    0x08000148   0x00000000   Code   RO         2461    .ARM.Collect$$libinit$$00000015  c_p.l(libinit2.o)
    0x08000148   0x00000000   Code   RO         2463    .ARM.Collect$$libinit$$00000017  c_p.l(libinit2.o)
    0x08000148   0x00000000   Code   RO         2465    .ARM.Collect$$libinit$$00000019  c_p.l(libinit2.o)
    0x08000148   0x00000000   Code   RO         2467    .ARM.Collect$$libinit$$0000001B  c_p.l(libinit2.o)
    0x08000148   0x00000000   Code   RO         2469    .ARM.Collect$$libinit$$0000001D  c_p.l(libinit2.o)
    0x08000148   0x00000000   Code   RO         2471    .ARM.Collect$$libinit$$0000001F  c_p.l(libinit2.o)
    0x08000148   0x00000000   Code   RO         2473    .ARM.Collect$$libinit$$00000021  c_p.l(libinit2.o)
    0x08000148   0x00000000   Code   RO         2475    .ARM.Collect$$libinit$$00000023  c_p.l(libinit2.o)
    0x08000148   0x00000000   Code   RO         2477    .ARM.Collect$$libinit$$00000025  c_p.l(libinit2.o)
    0x08000148   0x00000000   Code   RO         2481    .ARM.Collect$$libinit$$0000002C  c_p.l(libinit2.o)
    0x08000148   0x00000000   Code   RO         2483    .ARM.Collect$$libinit$$0000002E  c_p.l(libinit2.o)
    0x08000148   0x00000000   Code   RO         2485    .ARM.Collect$$libinit$$00000030  c_p.l(libinit2.o)
    0x08000148   0x00000000   Code   RO         2487    .ARM.Collect$$libinit$$00000032  c_p.l(libinit2.o)
    0x08000148   0x00000002   Code   RO         2488    .ARM.Collect$$libinit$$00000033  c_p.l(libinit2.o)
    0x0800014a   0x00000002   Code   RO         2519    .ARM.Collect$$libshutdown$$00000000  c_p.l(libshutdown.o)
    0x0800014c   0x00000000   Code   RO         2545    .ARM.Collect$$libshutdown$$00000002  c_p.l(libshutdown2.o)
    0x0800014c   0x00000000   Code   RO         2547    .ARM.Collect$$libshutdown$$00000004  c_p.l(libshutdown2.o)
    0x0800014c   0x00000000   Code   RO         2550    .ARM.Collect$$libshutdown$$00000007  c_p.l(libshutdown2.o)
    0x0800014c   0x00000000   Code   RO         2553    .ARM.Collect$$libshutdown$$0000000A  c_p.l(libshutdown2.o)
    0x0800014c   0x00000000   Code   RO         2555    .ARM.Collect$$libshutdown$$0000000C  c_p.l(libshutdown2.o)
    0x0800014c   0x00000000   Code   RO         2558    .ARM.Collect$$libshutdown$$0000000F  c_p.l(libshutdown2.o)
    0x0800014c   0x00000002   Code   RO         2559    .ARM.Collect$$libshutdown$$00000010  c_p.l(libshutdown2.o)
    0x0800014e   0x00000000   Code   RO         2361    .ARM.Collect$$rtentry$$00000000  c_p.l(__rtentry.o)
    0x0800014e   0x00000000   Code   RO         2385    .ARM.Collect$$rtentry$$00000002  c_p.l(__rtentry2.o)
    0x0800014e   0x00000006   Code   RO         2397    .ARM.Collect$$rtentry$$00000004  c_p.l(__rtentry4.o)
    0x08000154   0x00000000   Code   RO         2387    .ARM.Collect$$rtentry$$00000009  c_p.l(__rtentry2.o)
    0x08000154   0x00000004   Code   RO         2388    .ARM.Collect$$rtentry$$0000000A  c_p.l(__rtentry2.o)
    0x08000158   0x00000000   Code   RO         2390    .ARM.Collect$$rtentry$$0000000C  c_p.l(__rtentry2.o)
    0x08000158   0x00000008   Code   RO         2391    .ARM.Collect$$rtentry$$0000000D  c_p.l(__rtentry2.o)
    0x08000160   0x00000002   Code   RO         2436    .ARM.Collect$$rtexit$$00000000  c_p.l(rtexit.o)
    0x08000162   0x00000000   Code   RO         2492    .ARM.Collect$$rtexit$$00000002  c_p.l(rtexit2.o)
    0x08000162   0x00000004   Code   RO         2493    .ARM.Collect$$rtexit$$00000003  c_p.l(rtexit2.o)
    0x08000166   0x00000006   Code   RO         2494    .ARM.Collect$$rtexit$$00000004  c_p.l(rtexit2.o)
    0x0800016c   0x00000038   Code   RO         2258    .text               startup_stm32f030x6.o
    0x080001a4   0x00000102   Code   RO         2297    .text               c_p.l(lludiv.o)
    0x080002a6   0x00000002   PAD
    0x080002a8   0x0000001c   Code   RO         2301    .text               c_p.l(noretval__2printf.o)
    0x080002c4   0x0000006c   Code   RO         2303    .text               c_p.l(__printf.o)
    0x08000330   0x00000052   Code   RO         2305    .text               c_p.l(_printf_str.o)
    0x08000382   0x00000002   PAD
    0x08000384   0x0000006c   Code   RO         2307    .text               c_p.l(_printf_dec.o)
    0x080003f0   0x0000015a   Code   RO         2332    .text               c_p.l(aeabi_sdiv.o)
    0x0800054a   0x00000006   Code   RO         2336    .text               c_p.l(heapauxi.o)
    0x08000550   0x00000054   Code   RO         2342    .text               fz_ps.l(f2d.o)
    0x080005a4   0x00000160   Code   RO         2350    .text               fz_ps.l(fdiv.o)
    0x08000704   0x00000030   Code   RO         2353    .text               fz_ps.l(ffixui.o)
    0x08000734   0x0000005e   Code   RO         2355    .text               fz_ps.l(fflti.o)
    0x08000792   0x000000b0   Code   RO         2370    .text               c_p.l(_printf_intcommon.o)
    0x08000842   0x0000002e   Code   RO         2372    .text               c_p.l(_printf_char.o)
    0x08000870   0x00000028   Code   RO         2374    .text               c_p.l(_printf_char_file.o)
    0x08000898   0x00000028   Code   RO         2377    .text               c_p.l(rtudiv10.o)
    0x080008c0   0x00000090   Code   RO         2379    .text               fz_ps.l(dcmpin.o)
    0x08000950   0x00000064   Code   RO         2381    .text               fz_ps.l(fcmpin.o)
    0x080009b4   0x00000030   Code   RO         2401    .text               c_p.l(_printf_char_common.o)
    0x080009e4   0x00000008   Code   RO         2403    .text               c_p.l(ferror.o)
    0x080009ec   0x0000002e   Code   RO         2407    .text               fz_ps.l(cmpret.o)
    0x08000a1a   0x00000002   PAD
    0x08000a1c   0x00000014   Code   RO         2409    .text               fz_ps.l(dnan2.o)
    0x08000a30   0x00000010   Code   RO         2411    .text               fz_ps.l(fnan2.o)
    0x08000a40   0x0000003e   Code   RO         2413    .text               c_p.l(sys_stackheap_outer.o)
    0x08000a7e   0x00000010   Code   RO         2418    .text               c_p.l(exit.o)
    0x08000a8e   0x0000005e   Code   RO         2430    .text               fz_ps.l(retnan.o)
    0x08000aec   0x00000008   Code   RO         2432    .text               c_p.l(libspace.o)
    0x08000af4   0x0000000c   Code   RO         2489    .text               c_p.l(sys_exit.o)
    0x08000b00   0x00000002   Code   RO         2508    .text               c_p.l(use_no_semi.o)
    0x08000b02   0x00000000   Code   RO         2510    .text               c_p.l(indicate_semi.o)
    0x08000b02   0x00000018   Code   RO          976    i.ADC_ChannelConfig  stm32f0xx_adc.o
    0x08000b1a   0x00000018   Code   RO          980    i.ADC_Cmd           stm32f0xx_adc.o
    0x08000b32   0x00000002   PAD
    0x08000b34   0x00000088   Code   RO         2003    i.ADC_Configuration  adc.o
    0x08000bbc   0x00000020   Code   RO          984    i.ADC_DeInit        stm32f0xx_adc.o
    0x08000bdc   0x0000003c   Code   RO          986    i.ADC_GetCalibrationFactor  stm32f0xx_adc.o
    0x08000c18   0x00000008   Code   RO          987    i.ADC_GetConversionValue  stm32f0xx_adc.o
    0x08000c20   0x00000030   Code   RO          988    i.ADC_GetFlagStatus  stm32f0xx_adc.o
    0x08000c50   0x0000002c   Code   RO          991    i.ADC_Init          stm32f0xx_adc.o
    0x08000c7c   0x0000000a   Code   RO          994    i.ADC_StartOfConversion  stm32f0xx_adc.o
    0x08000c86   0x00000010   Code   RO          996    i.ADC_StructInit    stm32f0xx_adc.o
    0x08000c96   0x00000090   Code   RO            4    i.GPIO_Init         stm32f0xx_gpio.o
    0x08000d26   0x00000044   Code   RO            5    i.GPIO_PinAFConfig  stm32f0xx_gpio.o
    0x08000d6a   0x00000028   Code   RO         1800    i.GPIO_configuration  i2c.o
    0x08000d92   0x00000004   Code   RO          396    i.I2C_ClearFlag     stm32f0xx_i2c.o
    0x08000d96   0x00000018   Code   RO          399    i.I2C_Cmd           stm32f0xx_i2c.o
    0x08000dae   0x0000001c   Code   RO          406    i.I2C_GenerateSTOP  stm32f0xx_i2c.o
    0x08000dca   0x0000001c   Code   RO          408    i.I2C_GetFlagStatus  stm32f0xx_i2c.o
    0x08000de6   0x00000002   PAD
    0x08000de8   0x0000006c   Code   RO          414    i.I2C_Init          stm32f0xx_i2c.o
    0x08000e54   0x000000a4   Code   RO         1801    i.I2C_Read_MultiReg  i2c.o
    0x08000ef8   0x00000098   Code   RO         1802    i.I2C_Read_Reg      i2c.o
    0x08000f90   0x000000bc   Code   RO         1803    i.I2C_Read_Reg16bit  i2c.o
    0x0800104c   0x00000008   Code   RO          420    i.I2C_ReceiveData   stm32f0xx_i2c.o
    0x08001054   0x00000004   Code   RO          423    i.I2C_SendData      stm32f0xx_i2c.o
    0x08001058   0x0000002c   Code   RO          432    i.I2C_TransferHandling  stm32f0xx_i2c.o
    0x08001084   0x000000bc   Code   RO         1805    i.I2C_Write_MultiReg  i2c.o
    0x08001140   0x00000094   Code   RO         1806    i.I2C_Write_Reg     i2c.o
    0x080011d4   0x000000c0   Code   RO         1807    i.I2C_Write_Reg16bit  i2c.o
    0x08001294   0x000000d0   Code   RO         1808    i.I2C_Write_Reg32bit  i2c.o
    0x08001364   0x0000009c   Code   RO         1959    i.PWM_Configuration  timer.o
    0x08001400   0x00000020   Code   RO          130    i.RCC_AHBPeriphClockCmd  stm32f0xx_rcc.o
    0x08001420   0x00000020   Code   RO          132    i.RCC_APB1PeriphClockCmd  stm32f0xx_rcc.o
    0x08001440   0x00000020   Code   RO          134    i.RCC_APB2PeriphClockCmd  stm32f0xx_rcc.o
    0x08001460   0x00000020   Code   RO          135    i.RCC_APB2PeriphResetCmd  stm32f0xx_rcc.o
    0x08001480   0x00000078   Code   RO          143    i.RCC_DeInit        stm32f0xx_rcc.o
    0x080014f8   0x00000248   Code   RO          144    i.RCC_GetClocksFreq  stm32f0xx_rcc.o
    0x08001740   0x00000010   Code   RO          147    i.RCC_GetSYSCLKSource  stm32f0xx_rcc.o
    0x08001750   0x00000020   Code   RO          148    i.RCC_HCLKConfig    stm32f0xx_rcc.o
    0x08001770   0x00000024   Code   RO          153    i.RCC_HSICmd        stm32f0xx_rcc.o
    0x08001794   0x00000024   Code   RO          160    i.RCC_PCLKConfig    stm32f0xx_rcc.o
    0x080017b8   0x0000001c   Code   RO          166    i.RCC_SYSCLKConfig  stm32f0xx_rcc.o
    0x080017d4   0x00000020   Code   RO         2004    i.Read_Status_Pin   adc.o
    0x080017f4   0x00000012   Code   RO         1960    i.Read_status_Buzz  timer.o
    0x08001806   0x00000002   PAD
    0x08001808   0x00000040   Code   RO         1961    i.Read_status_VolumeBuzz  timer.o
    0x08001848   0x00000018   Code   RO         1878    i.SysTick32         delay.o
    0x08001860   0x00000024   Code   RO         1879    i.SysTick64         delay.o
    0x08001884   0x00000010   Code   RO         1880    i.SysTick_Handler   delay.o
    0x08001894   0x00000014   Code   RO         1881    i.SysTick_Init      delay.o
    0x080018a8   0x0000002a   Code   RO         1884    i.SystemClock_Config  delay.o
    0x080018d2   0x00000002   PAD
    0x080018d4   0x000000a8   Code   RO         2264    i.SystemCoreClockUpdate  system_stm32f0xx.o
    0x0800197c   0x00000002   Code   RO         2265    i.SystemInit        system_stm32f0xx.o
    0x0800197e   0x00000002   PAD
    0x08001980   0x0000001c   Code   RO         1184    i.TIM_Cmd           stm32f0xx_tim.o
    0x0800199c   0x00000094   Code   RO         1213    i.TIM_OC1Init       stm32f0xx_tim.o
    0x08001a30   0x0000007c   Code   RO         1257    i.TIM_TimeBaseInit  stm32f0xx_tim.o
    0x08001aac   0x0000002c   Code   RO         1739    i.Transfer_Package  main.o
    0x08001ad8   0x000000ac   Code   RO         2205    i.UART1_config      uart.o
    0x08001b84   0x00000040   Code   RO         2206    i.USART1_IRQHandler  uart.o
    0x08001bc4   0x00000018   Code   RO          667    i.USART_Cmd         stm32f0xx_usart.o
    0x08001bdc   0x00000014   Code   RO          675    i.USART_GetFlagStatus  stm32f0xx_usart.o
    0x08001bf0   0x00000042   Code   RO          678    i.USART_ITConfig    stm32f0xx_usart.o
    0x08001c32   0x00000002   PAD
    0x08001c34   0x000000f8   Code   RO          679    i.USART_Init        stm32f0xx_usart.o
    0x08001d2c   0x0000000a   Code   RO          691    i.USART_ReceiveData  stm32f0xx_usart.o
    0x08001d36   0x00000008   Code   RO          696    i.USART_SendData    stm32f0xx_usart.o
    0x08001d3e   0x00000002   PAD
    0x08001d40   0x00000020   Code   RO         1740    i.add_value_tx_message  main.o
    0x08001d60   0x0000002c   Code   RO         2029    i.checkTimeoutExpired  vl53l0x.o
    0x08001d8c   0x00000014   Code   RO         2030    i.decodeTimeout     vl53l0x.o
    0x08001da0   0x00000016   Code   RO         1885    i.delay_ms          delay.o
    0x08001db6   0x0000001a   Code   RO         1886    i.delay_us          delay.o
    0x08001dd0   0x0000002c   Code   RO         2031    i.encodeTimeout     vl53l0x.o
    0x08001dfc   0x00000024   Code   RO         2208    i.fputc             uart.o
    0x08001e20   0x000000a8   Code   RO         2032    i.getMeasurementTimingBudget  vl53l0x.o
    0x08001ec8   0x0000002a   Code   RO         2033    i.getSequenceStepEnables  vl53l0x.o
    0x08001ef2   0x0000006a   Code   RO         2034    i.getSequenceStepTimeouts  vl53l0x.o
    0x08001f5c   0x000000dc   Code   RO         2036    i.getSpadInfo       vl53l0x.o
    0x08002038   0x0000002c   Code   RO         2037    i.getVcselPulsePeriod  vl53l0x.o
    0x08002064   0x00000094   Code   RO         1809    i.i2c_configuration  i2c.o
    0x080020f8   0x00000450   Code   RO         2038    i.init_vl53l0x      vl53l0x.o
    0x08002548   0x00000074   Code   RO         1741    i.main              main.o
    0x080025bc   0x00000014   Code   RO         1887    i.millis            delay.o
    0x080025d0   0x00000038   Code   RO         2039    i.performSingleRefCalibration  vl53l0x.o
    0x08002608   0x00000016   Code   RO         2040    i.readMulti         vl53l0x.o
    0x0800261e   0x00000002   PAD
    0x08002620   0x00000044   Code   RO         2041    i.readRangeContinuousMillimeters  vl53l0x.o
    0x08002664   0x00000012   Code   RO         2043    i.readReg           vl53l0x.o
    0x08002676   0x00000012   Code   RO         2044    i.readReg16Bit      vl53l0x.o
    0x08002688   0x0000003c   Code   RO         1963    i.round_f           timer.o
    0x080026c4   0x000000f8   Code   RO         2046    i.setMeasurementTimingBudget  vl53l0x.o
    0x080027bc   0x0000004c   Code   RO         2047    i.setSignalRateLimit  vl53l0x.o
    0x08002808   0x00000074   Code   RO         2049    i.startContinuous   vl53l0x.o
    0x0800287c   0x00000014   Code   RO         2050    i.startTimeout      vl53l0x.o
    0x08002890   0x00000038   Code   RO         2052    i.timeoutMclksToMicroseconds  vl53l0x.o
    0x080028c8   0x00000038   Code   RO         2053    i.timeoutMicrosecondsToMclks  vl53l0x.o
    0x08002900   0x00000016   Code   RO         2055    i.writeMulti        vl53l0x.o
    0x08002916   0x00000012   Code   RO         2056    i.writeReg          vl53l0x.o
    0x08002928   0x00000012   Code   RO         2057    i.writeReg16Bit     vl53l0x.o
    0x0800293a   0x00000012   Code   RO         2058    i.writeReg32Bit     vl53l0x.o
    0x0800294c   0x00000068   Code   RO         2340    x$fpl$drleqf        fz_ps.l(drlef.o)
    0x080029b4   0x0000008c   Code   RO         2344    x$fpl$fadd          fz_ps.l(faddsub.o)
    0x08002a40   0x00000054   Code   RO         2357    x$fpl$fleqf         fz_ps.l(flef.o)
    0x08002a94   0x000000b0   Code   RO         2359    x$fpl$fmul          fz_ps.l(fmul.o)
    0x08002b44   0x00000018   Code   RO         2345    x$fpl$frsb          fz_ps.l(faddsub.o)
    0x08002b5c   0x000000d0   Code   RO         2346    x$fpl$fsub          fz_ps.l(faddsub.o)
    0x08002c2c   0x00000000   Code   RO         2383    x$fpl$usenofp       fz_ps.l(usenofp.o)
    0x08002c2c   0x00000018   Data   RO         2266    .constdata          system_stm32f0xx.o
    0x08002c44   0x00000040   Data   RO         2351    .constdata          fz_ps.l(fdiv.o)
    0x08002c84   0x00000020   Data   RO         2560    Region$$Table       anon$$obj.o


    Execution Region RW_IRAM1 (Base: 0x20000000, Size: 0x000007a0, Max: 0x00001000, ABSOLUTE)

    Base Addr    Size         Type   Attr      Idx    E Section Name        Object

    0x20000000   0x00000010   Data   RW          170    .data               stm32f0xx_rcc.o
    0x20000010   0x0000000c   Data   RW         1743    .data               main.o
    0x2000001c   0x00000004   Data   RW         1888    .data               delay.o
    0x20000020   0x00000005   Data   RW         2209    .data               uart.o
    0x20000025   0x00000003   PAD
    0x20000028   0x00000004   Data   RW         2267    .data               system_stm32f0xx.o
    0x2000002c   0x00000100   Zero   RW         1742    .bss                main.o
    0x2000012c   0x00000010   Zero   RW         2059    .bss                vl53l0x.o
    0x2000013c   0x00000060   Zero   RW         2433    .bss                c_p.l(libspace.o)
    0x2000019c   0x00000004   PAD
    0x200001a0   0x00000200   Zero   RW         2256    HEAP                startup_stm32f030x6.o
    0x200003a0   0x00000400   Zero   RW         2255    STACK               startup_stm32f030x6.o


==============================================================================

Image component sizes


      Code (inc. data)   RO Data    RW Data    ZI Data      Debug   Object Name

       168         10          0          0          0       1026   adc.o
       206         32          0          4          0       3949   delay.o
      1428         46          0          0          0       6123   i2c.o
       192         28          0         12        256       2357   main.o
        56         26        176          0       1536        632   startup_stm32f030x6.o
       266          8          0          0          0      14083   stm32f0xx_adc.o
       212          0          0          0          0     181671   stm32f0xx_gpio.o
       248         16          0          0          0      11780   stm32f0xx_i2c.o
       980         88          0         16          0       7588   stm32f0xx_rcc.o
       300         64          0          0          0      22603   stm32f0xx_tim.o
       376         22          0          0          0      14457   stm32f0xx_usart.o
       170         20         24          4          0       1755   system_stm32f0xx.o
       298         22          0          0          0       2206   timer.o
       272         30          0          5          0       9825   uart.o
      2622         78          0          0         16      17903   vl53l0x.o

    ----------------------------------------------------------------------
      7810        490        232         44       1808     297958   Object Totals
         0          0         32          0          0          0   (incl. Generated)
        16          0          0          3          0          0   (incl. Padding)

    ----------------------------------------------------------------------

      Code (inc. data)   RO Data    RW Data    ZI Data      Debug   Library Member Name

         8          0          0          0          0         68   __main.o
       108          0          0          0          0         76   __printf.o
         0          0          0          0          0          0   __rtentry.o
        12          0          0          0          0          0   __rtentry2.o
         6          0          0          0          0          0   __rtentry4.o
        60          8          0          0          0          0   __scatter.o
        26          0          0          0          0          0   __scatter_copy.o
        28          0          0          0          0          0   __scatter_zi.o
        46          0          0          0          0        100   _printf_char.o
        48          6          0          0          0         88   _printf_char_common.o
        40          6          0          0          0         72   _printf_char_file.o
        10          0          0          0          0          0   _printf_d.o
       108         18          0          0          0         76   _printf_dec.o
       176          0          0          0          0         84   _printf_intcommon.o
         2          0          0          0          0          0   _printf_percent.o
         4          0          0          0          0          0   _printf_percent_end.o
        10          0          0          0          0          0   _printf_s.o
        82          0          0          0          0         72   _printf_str.o
       346          0          0          0          0         92   aeabi_sdiv.o
        16          0          0          0          0         68   exit.o
         8          0          0          0          0         60   ferror.o
         6          0          0          0          0        136   heapauxi.o
         0          0          0          0          0          0   indicate_semi.o
         2          0          0          0          0          0   libinit.o
         2          0          0          0          0          0   libinit2.o
         2          0          0          0          0          0   libshutdown.o
         2          0          0          0          0          0   libshutdown2.o
         8          4          0          0         96         68   libspace.o
       258          0          0          0          0         88   lludiv.o
        28          6          0          0          0         84   noretval__2printf.o
         2          0          0          0          0          0   rtexit.o
        10          0          0          0          0          0   rtexit2.o
        40          0          0          0          0         60   rtudiv10.o
        12          4          0          0          0         60   sys_exit.o
        62          0          0          0          0         80   sys_stackheap_outer.o
         2          0          0          0          0         68   use_no_semi.o
        46          0          0          0          0         60   cmpret.o
       144          4          0          0          0         76   dcmpin.o
        20          6          0          0          0         68   dnan2.o
       104          4          0          0          0        104   drlef.o
        84          4          0          0          0         60   f2d.o
       372          8          0          0          0        240   faddsub.o
       100          4          0          0          0         68   fcmpin.o
       352         10         64          0          0         92   fdiv.o
        48          0          0          0          0         60   ffixui.o
        94          0          0          0          0         92   fflti.o
        84          4          0          0          0         76   flef.o
       176          4          0          0          0         80   fmul.o
        16          6          0          0          0         68   fnan2.o
        94          0          0          0          0         68   retnan.o
         0          0          0          0          0          0   usenofp.o

    ----------------------------------------------------------------------
      3322        106         64          0        100       2712   Library Totals
         8          0          0          0          4          0   (incl. Padding)

    ----------------------------------------------------------------------

      Code (inc. data)   RO Data    RW Data    ZI Data      Debug   Library Name

      1580         52          0          0         96       1500   c_p.l
      1734         54         64          0          0       1212   fz_ps.l

    ----------------------------------------------------------------------
      3322        106         64          0        100       2712   Library Totals

    ----------------------------------------------------------------------

==============================================================================


      Code (inc. data)   RO Data    RW Data    ZI Data      Debug   

     11132        596        296         44       1908     295286   Grand Totals
     11132        596        296         44       1908     295286   ELF Image Totals
     11132        596        296         44          0          0   ROM Totals

==============================================================================

    Total RO  Size (Code + RO Data)                11428 (  11.16kB)
    Total RW  Size (RW Data + ZI Data)              1952 (   1.91kB)
    Total ROM Size (Code + RO Data + RW Data)      11472 (  11.20kB)

==============================================================================

