Component: ARM Compiler 5.06 update 1 (build 61) Tool: armlink [4d35a8]

==============================================================================

Section Cross References

    stm32f0xx_gpio.o(i.GPIO_DeInit) refers to stm32f0xx_rcc.o(i.RCC_AHBPeriphResetCmd) for RCC_AHBPeriphResetCmd
    stm32f0xx_rcc.o(i.RCC_GetClocksFreq) refers to aeabi_sdiv.o(.text) for __aeabi_uidivmod
    stm32f0xx_rcc.o(i.RCC_GetClocksFreq) refers to stm32f0xx_rcc.o(.data) for APBAHBPrescTable
    stm32f0xx_rcc.o(i.RCC_WaitForHSEStartUp) refers to stm32f0xx_rcc.o(i.RCC_GetFlagStatus) for RCC_GetFlagStatus
    stm32f0xx_i2c.o(i.I2C_DeInit) refers to stm32f0xx_rcc.o(i.RCC_APB1PeriphResetCmd) for RCC_APB1PeriphResetCmd
    stm32f0xx_usart.o(i.USART_DeInit) refers to stm32f0xx_rcc.o(i.RCC_APB2PeriphResetCmd) for RCC_APB2PeriphResetCmd
    stm32f0xx_usart.o(i.USART_DeInit) refers to stm32f0xx_rcc.o(i.RCC_APB1PeriphResetCmd) for RCC_APB1PeriphResetCmd
    stm32f0xx_usart.o(i.USART_Init) refers to stm32f0xx_rcc.o(i.RCC_GetClocksFreq) for RCC_GetClocksFreq
    stm32f0xx_usart.o(i.USART_Init) refers to aeabi_sdiv.o(.text) for __aeabi_uidivmod
    stm32f0xx_adc.o(i.ADC_DeInit) refers to stm32f0xx_rcc.o(i.RCC_APB2PeriphResetCmd) for RCC_APB2PeriphResetCmd
    stm32f0xx_tim.o(i.TIM_DeInit) refers to stm32f0xx_rcc.o(i.RCC_APB2PeriphResetCmd) for RCC_APB2PeriphResetCmd
    stm32f0xx_tim.o(i.TIM_DeInit) refers to stm32f0xx_rcc.o(i.RCC_APB1PeriphResetCmd) for RCC_APB1PeriphResetCmd
    stm32f0xx_tim.o(i.TIM_ETRClockMode1Config) refers to stm32f0xx_tim.o(i.TIM_ETRConfig) for TIM_ETRConfig
    stm32f0xx_tim.o(i.TIM_ETRClockMode2Config) refers to stm32f0xx_tim.o(i.TIM_ETRConfig) for TIM_ETRConfig
    stm32f0xx_tim.o(i.TIM_ICInit) refers to stm32f0xx_tim.o(i.TI1_Config) for TI1_Config
    stm32f0xx_tim.o(i.TIM_ICInit) refers to stm32f0xx_tim.o(i.TIM_SetIC1Prescaler) for TIM_SetIC1Prescaler
    stm32f0xx_tim.o(i.TIM_ICInit) refers to stm32f0xx_tim.o(i.TI2_Config) for TI2_Config
    stm32f0xx_tim.o(i.TIM_ICInit) refers to stm32f0xx_tim.o(i.TIM_SetIC2Prescaler) for TIM_SetIC2Prescaler
    stm32f0xx_tim.o(i.TIM_ICInit) refers to stm32f0xx_tim.o(i.TI3_Config) for TI3_Config
    stm32f0xx_tim.o(i.TIM_ICInit) refers to stm32f0xx_tim.o(i.TIM_SetIC3Prescaler) for TIM_SetIC3Prescaler
    stm32f0xx_tim.o(i.TIM_ICInit) refers to stm32f0xx_tim.o(i.TI4_Config) for TI4_Config
    stm32f0xx_tim.o(i.TIM_ICInit) refers to stm32f0xx_tim.o(i.TIM_SetIC4Prescaler) for TIM_SetIC4Prescaler
    stm32f0xx_tim.o(i.TIM_ITRxExternalClockConfig) refers to stm32f0xx_tim.o(i.TIM_SelectInputTrigger) for TIM_SelectInputTrigger
    stm32f0xx_tim.o(i.TIM_PWMIConfig) refers to stm32f0xx_tim.o(i.TI1_Config) for TI1_Config
    stm32f0xx_tim.o(i.TIM_PWMIConfig) refers to stm32f0xx_tim.o(i.TIM_SetIC1Prescaler) for TIM_SetIC1Prescaler
    stm32f0xx_tim.o(i.TIM_PWMIConfig) refers to stm32f0xx_tim.o(i.TI2_Config) for TI2_Config
    stm32f0xx_tim.o(i.TIM_PWMIConfig) refers to stm32f0xx_tim.o(i.TIM_SetIC2Prescaler) for TIM_SetIC2Prescaler
    stm32f0xx_tim.o(i.TIM_TIxExternalClockConfig) refers to stm32f0xx_tim.o(i.TI2_Config) for TI2_Config
    stm32f0xx_tim.o(i.TIM_TIxExternalClockConfig) refers to stm32f0xx_tim.o(i.TI1_Config) for TI1_Config
    stm32f0xx_tim.o(i.TIM_TIxExternalClockConfig) refers to stm32f0xx_tim.o(i.TIM_SelectInputTrigger) for TIM_SelectInputTrigger
    main.o(i.add_value_tx_message) refers to main.o(.data) for ptx_message
    main.o(i.main) refers to _printf_percent.o(.ARM.Collect$$_printf_percent$$00000000) for _printf_percent
    main.o(i.main) refers to _printf_d.o(.ARM.Collect$$_printf_percent$$00000009) for _printf_d
    main.o(i.main) refers to _printf_dec.o(.text) for _printf_int_dec
    main.o(i.main) refers to delay.o(i.SystemClock_Config) for SystemClock_Config
    main.o(i.main) refers to system_stm32f0xx.o(i.SystemCoreClockUpdate) for SystemCoreClockUpdate
    main.o(i.main) refers to delay.o(i.SysTick_Init) for SysTick_Init
    main.o(i.main) refers to vl53l0x.o(i.init_vl53l0x) for init_vl53l0x
    main.o(i.main) refers to vl53l0x.o(i.startContinuous) for startContinuous
    main.o(i.main) refers to uart.o(i.UART1_config) for UART1_config
    main.o(i.main) refers to adc.o(i.ADC_Configuration) for ADC_Configuration
    main.o(i.main) refers to timer.o(i.PWM_Configuration) for PWM_Configuration
    main.o(i.main) refers to timer.o(i.Read_status_Buzz) for Read_status_Buzz
    main.o(i.main) refers to timer.o(i.Read_status_VolumeBuzz) for Read_status_VolumeBuzz
    main.o(i.main) refers to adc.o(i.Read_Status_Pin) for Read_Status_Pin
    main.o(i.main) refers to vl53l0x.o(i.readRangeContinuousMillimeters) for readRangeContinuousMillimeters
    main.o(i.main) refers to main.o(i.add_value_tx_message) for add_value_tx_message
    main.o(i.main) refers to noretval__2printf.o(.text) for __2printf
    main.o(i.main) refers to delay.o(i.delay_ms) for delay_ms
    main.o(i.main) refers to main.o(.data) for tx_message
[...]
    Removing stm32f0xx_usart.o(i.USART_SetGuardTime), (16 bytes).
    Removing stm32f0xx_usart.o(i.USART_SetPrescaler), (18 bytes).
    Removing stm32f0xx_usart.o(i.USART_SetReceiverTimeOut), (16 bytes).
    Removing stm32f0xx_usart.o(i.USART_SmartCardCmd), (24 bytes).
    Removing stm32f0xx_usart.o(i.USART_SmartCardNACKCmd), (24 bytes).
    Removing stm32f0xx_usart.o(i.USART_StopModeWakeUpSourceConfig), (18 bytes).
    Removing stm32f0xx_usart.o(i.USART_StructInit), (24 bytes).
    Removing stm32f0xx_adc.o(.rev16_text), (4 bytes).
    Removing stm32f0xx_adc.o(.revsh_text), (4 bytes).
    Removing stm32f0xx_adc.o(i.ADC_AnalogWatchdogCmd), (28 bytes).
    Removing stm32f0xx_adc.o(i.ADC_AnalogWatchdogSingleChannelCmd), (28 bytes).
    Removing stm32f0xx_adc.o(i.ADC_AnalogWatchdogSingleChannelConfig), (28 bytes).
    Removing stm32f0xx_adc.o(i.ADC_AnalogWatchdogThresholdsConfig), (8 bytes).
    Removing stm32f0xx_adc.o(i.ADC_AutoPowerOffCmd), (28 bytes).
    Removing stm32f0xx_adc.o(i.ADC_ClearFlag), (4 bytes).
    Removing stm32f0xx_adc.o(i.ADC_ClearITPendingBit), (4 bytes).
    Removing stm32f0xx_adc.o(i.ADC_ClockModeConfig), (4 bytes).
    Removing stm32f0xx_adc.o(i.ADC_ContinuousModeCmd), (28 bytes).
    Removing stm32f0xx_adc.o(i.ADC_DMACmd), (24 bytes).
    Removing stm32f0xx_adc.o(i.ADC_DMARequestModeConfig), (16 bytes).
    Removing stm32f0xx_adc.o(i.ADC_DiscModeCmd), (28 bytes).
    Removing stm32f0xx_adc.o(i.ADC_GetITStatus), (34 bytes).
    Removing stm32f0xx_adc.o(i.ADC_ITConfig), (20 bytes).
    Removing stm32f0xx_adc.o(i.ADC_JitterCmd), (20 bytes).
    Removing stm32f0xx_adc.o(i.ADC_OverrunModeCmd), (28 bytes).
    Removing stm32f0xx_adc.o(i.ADC_StopOfConversion), (10 bytes).
    Removing stm32f0xx_adc.o(i.ADC_TempSensorCmd), (40 bytes).
    Removing stm32f0xx_adc.o(i.ADC_VbatCmd), (40 bytes).
    Removing stm32f0xx_adc.o(i.ADC_VrefintCmd), (40 bytes).
    Removing stm32f0xx_adc.o(i.ADC_WaitModeCmd), (28 bytes).
    Removing stm32f0xx_tim.o(.rev16_text), (4 bytes).
    Removing stm32f0xx_tim.o(.revsh_text), (4 bytes).
    Removing stm32f0xx_tim.o(i.TI1_Config), (56 bytes).
    Removing stm32f0xx_tim.o(i.TI2_Config), (76 bytes).
    Removing stm32f0xx_tim.o(i.TI3_Config), (72 bytes).
    Removing stm32f0xx_tim.o(i.TI4_Config), (80 bytes).
    Removing stm32f0xx_tim.o(i.TIM_ARRPreloadConfig), (28 bytes).
    Removing stm32f0xx_tim.o(i.TIM_BDTRConfig), (32 bytes).
    Removing stm32f0xx_tim.o(i.TIM_BDTRStructInit), (18 bytes).
    Removing stm32f0xx_tim.o(i.TIM_CCPreloadControl), (28 bytes).
    Removing stm32f0xx_tim.o(i.TIM_CCxCmd), (30 bytes).
    Removing stm32f0xx_tim.o(i.TIM_CCxNCmd), (30 bytes).
    Removing stm32f0xx_tim.o(i.TIM_ClearFlag), (6 bytes).
    Removing stm32f0xx_tim.o(i.TIM_ClearITPendingBit), (6 bytes).
    Removing stm32f0xx_tim.o(i.TIM_ClearOC1Ref), (24 bytes).
    Removing stm32f0xx_tim.o(i.TIM_ClearOC2Ref), (20 bytes).
    Removing stm32f0xx_tim.o(i.TIM_ClearOC3Ref), (24 bytes).
    Removing stm32f0xx_tim.o(i.TIM_ClearOC4Ref), (20 bytes).
    Removing stm32f0xx_tim.o(i.TIM_CounterModeConfig), (24 bytes).
    Removing stm32f0xx_tim.o(i.TIM_CtrlPWMOutputs), (34 bytes).
    Removing stm32f0xx_tim.o(i.TIM_DMACmd), (20 bytes).
    Removing stm32f0xx_tim.o(i.TIM_DMAConfig), (12 bytes).
    Removing stm32f0xx_tim.o(i.TIM_DeInit), (260 bytes).
    Removing stm32f0xx_tim.o(i.TIM_ETRClockMode1Config), (52 bytes).
    Removing stm32f0xx_tim.o(i.TIM_ETRClockMode2Config), (34 bytes).
    Removing stm32f0xx_tim.o(i.TIM_ETRConfig), (24 bytes).
    Removing stm32f0xx_tim.o(i.TIM_EncoderInterfaceConfig), (68 bytes).
    Removing stm32f0xx_tim.o(i.TIM_ForcedOC1Config), (24 bytes).
    Removing stm32f0xx_tim.o(i.TIM_ForcedOC2Config), (24 bytes).
    Removing stm32f0xx_tim.o(i.TIM_ForcedOC3Config), (24 bytes).
    Removing stm32f0xx_tim.o(i.TIM_ForcedOC4Config), (24 bytes).
    Removing stm32f0xx_tim.o(i.TIM_GenerateEvent), (4 bytes).
    Removing stm32f0xx_tim.o(i.TIM_GetCapture1), (6 bytes).
    Removing stm32f0xx_tim.o(i.TIM_GetCapture2), (6 bytes).
    Removing stm32f0xx_tim.o(i.TIM_GetCapture3), (6 bytes).
    Removing stm32f0xx_tim.o(i.TIM_GetCapture4), (6 bytes).
    Removing stm32f0xx_tim.o(i.TIM_GetCounter), (6 bytes).
    Removing stm32f0xx_tim.o(i.TIM_GetFlagStatus), (20 bytes).
    Removing stm32f0xx_tim.o(i.TIM_GetITStatus), (38 bytes).
    Removing stm32f0xx_tim.o(i.TIM_GetPrescaler), (6 bytes).
    Removing stm32f0xx_tim.o(i.TIM_ICInit), (112 bytes).
    Removing stm32f0xx_tim.o(i.TIM_ICStructInit), (18 bytes).
    Removing stm32f0xx_tim.o(i.TIM_ITConfig), (20 bytes).
    Removing stm32f0xx_tim.o(i.TIM_ITRxExternalClockConfig), (24 bytes).
    Removing stm32f0xx_tim.o(i.TIM_InternalClockConfig), (16 bytes).
    Removing stm32f0xx_tim.o(i.TIM_OC1FastConfig), (24 bytes).
    Removing stm32f0xx_tim.o(i.TIM_OC1NPolarityConfig), (24 bytes).
    Removing stm32f0xx_tim.o(i.TIM_OC1PolarityConfig), (24 bytes).
    Removing stm32f0xx_tim.o(i.TIM_OC1PreloadConfig), (24 bytes).
    Removing stm32f0xx_tim.o(i.TIM_OC2FastConfig), (24 bytes).
    Removing stm32f0xx_tim.o(i.TIM_OC2Init), (172 bytes).
    Removing stm32f0xx_tim.o(i.TIM_OC2NPolarityConfig), (24 bytes).
    Removing stm32f0xx_tim.o(i.TIM_OC2PolarityConfig), (24 bytes).
    Removing stm32f0xx_tim.o(i.TIM_OC2PreloadConfig), (24 bytes).
    Removing stm32f0xx_tim.o(i.TIM_OC3FastConfig), (24 bytes).
    Removing stm32f0xx_tim.o(i.TIM_OC3Init), (152 bytes).
    Removing stm32f0xx_tim.o(i.TIM_OC3NPolarityConfig), (24 bytes).
    Removing stm32f0xx_tim.o(i.TIM_OC3PolarityConfig), (24 bytes).
    Removing stm32f0xx_tim.o(i.TIM_OC3PreloadConfig), (24 bytes).
    Removing stm32f0xx_tim.o(i.TIM_OC4FastConfig), (24 bytes).
    Removing stm32f0xx_tim.o(i.TIM_OC4Init), (112 bytes).
    Removing stm32f0xx_tim.o(i.TIM_OC4PolarityConfig), (24 bytes).
    Removing stm32f0xx_tim.o(i.TIM_OC4PreloadConfig), (24 bytes).
    Removing stm32f0xx_tim.o(i.TIM_OCStructInit), (20 bytes).
    Removing stm32f0xx_tim.o(i.TIM_PWMIConfig), (124 bytes).
    Removing stm32f0xx_tim.o(i.TIM_PrescalerConfig), (6 bytes).
    Removing stm32f0xx_tim.o(i.TIM_RemapConfig), (6 bytes).
    Removing stm32f0xx_tim.o(i.TIM_SelectCCDMA), (28 bytes).
    Removing stm32f0xx_tim.o(i.TIM_SelectCOM), (28 bytes).
    Removing stm32f0xx_tim.o(i.TIM_SelectHallSensor), (28 bytes).
    Removing stm32f0xx_tim.o(i.TIM_SelectInputTrigger), (24 bytes).
    Removing stm32f0xx_tim.o(i.TIM_SelectMasterSlaveMode), (20 bytes).
    Removing stm32f0xx_tim.o(i.TIM_SelectOCREFClear), (20 bytes).
    Removing stm32f0xx_tim.o(i.TIM_SelectOCxM), (82 bytes).
    Removing stm32f0xx_tim.o(i.TIM_SelectOnePulseMode), (20 bytes).
    Removing stm32f0xx_tim.o(i.TIM_SelectOutputTrigger), (20 bytes).
    Removing stm32f0xx_tim.o(i.TIM_SelectSlaveMode), (20 bytes).
    Removing stm32f0xx_tim.o(i.TIM_SetAutoreload), (4 bytes).
    Removing stm32f0xx_tim.o(i.TIM_SetClockDivision), (20 bytes).
    Removing stm32f0xx_tim.o(i.TIM_SetCompare1), (4 bytes).
    Removing stm32f0xx_tim.o(i.TIM_SetCompare2), (4 bytes).
    Removing stm32f0xx_tim.o(i.TIM_SetCompare3), (4 bytes).
    Removing stm32f0xx_tim.o(i.TIM_SetCompare4), (4 bytes).
    Removing stm32f0xx_tim.o(i.TIM_SetCounter), (4 bytes).
    Removing stm32f0xx_tim.o(i.TIM_SetIC1Prescaler), (20 bytes).
    Removing stm32f0xx_tim.o(i.TIM_SetIC2Prescaler), (24 bytes).
    Removing stm32f0xx_tim.o(i.TIM_SetIC3Prescaler), (20 bytes).
    Removing stm32f0xx_tim.o(i.TIM_SetIC4Prescaler), (24 bytes).
    Removing stm32f0xx_tim.o(i.TIM_TIxExternalClockConfig), (58 bytes).
    Removing stm32f0xx_tim.o(i.TIM_TimeBaseStructInit), (18 bytes).
    Removing stm32f0xx_tim.o(i.TIM_UpdateDisableConfig), (28 bytes).
    Removing stm32f0xx_tim.o(i.TIM_UpdateRequestConfig), (28 bytes).
    Removing main.o(.rev16_text), (4 bytes).
    Removing main.o(.revsh_text), (4 bytes).
    Removing i2c.o(.rev16_text), (4 bytes).
    Removing i2c.o(.revsh_text), (4 bytes).
    Removing i2c.o(i.I2C_Read_Reg32bit), (204 bytes).
    Removing delay.o(.rev16_text), (4 bytes).
    Removing delay.o(.revsh_text), (4 bytes).
    Removing delay.o(i.SysTick24), (12 bytes).
    Removing delay.o(i.SysTick_Micros), (18 bytes).
    Removing delay.o(i.SysTick_Millis), (20 bytes).
    Removing timer.o(.rev16_text), (4 bytes).
    Removing timer.o(.revsh_text), (4 bytes).
    Removing timer.o(i.Update_status_VolumeBuzz), (12 bytes).
    Removing adc.o(.rev16_text), (4 bytes).
    Removing adc.o(.revsh_text), (4 bytes).
    Removing vl53l0x.o(.rev16_text), (4 bytes).
    Removing vl53l0x.o(.revsh_text), (4 bytes).
    Removing vl53l0x.o(i.getSignalRateLimit), (26 bytes).
    Removing vl53l0x.o(i.readRangeSingleMillimeters), (120 bytes).
    Removing vl53l0x.o(i.readReg32Bit), (18 bytes).
    Removing vl53l0x.o(i.setVcselPulsePeriod), (544 bytes).
    Removing vl53l0x.o(i.stopContinuous), (52 bytes).
    Removing vl53l0x.o(i.timeoutOccurred), (16 bytes).
    Removing uart.o(.rev16_text), (4 bytes).
    Removing uart.o(.revsh_text), (4 bytes).
    Removing uart.o(i._write), (48 bytes).
    Removing system_stm32f0xx.o(.rev16_text), (4 bytes).
    Removing system_stm32f0xx.o(.revsh_text), (4 bytes).

269 unused section(s) (total 8160 bytes) removed from the image.

==============================================================================

Image Symbol Table

    Local Symbols

    Symbol Name                              Value     Ov Type        Size  Object(Section)

    ../clib/angel/boardlib.s                 0x00000000   Number         0  boardinit2.o ABSOLUTE
    ../clib/angel/boardlib.s                 0x00000000   Number         0  boardinit3.o ABSOLUTE
    ../clib/angel/boardlib.s                 0x00000000   Number         0  boardshut.o ABSOLUTE
    ../clib/angel/boardlib.s                 0x00000000   Number         0  boardinit1.o ABSOLUTE
    ../clib/angel/handlers.s                 0x00000000   Number         0  __scatter_copy.o ABSOLUTE
    ../clib/angel/handlers.s                 0x00000000   Number         0  __scatter_zi.o ABSOLUTE
    ../clib/angel/kernel.s                   0x00000000   Number         0  __rtentry.o ABSOLUTE
    ../clib/angel/kernel.s                   0x00000000   Number         0  rtexit.o ABSOLUTE
    ../clib/angel/kernel.s                   0x00000000   Number         0  __rtentry2.o ABSOLUTE
    ../clib/angel/kernel.s                   0x00000000   Number         0  __rtentry4.o ABSOLUTE
    ../clib/angel/kernel.s                   0x00000000   Number         0  rtexit2.o ABSOLUTE
    ../clib/angel/rt.s                       0x00000000   Number         0  aeabi_idiv0_sigfpe.o ABSOLUTE
    ../clib/angel/rt.s                       0x00000000   Number         0  aeabi_ldiv0_sigfpe.o ABSOLUTE
    ../clib/angel/rt.s                       0x00000000   Number         0  aeabi_ldiv0.o ABSOLUTE
    ../clib/angel/rt.s                       0x00000000   Number         0  rt_div0.o ABSOLUTE
    ../clib/angel/rt.s                       0x00000000   Number         0  aeabi_idiv0.o ABSOLUTE
    ../clib/angel/rt.s                       0x00000000   Number         0  rt_raise.o ABSOLUTE
    ../clib/angel/scatterp.s                 0x00000000   Number         0  __scatter.o ABSOLUTE
    ../clib/angel/startup.s                  0x00000000   Number         0  __main.o ABSOLUTE
    ../clib/angel/sys.s                      0x00000000   Number         0  tempstk.o ABSOLUTE
    ../clib/angel/sys.s                      0x00000000   Number         0  sys_stackheap_outer.o ABSOLUTE
    ../clib/angel/sys.s                      0x00000000   Number         0  use_no_semi.o ABSOLUTE
    ../clib/angel/sys.s                      0x00000000   Number         0  indicate_semi.o ABSOLUTE
    ../clib/angel/sys.s                      0x00000000   Number         0  libspace.o ABSOLUTE
    ../clib/angel/sysapp.c                   0x00000000   Number         0  sys_command.o ABSOLUTE
    ../clib/angel/sysapp.c                   0x00000000   Number         0  sys_exit.o ABSOLUTE
    ../clib/angel/sysapp.c                   0x00000000   Number         0  sys_wrch.o ABSOLUTE
    ../clib/armsys.c                         0x00000000   Number         0  _get_argv_nomalloc.o ABSOLUTE
    ../clib/armsys.c                         0x00000000   Number         0  no_argv.o ABSOLUTE
    ../clib/armsys.c                         0x00000000   Number         0  argv_veneer.o ABSOLUTE
    ../clib/division.c                       0x00000000   Number         0  rtudiv10.o ABSOLUTE
    ../clib/division.c                       0x00000000   Number         0  lludiv.o ABSOLUTE
    ../clib/division.s                       0x00000000   Number         0  aeabi_sdiv.o ABSOLUTE
    ../clib/division.s                       0x00000000   Number         0  aeabi_sdiv_div0.o ABSOLUTE
    ../clib/heapalloc.c                      0x00000000   Number         0  hrguard.o ABSOLUTE
    ../clib/heapaux.c                        0x00000000   Number         0  heapauxi.o ABSOLUTE
    ../clib/libinit.s                        0x00000000   Number         0  libshutdown2.o ABSOLUTE
    ../clib/libinit.s                        0x00000000   Number         0  libinit2.o ABSOLUTE
    ../clib/libinit.s                        0x00000000   Number         0  libshutdown.o ABSOLUTE
    ../clib/libinit.s                        0x00000000   Number         0  libinit.o ABSOLUTE
    ../clib/printf.c                         0x00000000   Number         0  _printf_intcommon.o ABSOLUTE
    ../clib/printf.c                         0x00000000   Number         0  _printf_char_file.o ABSOLUTE
    ../clib/printf.c                         0x00000000   Number         0  _printf_char_common.o ABSOLUTE
    ../clib/printf.c                         0x00000000   Number         0  __printf_nopercent.o ABSOLUTE
    ../clib/printf.c                         0x00000000   Number         0  __printf_ss_wp.o ABSOLUTE
    ../clib/printf.c                         0x00000000   Number         0  __printf_flags_wp.o ABSOLUTE
    ../clib/printf.c                         0x00000000   Number         0  __printf_wp.o ABSOLUTE
    ../clib/printf.c                         0x00000000   Number         0  __printf_flags.o ABSOLUTE
    ../clib/printf.c                         0x00000000   Number         0  __2printf.o ABSOLUTE
    ../clib/printf.c                         0x00000000   Number         0  noretval__2printf.o ABSOLUTE
    ../clib/printf.c                         0x00000000   Number         0  __printf_ss.o ABSOLUTE
    ../clib/printf.c                         0x00000000   Number         0  __printf_flags_ss_wp.o ABSOLUTE
    ../clib/printf.c                         0x00000000   Number         0  __printf.o ABSOLUTE
    ../clib/printf.c                         0x00000000   Number         0  __printf_flags_ss.o ABSOLUTE
    ../clib/printf.c                         0x00000000   Number         0  _printf_dec.o ABSOLUTE
    ../clib/printf_percent.s                 0x00000000   Number         0  _printf_percent_end.o ABSOLUTE
    ../clib/printf_percent.s                 0x00000000   Number         0  _printf_d.o ABSOLUTE
    ../clib/printf_percent.s                 0x00000000   Number         0  _printf_percent.o ABSOLUTE
    ../clib/signal.c                         0x00000000   Number         0  defsig_exit.o ABSOLUTE
    ../clib/signal.c                         0x00000000   Number         0  defsig_fpe_formal.o ABSOLUTE
    ../clib/signal.c                         0x00000000   Number         0  defsig_fpe_outer.o ABSOLUTE
    ../clib/signal.c                         0x00000000   Number         0  defsig_fpe_inner.o ABSOLUTE
    ../clib/signal.c                         0x00000000   Number         0  defsig_other.o ABSOLUTE
    ../clib/signal.c                         0x00000000   Number         0  defsig_segv_inner.o ABSOLUTE
    ../clib/signal.c                         0x00000000   Number         0  defsig_cppl_inner.o ABSOLUTE
    ../clib/signal.c                         0x00000000   Number         0  defsig_pvfn_inner.o ABSOLUTE
    ../clib/signal.c                         0x00000000   Number         0  defsig_stak_inner.o ABSOLUTE
    ../clib/signal.c                         0x00000000   Number         0  defsig_rtmem_formal.o ABSOLUTE
    ../clib/signal.c                         0x00000000   Number         0  defsig_rtmem_outer.o ABSOLUTE
    ../clib/signal.c                         0x00000000   Number         0  defsig_rtmem_inner.o ABSOLUTE
    ../clib/signal.c                         0x00000000   Number         0  defsig_rtred_inner.o ABSOLUTE
    ../clib/signal.c                         0x00000000   Number         0  defsig_abrt_inner.o ABSOLUTE
    ../clib/signal.c                         0x00000000   Number         0  defsig_general.o ABSOLUTE
    ../clib/signal.c                         0x00000000   Number         0  __raise.o ABSOLUTE
    ../clib/signal.s                         0x00000000   Number         0  defsig.o ABSOLUTE
    ../clib/stdio.c                          0x00000000   Number         0  ferror.o ABSOLUTE
    ../clib/stdio.c                          0x00000000   Number         0  ferror_locked.o ABSOLUTE
    ../clib/stdlib.c                         0x00000000   Number         0  exit.o ABSOLUTE
    ../fplib/cfplib/cmpret.c                 0x00000000   Number         0  cmpret.o ABSOLUTE
    ../fplib/cfplib/dcmpin.c                 0x00000000   Number         0  dcmpin.o ABSOLUTE
    ../fplib/cfplib/f2d.c                    0x00000000   Number         0  f2d.o ABSOLUTE
    ../fplib/cfplib/fcmpin.c                 0x00000000   Number         0  fcmpin.o ABSOLUTE
    ../fplib/cfplib/fdiv.c                   0x00000000   Number         0  fdiv.o ABSOLUTE
    ../fplib/cfplib/ffix.c                   0x00000000   Number         0  ffixui.o ABSOLUTE
    ../fplib/cfplib/fflt.c                   0x00000000   Number         0  fflti.o ABSOLUTE
    ../fplib/cfplib/fpinit.c                 0x00000000   Number         0  fpinit.o ABSOLUTE
    ../fplib/cfplib/nan2.c                   0x00000000   Number         0  dnan2.o ABSOLUTE
    ../fplib/cfplib/nan2.c                   0x00000000   Number         0  fnan2.o ABSOLUTE
    ../fplib/cfplib/retnan.c                 0x00000000   Number         0  retnan.o ABSOLUTE
    ../fplib/drleqf6m.s                      0x00000000   Number         0  drlef.o ABSOLUTE
    ../fplib/fleqf6m.s                       0x00000000   Number         0  flef.o ABSOLUTE
    ../fplib/fmul6m.s                        0x00000000   Number         0  fmul.o ABSOLUTE
    ../fplib/usenofp.s                       0x00000000   Number         0  usenofp.o ABSOLUTE
    ..\LIB\Libraries\STM32F0xx_StdPeriph_Driver\src\stm32f0xx_adc.c 0x00000000   Number         0  stm32f0xx_adc.o ABSOLUTE
    ..\LIB\Libraries\STM32F0xx_StdPeriph_Driver\src\stm32f0xx_gpio.c 0x00000000   Number         0  stm32f0xx_gpio.o ABSOLUTE
    ..\LIB\Libraries\STM32F0xx_StdPeriph_Driver\src\stm32f0xx_i2c.c 0x00000000   Number         0  stm32f0xx_i2c.o ABSOLUTE
    ..\LIB\Libraries\STM32F0xx_StdPeriph_Driver\src\stm32f0xx_rcc.c 0x00000000   Number         0  stm32f0xx_rcc.o ABSOLUTE
    ..\LIB\Libraries\STM32F0xx_StdPeriph_Driver\src\stm32f0xx_tim.c 0x00000000   Number         0  stm32f0xx_tim.o ABSOLUTE
    ..\LIB\Libraries\STM32F0xx_StdPeriph_Driver\src\stm32f0xx_usart.c 0x00000000   Number         0  stm32f0xx_usart.o ABSOLUTE
    ..\Source\adc.c                          0x00000000   Number         0  adc.o ABSOLUTE
    ..\Source\delay.c                        0x00000000   Number         0  delay.o ABSOLUTE
    ..\Source\i2c.c                          0x00000000   Number         0  i2c.o ABSOLUTE
    ..\Source\main.c                         0x00000000   Number         0  main.o ABSOLUTE
    ..\Source\timer.c                        0x00000000   Number         0  timer.o ABSOLUTE
    ..\Source\uart.c                         0x00000000   Number         0  uart.o ABSOLUTE
    ..\Source\vl53l0x.c                      0x00000000   Number         0  vl53l0x.o ABSOLUTE
    ..\\LIB\\Libraries\\STM32F0xx_StdPeriph_Driver\\src\\stm32f0xx_adc.c 0x00000000   Number         0  stm32f0xx_adc.o ABSOLUTE
    ..\\LIB\\Libraries\\STM32F0xx_StdPeriph_Driver\\src\\stm32f0xx_gpio.c 0x00000000   Number         0  stm32f0xx_gpio.o ABSOLUTE
    ..\\LIB\\Libraries\\STM32F0xx_StdPeriph_Driver\\src\\stm32f0xx_i2c.c 0x00000000   Number         0  stm32f0xx_i2c.o ABSOLUTE
    ..\\LIB\\Libraries\\STM32F0xx_StdPeriph_Driver\\src\\stm32f0xx_rcc.c 0x00000000   Number         0  stm32f0xx_rcc.o ABSOLUTE
    ..\\LIB\\Libraries\\STM32F0xx_StdPeriph_Driver\\src\\stm32f0xx_tim.c 0x00000000   Number         0  stm32f0xx_tim.o ABSOLUTE
    ..\\LIB\\Libraries\\STM32F0xx_StdPeriph_Driver\\src\\stm32f0xx_usart.c 0x00000000   Number         0  stm32f0xx_usart.o ABSOLUTE
    ..\\Source\\adc.c                        0x00000000   Number         0  adc.o ABSOLUTE
    ..\\Source\\delay.c                      0x00000000   Number         0  delay.o ABSOLUTE
    ..\\Source\\i2c.c                        0x00000000   Number         0  i2c.o ABSOLUTE
    ..\\Source\\main.c                       0x00000000   Number         0  main.o ABSOLUTE
    ..\\Source\\timer.c                      0x00000000   Number         0  timer.o ABSOLUTE
    ..\\Source\\uart.c                       0x00000000   Number         0  uart.o ABSOLUTE
    ..\\Source\\vl53l0x.c                    0x00000000   Number         0  vl53l0x.o ABSOLUTE
    RTE\Device\STM32F030F4Px\startup_stm32f030x6.s 0x00000000   Number         0  startup_stm32f030x6.o ABSOLUTE
    RTE\Device\STM32F030F4Px\system_stm32f0xx.c 0x00000000   Number         0  system_stm32f0xx.o ABSOLUTE
    RTE\\Device\\STM32F030F4Px\\system_stm32f0xx.c 0x00000000   Number         0  system_stm32f0xx.o ABSOLUTE
    dc.s                                     0x00000000   Number         0  dc.o ABSOLUTE
    RESET                                    0x08000000   Section      176  startup_stm32f030x6.o(RESET)
    !!!main                                  0x080000b0   Section        8  __main.o(!!!main)
    !!!scatter                               0x080000b8   Section       60  __scatter.o(!!!scatter)
    !!handler_copy                           0x080000f4   Section       26  __scatter_copy.o(!!handler_copy)
    !!handler_zi                             0x08000110   Section       28  __scatter_zi.o(!!handler_zi)
    .ARM.Collect$$_printf_percent$$00000000  0x0800012c   Section        2  _printf_percent.o(.ARM.Collect$$_printf_percent$$00000000)
    .ARM.Collect$$_printf_percent$$00000009  0x0800012e   Section       10  _printf_d.o(.ARM.Collect$$_printf_percent$$00000009)
    .ARM.Collect$$_printf_percent$$00000017  0x08000138   Section        4  _printf_percent_end.o(.ARM.Collect$$_printf_percent$$00000017)
    .ARM.Collect$$libinit$$00000000          0x0800013c   Section        2  libinit.o(.ARM.Collect$$libinit$$00000000)
    .ARM.Collect$$libinit$$00000002          0x0800013e   Section        0  libinit2.o(.ARM.Collect$$libinit$$00000002)
    .ARM.Collect$$libinit$$00000004          0x0800013e   Section        0  libinit2.o(.ARM.Collect$$libinit$$00000004)
    .ARM.Collect$$libinit$$0000000A          0x0800013e   Section        0  libinit2.o(.ARM.Collect$$libinit$$0000000A)
    .ARM.Collect$$libinit$$0000000C          0x0800013e   Section        0  libinit2.o(.ARM.Collect$$libinit$$0000000C)
    .ARM.Collect$$libinit$$0000000E          0x0800013e   Section        0  libinit2.o(.ARM.Collect$$libinit$$0000000E)
    .ARM.Collect$$libinit$$00000011          0x0800013e   Section        0  libinit2.o(.ARM.Collect$$libinit$$00000011)
    .ARM.Collect$$libinit$$00000013          0x0800013e   Section        0  libinit2.o(.ARM.Collect$$libinit$$00000013)
    .ARM.Collect$$libinit$$00000015          0x0800013e   Section        0  libinit2.o(.ARM.Collect$$libinit$$00000015)
    .ARM.Collect$$libinit$$00000017          0x0800013e   Section        0  libinit2.o(.ARM.Collect$$libinit$$00000017)
    .ARM.Collect$$libinit$$00000019          0x0800013e   Section        0  libinit2.o(.ARM.Collect$$libinit$$00000019)
    .ARM.Collect$$libinit$$0000001B          0x0800013e   Section        0  libinit2.o(.ARM.Collect$$libinit$$0000001B)
    .ARM.Collect$$libinit$$0000001D          0x0800013e   Section        0  libinit2.o(.ARM.Collect$$libinit$$0000001D)
    .ARM.Collect$$libinit$$0000001F          0x0800013e   Section        0  libinit2.o(.ARM.Collect$$libinit$$0000001F)
    .ARM.Collect$$libinit$$00000021          0x0800013e   Section        0  libinit2.o(.ARM.Collect$$libinit$$00000021)
    .ARM.Collect$$libinit$$00000023          0x0800013e   Section        0  libinit2.o(.ARM.Collect$$libinit$$00000023)
    .ARM.Collect$$libinit$$00000025          0x0800013e   Section        0  libinit2.o(.ARM.Collect$$libinit$$00000025)
    .ARM.Collect$$libinit$$0000002C          0x0800013e   Section        0  libinit2.o(.ARM.Collect$$libinit$$0000002C)
    .ARM.Collect$$libinit$$0000002E          0x0800013e   Section        0  libinit2.o(.ARM.Collect$$libinit$$0000002E)
    .ARM.Collect$$libinit$$00000030          0x0800013e   Section        0  libinit2.o(.ARM.Collect$$libinit$$00000030)
    .ARM.Collect$$libinit$$00000032          0x0800013e   Section        0  libinit2.o(.ARM.Collect$$libinit$$00000032)
    .ARM.Collect$$libinit$$00000033          0x0800013e   Section        2  libinit2.o(.ARM.Collect$$libinit$$00000033)
    .ARM.Collect$$libshutdown$$00000000      0x08000140   Section        2  libshutdown.o(.ARM.Collect$$libshutdown$$00000000)
    .ARM.Collect$$libshutdown$$00000002      0x08000142   Section        0  libshutdown2.o(.ARM.Collect$$libshutdown$$00000002)
    .ARM.Collect$$libshutdown$$00000004      0x08000142   Section        0  libshutdown2.o(.ARM.Collect$$libshutdown$$00000004)
    .ARM.Collect$$libshutdown$$00000007      0x08000142   Section        0  libshutdown2.o(.ARM.Collect$$libshutdown$$00000007)
    .ARM.Collect$$libshutdown$$0000000A      0x08000142   Section        0  libshutdown2.o(.ARM.Collect$$libshutdown$$0000000A)
    .ARM.Collect$$libshutdown$$0000000C      0x08000142   Section        0  libshutdown2.o(.ARM.Collect$$libshutdown$$0000000C)
    .ARM.Collect$$libshutdown$$0000000F      0x08000142   Section        0  libshutdown2.o(.ARM.Collect$$libshutdown$$0000000F)
    .ARM.Collect$$libshutdown$$00000010      0x08000142   Section        2  libshutdown2.o(.ARM.Collect$$libshutdown$$00000010)
    .ARM.Collect$$rtentry$$00000000          0x08000144   Section        0  __rtentry.o(.ARM.Collect$$rtentry$$00000000)
    .ARM.Collect$$rtentry$$00000002          0x08000144   Section        0  __rtentry2.o(.ARM.Collect$$rtentry$$00000002)
    .ARM.Collect$$rtentry$$00000004          0x08000144   Section        6  __rtentry4.o(.ARM.Collect$$rtentry$$00000004)
    .ARM.Collect$$rtentry$$00000009          0x0800014a   Section        0  __rtentry2.o(.ARM.Collect$$rtentry$$00000009)
    .ARM.Collect$$rtentry$$0000000A          0x0800014a   Section        4  __rtentry2.o(.ARM.Collect$$rtentry$$0000000A)
    .ARM.Collect$$rtentry$$0000000C          0x0800014e   Section        0  __rtentry2.o(.ARM.Collect$$rtentry$$0000000C)
    .ARM.Collect$$rtentry$$0000000D          0x0800014e   Section        8  __rtentry2.o(.ARM.Collect$$rtentry$$0000000D)
    .ARM.Collect$$rtexit$$00000000           0x08000156   Section        2  rtexit.o(.ARM.Collect$$rtexit$$00000000)
    .ARM.Collect$$rtexit$$00000002           0x08000158   Section        0  rtexit2.o(.ARM.Collect$$rtexit$$00000002)
    .ARM.Collect$$rtexit$$00000003           0x08000158   Section        4  rtexit2.o(.ARM.Collect$$rtexit$$00000003)
    .ARM.Collect$$rtexit$$00000004           0x0800015c   Section        6  rtexit2.o(.ARM.Collect$$rtexit$$00000004)
    .text                                    0x08000164   Section       56  startup_stm32f030x6.o(.text)
    .text                                    0x0800019c   Section        0  lludiv.o(.text)
    .text                                    0x080002a0   Section        0  noretval__2printf.o(.text)
    .text                                    0x080002bc   Section        0  __printf.o(.text)
    .text                                    0x08000328   Section        0  _printf_dec.o(.text)
    .text                                    0x08000394   Section      346  aeabi_sdiv.o(.text)
    .text                                    0x080004ee   Section        0  heapauxi.o(.text)
    .text                                    0x080004f4   Section        0  f2d.o(.text)
    .text                                    0x08000548   Section        0  ffixui.o(.text)
    .text                                    0x08000578   Section        0  _printf_intcommon.o(.text)
    .text                                    0x08000628   Section        0  _printf_char_file.o(.text)
    .text                                    0x08000650   Section        0  rtudiv10.o(.text)
    .text                                    0x08000678   Section        0  dcmpin.o(.text)
    .text                                    0x08000708   Section        0  fcmpin.o(.text)
    .text                                    0x0800076c   Section        0  _printf_char_common.o(.text)
    _printf_input_char                       0x0800076d   Thumb Code    10  _printf_char_common.o(.text)
    .text                                    0x0800079c   Section        0  ferror.o(.text)
    .text                                    0x080007a4   Section        0  cmpret.o(.text)
    .text                                    0x080007d4   Section        0  dnan2.o(.text)
    .text                                    0x080007e8   Section        0  fnan2.o(.text)
    .text                                    0x080007f8   Section       62  sys_stackheap_outer.o(.text)
    .text                                    0x08000836   Section        0  exit.o(.text)
    .text                                    0x08000846   Section        0  retnan.o(.text)
    .text                                    0x080008a4   Section        8  libspace.o(.text)
    .text                                    0x080008ac   Section        0  sys_exit.o(.text)
    .text                                    0x080008b8   Section        2  use_no_semi.o(.text)
    .text                                    0x080008ba   Section        0  indicate_semi.o(.text)
    i.ADC_ChannelConfig                      0x080008ba   Section        0  stm32f0xx_adc.o(i.ADC_ChannelConfig)
    i.ADC_Cmd                                0x080008d2   Section        0  stm32f0xx_adc.o(i.ADC_Cmd)
    i.ADC_Configuration                      0x080008ec   Section        0  adc.o(i.ADC_Configuration)
    i.ADC_DeInit                             0x08000974   Section        0  stm32f0xx_adc.o(i.ADC_DeInit)
    i.ADC_GetCalibrationFactor               0x08000994   Section        0  stm32f0xx_adc.o(i.ADC_GetCalibrationFactor)
    i.ADC_GetConversionValue                 0x080009d0   Section        0  stm32f0xx_adc.o(i.ADC_GetConversionValue)
    i.ADC_GetFlagStatus                      0x080009d8   Section        0  stm32f0xx_adc.o(i.ADC_GetFlagStatus)
    i.ADC_Init                               0x08000a08   Section        0  stm32f0xx_adc.o(i.ADC_Init)
    i.ADC_StartOfConversion                  0x08000a34   Section        0  stm32f0xx_adc.o(i.ADC_StartOfConversion)
    i.ADC_StructInit                         0x08000a3e   Section        0  stm32f0xx_adc.o(i.ADC_StructInit)
    i.GPIO_Init                              0x08000a4e   Section        0  stm32f0xx_gpio.o(i.GPIO_Init)
    i.GPIO_PinAFConfig                       0x08000ade   Section        0  stm32f0xx_gpio.o(i.GPIO_PinAFConfig)
    i.GPIO_configuration                     0x08000b22   Section        0  i2c.o(i.GPIO_configuration)
    i.I2C_ClearFlag                          0x08000b4a   Section        0  stm32f0xx_i2c.o(i.I2C_ClearFlag)
    i.I2C_Cmd                                0x08000b4e   Section        0  stm32f0xx_i2c.o(i.I2C_Cmd)
    i.I2C_GenerateSTOP                       0x08000b66   Section        0  stm32f0xx_i2c.o(i.I2C_GenerateSTOP)
    i.I2C_GetFlagStatus                      0x08000b82   Section        0  stm32f0xx_i2c.o(i.I2C_GetFlagStatus)
    i.I2C_Init                               0x08000ba0   Section        0  stm32f0xx_i2c.o(i.I2C_Init)
    i.I2C_Read_MultiReg                      0x08000c0c   Section        0  i2c.o(i.I2C_Read_MultiReg)
    i.I2C_Read_Reg                           0x08000cb0   Section        0  i2c.o(i.I2C_Read_Reg)
    i.I2C_Read_Reg16bit                      0x08000d48   Section        0  i2c.o(i.I2C_Read_Reg16bit)
    i.I2C_ReceiveData                        0x08000e04   Section        0  stm32f0xx_i2c.o(i.I2C_ReceiveData)
    i.I2C_SendData                           0x08000e0c   Section        0  stm32f0xx_i2c.o(i.I2C_SendData)
    i.I2C_TransferHandling                   0x08000e10   Section        0  stm32f0xx_i2c.o(i.I2C_TransferHandling)
    i.I2C_Write_MultiReg                     0x08000e3c   Section        0  i2c.o(i.I2C_Write_MultiReg)
    i.I2C_Write_Reg                          0x08000ef8   Section        0  i2c.o(i.I2C_Write_Reg)
    i.I2C_Write_Reg16bit                     0x08000f8c   Section        0  i2c.o(i.I2C_Write_Reg16bit)
    i.I2C_Write_Reg32bit                     0x0800104c   Section        0  i2c.o(i.I2C_Write_Reg32bit)
    i.PWM_Configuration                      0x0800111c   Section        0  timer.o(i.PWM_Configuration)
    i.RCC_AHBPeriphClockCmd                  0x080011b8   Section        0  stm32f0xx_rcc.o(i.RCC_AHBPeriphClockCmd)
    i.RCC_APB1PeriphClockCmd                 0x080011d8   Section        0  stm32f0xx_rcc.o(i.RCC_APB1PeriphClockCmd)
    i.RCC_APB2PeriphClockCmd                 0x080011f8   Section        0  stm32f0xx_rcc.o(i.RCC_APB2PeriphClockCmd)
    i.RCC_APB2PeriphResetCmd                 0x08001218   Section        0  stm32f0xx_rcc.o(i.RCC_APB2PeriphResetCmd)
    i.RCC_DeInit                             0x08001238   Section        0  stm32f0xx_rcc.o(i.RCC_DeInit)
    i.RCC_GetClocksFreq                      0x080012b0   Section        0  stm32f0xx_rcc.o(i.RCC_GetClocksFreq)
    i.RCC_GetSYSCLKSource                    0x080014f8   Section        0  stm32f0xx_rcc.o(i.RCC_GetSYSCLKSource)
    i.RCC_HCLKConfig                         0x08001508   Section        0  stm32f0xx_rcc.o(i.RCC_HCLKConfig)
    i.RCC_HSICmd                             0x08001528   Section        0  stm32f0xx_rcc.o(i.RCC_HSICmd)
    i.RCC_PCLKConfig                         0x0800154c   Section        0  stm32f0xx_rcc.o(i.RCC_PCLKConfig)
    i.RCC_SYSCLKConfig                       0x08001570   Section        0  stm32f0xx_rcc.o(i.RCC_SYSCLKConfig)
    i.Read_Status_Pin                        0x0800158c   Section        0  adc.o(i.Read_Status_Pin)
    i.Read_status_Buzz                       0x080015a0   Section        0  timer.o(i.Read_status_Buzz)
    i.Read_status_VolumeBuzz                 0x080015b4   Section        0  timer.o(i.Read_status_VolumeBuzz)
    i.SysTick32                              0x080015c0   Section        0  delay.o(i.SysTick32)
    i.SysTick64                              0x080015d8   Section        0  delay.o(i.SysTick64)
    i.SysTick_Handler                        0x080015fc   Section        0  delay.o(i.SysTick_Handler)
    i.SysTick_Init                           0x0800160c   Section        0  delay.o(i.SysTick_Init)
    i.SystemClock_Config                     0x08001620   Section        0  delay.o(i.SystemClock_Config)
    i.SystemCoreClockUpdate                  0x0800164c   Section        0  system_stm32f0xx.o(i.SystemCoreClockUpdate)
    i.SystemInit                             0x080016f4   Section        0  system_stm32f0xx.o(i.SystemInit)
    i.TIM_Cmd                                0x080016f8   Section        0  stm32f0xx_tim.o(i.TIM_Cmd)
    i.TIM_OC1Init                            0x08001714   Section        0  stm32f0xx_tim.o(i.TIM_OC1Init)
    i.TIM_TimeBaseInit                       0x080017a8   Section        0  stm32f0xx_tim.o(i.TIM_TimeBaseInit)
    i.UART1_config                           0x08001824   Section        0  uart.o(i.UART1_config)
    i.USART1_IRQHandler                      0x080018d0   Section        0  uart.o(i.USART1_IRQHandler)
    i.USART_Cmd                              0x08001910   Section        0  stm32f0xx_usart.o(i.USART_Cmd)
    i.USART_GetFlagStatus                    0x08001928   Section        0  stm32f0xx_usart.o(i.USART_GetFlagStatus)
    i.USART_ITConfig                         0x0800193c   Section        0  stm32f0xx_usart.o(i.USART_ITConfig)
    i.USART_Init                             0x08001980   Section        0  stm32f0xx_usart.o(i.USART_Init)
    i.USART_ReceiveData                      0x08001a78   Section        0  stm32f0xx_usart.o(i.USART_ReceiveData)
    i.USART_SendData                         0x08001a82   Section        0  stm32f0xx_usart.o(i.USART_SendData)
    i.add_value_tx_message                   0x08001a8c   Section        0  main.o(i.add_value_tx_message)
    i.checkTimeoutExpired                    0x08001aac   Section        0  vl53l0x.o(i.checkTimeoutExpired)
    i.decodeTimeout                          0x08001ad8   Section        0  vl53l0x.o(i.decodeTimeout)
    decodeTimeout                            0x08001ad9   Thumb Code    20  vl53l0x.o(i.decodeTimeout)
    i.delay_ms                               0x08001aec   Section        0  delay.o(i.delay_ms)
    i.delay_us                               0x08001b02   Section        0  delay.o(i.delay_us)
    i.encodeTimeout                          0x08001b1c   Section        0  vl53l0x.o(i.encodeTimeout)
    encodeTimeout                            0x08001b1d   Thumb Code    44  vl53l0x.o(i.encodeTimeout)
    i.fputc                                  0x08001b48   Section        0  uart.o(i.fputc)
    i.getMeasurementTimingBudget             0x08001b6c   Section        0  vl53l0x.o(i.getMeasurementTimingBudget)
    getMeasurementTimingBudget               0x08001b6d   Thumb Code   152  vl53l0x.o(i.getMeasurementTimingBudget)
    i.getSequenceStepEnables                 0x08001c14   Section        0  vl53l0x.o(i.getSequenceStepEnables)
    getSequenceStepEnables                   0x08001c15   Thumb Code    42  vl53l0x.o(i.getSequenceStepEnables)
    i.getSequenceStepTimeouts                0x08001c3e   Section        0  vl53l0x.o(i.getSequenceStepTimeouts)
    getSequenceStepTimeouts                  0x08001c3f   Thumb Code   106  vl53l0x.o(i.getSequenceStepTimeouts)
    i.getSpadInfo                            0x08001ca8   Section        0  vl53l0x.o(i.getSpadInfo)
    getSpadInfo                              0x08001ca9   Thumb Code   220  vl53l0x.o(i.getSpadInfo)
    i.getVcselPulsePeriod                    0x08001d84   Section        0  vl53l0x.o(i.getVcselPulsePeriod)
    getVcselPulsePeriod                      0x08001d85   Thumb Code    44  vl53l0x.o(i.getVcselPulsePeriod)
    i.i2c_configuration                      0x08001db0   Section        0  i2c.o(i.i2c_configuration)
    i.init_vl53l0x                           0x08001e44   Section        0  vl53l0x.o(i.init_vl53l0x)
    i.main                                   0x08002294   Section        0  main.o(i.main)
    i.millis                                 0x08002320   Section        0  delay.o(i.millis)
    i.performSingleRefCalibration            0x08002334   Section        0  vl53l0x.o(i.performSingleRefCalibration)
    performSingleRefCalibration              0x08002335   Thumb Code    56  vl53l0x.o(i.performSingleRefCalibration)
    i.readMulti                              0x0800236c   Section        0  vl53l0x.o(i.readMulti)
    readMulti                                0x0800236d   Thumb Code    22  vl53l0x.o(i.readMulti)
    i.readRangeContinuousMillimeters         0x08002384   Section        0  vl53l0x.o(i.readRangeContinuousMillimeters)
    i.readReg                                0x080023c8   Section        0  vl53l0x.o(i.readReg)
    readReg                                  0x080023c9   Thumb Code    18  vl53l0x.o(i.readReg)
    i.readReg16Bit                           0x080023da   Section        0  vl53l0x.o(i.readReg16Bit)
    readReg16Bit                             0x080023db   Thumb Code    18  vl53l0x.o(i.readReg16Bit)
    i.setMeasurementTimingBudget             0x080023ec   Section        0  vl53l0x.o(i.setMeasurementTimingBudget)
    setMeasurementTimingBudget               0x080023ed   Thumb Code   230  vl53l0x.o(i.setMeasurementTimingBudget)
    i.setSignalRateLimit                     0x080024e4   Section        0  vl53l0x.o(i.setSignalRateLimit)
    setSignalRateLimit                       0x080024e5   Thumb Code    66  vl53l0x.o(i.setSignalRateLimit)
    i.startContinuous                        0x08002530   Section        0  vl53l0x.o(i.startContinuous)
    i.startTimeout                           0x080025a4   Section        0  vl53l0x.o(i.startTimeout)
    i.timeoutMclksToMicroseconds             0x080025b8   Section        0  vl53l0x.o(i.timeoutMclksToMicroseconds)
    timeoutMclksToMicroseconds               0x080025b9   Thumb Code    52  vl53l0x.o(i.timeoutMclksToMicroseconds)
    i.timeoutMicrosecondsToMclks             0x080025f0   Section        0  vl53l0x.o(i.timeoutMicrosecondsToMclks)
    timeoutMicrosecondsToMclks               0x080025f1   Thumb Code    52  vl53l0x.o(i.timeoutMicrosecondsToMclks)
    i.writeMulti                             0x08002628   Section        0  vl53l0x.o(i.writeMulti)
    writeMulti                               0x08002629   Thumb Code    22  vl53l0x.o(i.writeMulti)
    i.writeReg                               0x0800263e   Section        0  vl53l0x.o(i.writeReg)
    writeReg                                 0x0800263f   Thumb Code    18  vl53l0x.o(i.writeReg)
    i.writeReg16Bit                          0x08002650   Section        0  vl53l0x.o(i.writeReg16Bit)
    writeReg16Bit                            0x08002651   Thumb Code    18  vl53l0x.o(i.writeReg16Bit)
    i.writeReg32Bit                          0x08002662   Section        0  vl53l0x.o(i.writeReg32Bit)
    writeReg32Bit                            0x08002663   Thumb Code    18  vl53l0x.o(i.writeReg32Bit)
    x$fpl$drleqf                             0x08002674   Section      104  drlef.o(x$fpl$drleqf)
    x$fpl$fleqf                              0x080026dc   Section       84  flef.o(x$fpl$fleqf)
    x$fpl$fmul                               0x08002730   Section      176  fmul.o(x$fpl$fmul)
    .constdata                               0x080027e0   Section       24  system_stm32f0xx.o(.constdata)
    x$fpl$usenofp                            0x080027e0   Section        0  usenofp.o(x$fpl$usenofp)
    .data                                    0x20000000   Section       16  stm32f0xx_rcc.o(.data)
    APBAHBPrescTable                         0x20000000   Data          16  stm32f0xx_rcc.o(.data)
    .data                                    0x20000010   Section       12  main.o(.data)
    .data                                    0x2000001c   Section        4  delay.o(.data)
    SysTickCounter                           0x2000001c   Data           4  delay.o(.data)
    .data                                    0x20000020   Section        5  uart.o(.data)
    rx_count                                 0x20000024   Data           1  uart.o(.data)
    .data                                    0x20000028   Section        4  system_stm32f0xx.o(.data)
    .bss                                     0x2000002c   Section      256  main.o(.bss)
    .bss                                     0x2000012c   Section       16  vl53l0x.o(.bss)
    dev                                      0x2000012c   Data          16  vl53l0x.o(.bss)
    .bss                                     0x2000013c   Section       96  libspace.o(.bss)
    HEAP                                     0x200001a0   Section      512  startup_stm32f030x6.o(HEAP)
    Heap_Mem                                 0x200001a0   Data         512  startup_stm32f030x6.o(HEAP)
    STACK                                    0x200003a0   Section     1024  startup_stm32f030x6.o(STACK)
    Stack_Mem                                0x200003a0   Data        1024  startup_stm32f030x6.o(STACK)
    __initial_sp                             0x200007a0   Data           0  startup_stm32f030x6.o(STACK)

    Global Symbols

    Symbol Name                              Value     Ov Type        Size  Object(Section)

    BuildAttributes$$THM_ISAv3M$S$PE$A:L22$X:L11$S22$IEEE1$IW$USESV6$~STKCKD$USESV7$~SHL$OSPACE$ROPI$EBA8$UX$STANDARDLIB$REQ8$PRES8$EABIv2 0x00000000   Number         0  anon$$obj.o ABSOLUTE
    __ARM_use_no_argv                        0x00000000   Number         0  main.o ABSOLUTE
    __ARM_exceptions_init                     - Undefined Weak Reference
    __alloca_initialize                       - Undefined Weak Reference
    __arm_preinit_                            - Undefined Weak Reference
    __cpp_initialize__aeabi_                  - Undefined Weak Reference
    __cxa_finalize                            - Undefined Weak Reference
    __rt_locale                               - Undefined Weak Reference
    __sigvec_lookup                           - Undefined Weak Reference
    _atexit_init                              - Undefined Weak Reference
    _call_atexit_fns                          - Undefined Weak Reference
    _clock_init                               - Undefined Weak Reference
    _fp_trap_init                             - Undefined Weak Reference
    _fp_trap_shutdown                         - Undefined Weak Reference
    _get_lc_collate                           - Undefined Weak Reference
    _get_lc_ctype                             - Undefined Weak Reference
    _get_lc_monetary                          - Undefined Weak Reference
    _get_lc_numeric                           - Undefined Weak Reference
    _get_lc_time                              - Undefined Weak Reference
    _getenv_init                              - Undefined Weak Reference
    _handle_redirection                       - Undefined Weak Reference
    _init_alloc                               - Undefined Weak Reference
    _init_user_alloc                          - Undefined Weak Reference
    _initio                                   - Undefined Weak Reference
    _mutex_acquire                            - Undefined Weak Reference
    _mutex_release                            - Undefined Weak Reference
    _printf_post_padding                      - Undefined Weak Reference
    _printf_pre_padding                       - Undefined Weak Reference
    _printf_truncate_signed                   - Undefined Weak Reference
    _printf_truncate_unsigned                 - Undefined Weak Reference
    _rand_init                                - Undefined Weak Reference
    _signal_finish                            - Undefined Weak Reference
    _signal_init                              - Undefined Weak Reference
    _terminate_alloc                          - Undefined Weak Reference
    _terminate_user_alloc                     - Undefined Weak Reference
    _terminateio                              - Undefined Weak Reference
    __Vectors_Size                           0x000000b0   Number         0  startup_stm32f030x6.o ABSOLUTE
    __Vectors                                0x08000000   Data           4  startup_stm32f030x6.o(RESET)
    __Vectors_End                            0x080000b0   Data           0  startup_stm32f030x6.o(RESET)
    __main                                   0x080000b1   Thumb Code     8  __main.o(!!!main)
    __scatterload                            0x080000b9   Thumb Code     0  __scatter.o(!!!scatter)
    __scatterload_rt2                        0x080000b9   Thumb Code    52  __scatter.o(!!!scatter)
    __scatterload_rt2_thumb_only             0x080000b9   Thumb Code     0  __scatter.o(!!!scatter)
    __scatterload_null                       0x080000c9   Thumb Code     0  __scatter.o(!!!scatter)
    __scatterload_copy                       0x080000f5   Thumb Code    26  __scatter_copy.o(!!handler_copy)
    __scatterload_zeroinit                   0x08000111   Thumb Code    28  __scatter_zi.o(!!handler_zi)
    _printf_percent                          0x0800012d   Thumb Code     0  _printf_percent.o(.ARM.Collect$$_printf_percent$$00000000)
    _printf_d                                0x0800012f   Thumb Code     0  _printf_d.o(.ARM.Collect$$_printf_percent$$00000009)
    _printf_percent_end                      0x08000139   Thumb Code     0  _printf_percent_end.o(.ARM.Collect$$_printf_percent$$00000017)
    __rt_lib_init                            0x0800013d   Thumb Code     0  libinit.o(.ARM.Collect$$libinit$$00000000)
    __rt_lib_init_alloca_1                   0x0800013f   Thumb Code     0  libinit2.o(.ARM.Collect$$libinit$$0000002E)
    __rt_lib_init_argv_1                     0x0800013f   Thumb Code     0  libinit2.o(.ARM.Collect$$libinit$$0000002C)
    __rt_lib_init_atexit_1                   0x0800013f   Thumb Code     0  libinit2.o(.ARM.Collect$$libinit$$0000001B)
    __rt_lib_init_clock_1                    0x0800013f   Thumb Code     0  libinit2.o(.ARM.Collect$$libinit$$00000021)
    __rt_lib_init_cpp_1                      0x0800013f   Thumb Code     0  libinit2.o(.ARM.Collect$$libinit$$00000032)
    __rt_lib_init_exceptions_1               0x0800013f   Thumb Code     0  libinit2.o(.ARM.Collect$$libinit$$00000030)
    __rt_lib_init_fp_1                       0x0800013f   Thumb Code     0  libinit2.o(.ARM.Collect$$libinit$$00000002)
    __rt_lib_init_fp_trap_1                  0x0800013f   Thumb Code     0  libinit2.o(.ARM.Collect$$libinit$$0000001F)
    __rt_lib_init_getenv_1                   0x0800013f   Thumb Code     0  libinit2.o(.ARM.Collect$$libinit$$00000023)
    __rt_lib_init_heap_1                     0x0800013f   Thumb Code     0  libinit2.o(.ARM.Collect$$libinit$$0000000A)
    __rt_lib_init_lc_collate_1               0x0800013f   Thumb Code     0  libinit2.o(.ARM.Collect$$libinit$$00000011)
    __rt_lib_init_lc_ctype_1                 0x0800013f   Thumb Code     0  libinit2.o(.ARM.Collect$$libinit$$00000013)
    __rt_lib_init_lc_monetary_1              0x0800013f   Thumb Code     0  libinit2.o(.ARM.Collect$$libinit$$00000015)
    __rt_lib_init_lc_numeric_1               0x0800013f   Thumb Code     0  libinit2.o(.ARM.Collect$$libinit$$00000017)
    __rt_lib_init_lc_time_1                  0x0800013f   Thumb Code     0  libinit2.o(.ARM.Collect$$libinit$$00000019)
    __rt_lib_init_preinit_1                  0x0800013f   Thumb Code     0  libinit2.o(.ARM.Collect$$libinit$$00000004)
    __rt_lib_init_rand_1                     0x0800013f   Thumb Code     0  libinit2.o(.ARM.Collect$$libinit$$0000000E)
    __rt_lib_init_return                     0x0800013f   Thumb Code     0  libinit2.o(.ARM.Collect$$libinit$$00000033)
    __rt_lib_init_signal_1                   0x0800013f   Thumb Code     0  libinit2.o(.ARM.Collect$$libinit$$0000001D)
    __rt_lib_init_stdio_1                    0x0800013f   Thumb Code     0  libinit2.o(.ARM.Collect$$libinit$$00000025)
    __rt_lib_init_user_alloc_1               0x0800013f   Thumb Code     0  libinit2.o(.ARM.Collect$$libinit$$0000000C)
    __rt_lib_shutdown                        0x08000141   Thumb Code     0  libshutdown.o(.ARM.Collect$$libshutdown$$00000000)
    __rt_lib_shutdown_cpp_1                  0x08000143   Thumb Code     0  libshutdown2.o(.ARM.Collect$$libshutdown$$00000002)
    __rt_lib_shutdown_fp_trap_1              0x08000143   Thumb Code     0  libshutdown2.o(.ARM.Collect$$libshutdown$$00000007)
    __rt_lib_shutdown_heap_1                 0x08000143   Thumb Code     0  libshutdown2.o(.ARM.Collect$$libshutdown$$0000000F)
    __rt_lib_shutdown_return                 0x08000143   Thumb Code     0  libshutdown2.o(.ARM.Collect$$libshutdown$$00000010)
    __rt_lib_shutdown_signal_1               0x08000143   Thumb Code     0  libshutdown2.o(.ARM.Collect$$libshutdown$$0000000A)
    __rt_lib_shutdown_stdio_1                0x08000143   Thumb Code     0  libshutdown2.o(.ARM.Collect$$libshutdown$$00000004)
    __rt_lib_shutdown_user_alloc_1           0x08000143   Thumb Code     0  libshutdown2.o(.ARM.Collect$$libshutdown$$0000000C)
    __rt_entry                               0x08000145   Thumb Code     0  __rtentry.o(.ARM.Collect$$rtentry$$00000000)
    __rt_entry_presh_1                       0x08000145   Thumb Code     0  __rtentry2.o(.ARM.Collect$$rtentry$$00000002)
    __rt_entry_sh                            0x08000145   Thumb Code     0  __rtentry4.o(.ARM.Collect$$rtentry$$00000004)
    __rt_entry_li                            0x0800014b   Thumb Code     0  __rtentry2.o(.ARM.Collect$$rtentry$$0000000A)
    __rt_entry_postsh_1                      0x0800014b   Thumb Code     0  __rtentry2.o(.ARM.Collect$$rtentry$$00000009)
    __rt_entry_main                          0x0800014f   Thumb Code     0  __rtentry2.o(.ARM.Collect$$rtentry$$0000000D)
    __rt_entry_postli_1                      0x0800014f   Thumb Code     0  __rtentry2.o(.ARM.Collect$$rtentry$$0000000C)
    __rt_exit                                0x08000157   Thumb Code     0  rtexit.o(.ARM.Collect$$rtexit$$00000000)
    __rt_exit_ls                             0x08000159   Thumb Code     0  rtexit2.o(.ARM.Collect$$rtexit$$00000003)
    __rt_exit_prels_1                        0x08000159   Thumb Code     0  rtexit2.o(.ARM.Collect$$rtexit$$00000002)
    __rt_exit_exit                           0x0800015d   Thumb Code     0  rtexit2.o(.ARM.Collect$$rtexit$$00000004)
    Reset_Handler                            0x08000165   Thumb Code     8  startup_stm32f030x6.o(.text)
    NMI_Handler                              0x0800016d   Thumb Code     2  startup_stm32f030x6.o(.text)
    HardFault_Handler                        0x0800016f   Thumb Code     2  startup_stm32f030x6.o(.text)
    SVC_Handler                              0x08000171   Thumb Code     2  startup_stm32f030x6.o(.text)
    PendSV_Handler                           0x08000173   Thumb Code     2  startup_stm32f030x6.o(.text)
    ADC1_IRQHandler                          0x08000177   Thumb Code     0  startup_stm32f030x6.o(.text)
    DMA1_Channel1_IRQHandler                 0x08000177   Thumb Code     0  startup_stm32f030x6.o(.text)
    DMA1_Channel2_3_IRQHandler               0x08000177   Thumb Code     0  startup_stm32f030x6.o(.text)
    DMA1_Channel4_5_IRQHandler               0x08000177   Thumb Code     0  startup_stm32f030x6.o(.text)
    EXTI0_1_IRQHandler                       0x08000177   Thumb Code     0  startup_stm32f030x6.o(.text)
    EXTI2_3_IRQHandler                       0x08000177   Thumb Code     0  startup_stm32f030x6.o(.text)
    EXTI4_15_IRQHandler                      0x08000177   Thumb Code     0  startup_stm32f030x6.o(.text)
    FLASH_IRQHandler                         0x08000177   Thumb Code     0  startup_stm32f030x6.o(.text)
    I2C1_IRQHandler                          0x08000177   Thumb Code     0  startup_stm32f030x6.o(.text)
    RCC_IRQHandler                           0x08000177   Thumb Code     0  startup_stm32f030x6.o(.text)
    RTC_IRQHandler                           0x08000177   Thumb Code     0  startup_stm32f030x6.o(.text)
    SPI1_IRQHandler                          0x08000177   Thumb Code     0  startup_stm32f030x6.o(.text)
    TIM14_IRQHandler                         0x08000177   Thumb Code     0  startup_stm32f030x6.o(.text)
    TIM16_IRQHandler                         0x08000177   Thumb Code     0  startup_stm32f030x6.o(.text)
    TIM17_IRQHandler                         0x08000177   Thumb Code     0  startup_stm32f030x6.o(.text)
    TIM1_BRK_UP_TRG_COM_IRQHandler           0x08000177   Thumb Code     0  startup_stm32f030x6.o(.text)
    TIM1_CC_IRQHandler                       0x08000177   Thumb Code     0  startup_stm32f030x6.o(.text)
    TIM3_IRQHandler                          0x08000177   Thumb Code     0  startup_stm32f030x6.o(.text)
    WWDG_IRQHandler                          0x08000177   Thumb Code     0  startup_stm32f030x6.o(.text)
    __user_initial_stackheap                 0x08000179   Thumb Code     0  startup_stm32f030x6.o(.text)
    __aeabi_uldivmod                         0x0800019d   Thumb Code   258  lludiv.o(.text)
    _ll_udiv                                 0x0800019d   Thumb Code     0  lludiv.o(.text)
    __2printf                                0x080002a1   Thumb Code    22  noretval__2printf.o(.text)
    __printf                                 0x080002bd   Thumb Code   108  __printf.o(.text)
    _printf_int_dec                          0x08000329   Thumb Code    90  _printf_dec.o(.text)
    __aeabi_uidiv                            0x08000395   Thumb Code     0  aeabi_sdiv.o(.text)
    __aeabi_uidivmod                         0x08000395   Thumb Code    20  aeabi_sdiv.o(.text)
    __aeabi_idiv                             0x080003a9   Thumb Code     0  aeabi_sdiv.o(.text)
    __aeabi_idivmod                          0x080003a9   Thumb Code   326  aeabi_sdiv.o(.text)
    __use_two_region_memory                  0x080004ef   Thumb Code     2  heapauxi.o(.text)
    __rt_heap_escrow$2region                 0x080004f1   Thumb Code     2  heapauxi.o(.text)
    __rt_heap_expand$2region                 0x080004f3   Thumb Code     2  heapauxi.o(.text)
    __aeabi_f2d                              0x080004f5   Thumb Code     0  f2d.o(.text)
    _f2d                                     0x080004f5   Thumb Code    80  f2d.o(.text)
    __aeabi_f2uiz                            0x08000549   Thumb Code     0  ffixui.o(.text)
    _ffixu                                   0x08000549   Thumb Code    48  ffixui.o(.text)
    _printf_int_common                       0x08000579   Thumb Code   176  _printf_intcommon.o(.text)
    _printf_char_file                        0x08000629   Thumb Code    34  _printf_char_file.o(.text)
    __rt_udiv10                              0x08000651   Thumb Code    40  rtudiv10.o(.text)
    __fpl_dcmp_InfNaN                        0x08000679   Thumb Code   140  dcmpin.o(.text)
    __fpl_fcmp_InfNaN                        0x08000709   Thumb Code    96  fcmpin.o(.text)
    _printf_char_common                      0x08000777   Thumb Code    32  _printf_char_common.o(.text)
    ferror                                   0x0800079d   Thumb Code     8  ferror.o(.text)
    __fpl_cmpreturn                          0x080007a5   Thumb Code    46  cmpret.o(.text)
    __fpl_dcheck_NaN2                        0x080007d5   Thumb Code    14  dnan2.o(.text)
    __fpl_fcheck_NaN2                        0x080007e9   Thumb Code    10  fnan2.o(.text)
    __user_setup_stackheap                   0x080007f9   Thumb Code    62  sys_stackheap_outer.o(.text)
    exit                                     0x08000837   Thumb Code    16  exit.o(.text)
    __fpl_return_NaN                         0x08000847   Thumb Code    94  retnan.o(.text)
    __user_libspace                          0x080008a5   Thumb Code     8  libspace.o(.text)
    __user_perproc_libspace                  0x080008a5   Thumb Code     0  libspace.o(.text)
    __user_perthread_libspace                0x080008a5   Thumb Code     0  libspace.o(.text)
    _sys_exit                                0x080008ad   Thumb Code     8  sys_exit.o(.text)
    __I$use$semihosting                      0x080008b9   Thumb Code     0  use_no_semi.o(.text)
    __use_no_semihosting_swi                 0x080008b9   Thumb Code     2  use_no_semi.o(.text)
    ADC_ChannelConfig                        0x080008bb   Thumb Code    24  stm32f0xx_adc.o(i.ADC_ChannelConfig)
    __semihosting_library_function           0x080008bb   Thumb Code     0  indicate_semi.o(.text)
    ADC_Cmd                                  0x080008d3   Thumb Code    24  stm32f0xx_adc.o(i.ADC_Cmd)
    ADC_Configuration                        0x080008ed   Thumb Code   130  adc.o(i.ADC_Configuration)
    ADC_DeInit                               0x08000975   Thumb Code    28  stm32f0xx_adc.o(i.ADC_DeInit)
    ADC_GetCalibrationFactor                 0x08000995   Thumb Code    60  stm32f0xx_adc.o(i.ADC_GetCalibrationFactor)
    ADC_GetConversionValue                   0x080009d1   Thumb Code     8  stm32f0xx_adc.o(i.ADC_GetConversionValue)
    ADC_GetFlagStatus                        0x080009d9   Thumb Code    48  stm32f0xx_adc.o(i.ADC_GetFlagStatus)
    ADC_Init                                 0x08000a09   Thumb Code    40  stm32f0xx_adc.o(i.ADC_Init)
    ADC_StartOfConversion                    0x08000a35   Thumb Code    10  stm32f0xx_adc.o(i.ADC_StartOfConversion)
    ADC_StructInit                           0x08000a3f   Thumb Code    16  stm32f0xx_adc.o(i.ADC_StructInit)
    GPIO_Init                                0x08000a4f   Thumb Code   144  stm32f0xx_gpio.o(i.GPIO_Init)
    GPIO_PinAFConfig                         0x08000adf   Thumb Code    68  stm32f0xx_gpio.o(i.GPIO_PinAFConfig)
    GPIO_configuration                       0x08000b23   Thumb Code    40  i2c.o(i.GPIO_configuration)
    I2C_ClearFlag                            0x08000b4b   Thumb Code     4  stm32f0xx_i2c.o(i.I2C_ClearFlag)
    I2C_Cmd                                  0x08000b4f   Thumb Code    24  stm32f0xx_i2c.o(i.I2C_Cmd)
    I2C_GenerateSTOP                         0x08000b67   Thumb Code    28  stm32f0xx_i2c.o(i.I2C_GenerateSTOP)
    I2C_GetFlagStatus                        0x08000b83   Thumb Code    28  stm32f0xx_i2c.o(i.I2C_GetFlagStatus)
    I2C_Init                                 0x08000ba1   Thumb Code    98  stm32f0xx_i2c.o(i.I2C_Init)
    I2C_Read_MultiReg                        0x08000c0d   Thumb Code   160  i2c.o(i.I2C_Read_MultiReg)
    I2C_Read_Reg                             0x08000cb1   Thumb Code   146  i2c.o(i.I2C_Read_Reg)
    I2C_Read_Reg16bit                        0x08000d49   Thumb Code   184  i2c.o(i.I2C_Read_Reg16bit)
    I2C_ReceiveData                          0x08000e05   Thumb Code     8  stm32f0xx_i2c.o(i.I2C_ReceiveData)
    I2C_SendData                             0x08000e0d   Thumb Code     4  stm32f0xx_i2c.o(i.I2C_SendData)
    I2C_TransferHandling                     0x08000e11   Thumb Code    38  stm32f0xx_i2c.o(i.I2C_TransferHandling)
    I2C_Write_MultiReg                       0x08000e3d   Thumb Code   184  i2c.o(i.I2C_Write_MultiReg)
    I2C_Write_Reg                            0x08000ef9   Thumb Code   142  i2c.o(i.I2C_Write_Reg)
    I2C_Write_Reg16bit                       0x08000f8d   Thumb Code   186  i2c.o(i.I2C_Write_Reg16bit)
    I2C_Write_Reg32bit                       0x0800104d   Thumb Code   202  i2c.o(i.I2C_Write_Reg32bit)
    PWM_Configuration                        0x0800111d   Thumb Code   146  timer.o(i.PWM_Configuration)
    RCC_AHBPeriphClockCmd                    0x080011b9   Thumb Code    28  stm32f0xx_rcc.o(i.RCC_AHBPeriphClockCmd)
    RCC_APB1PeriphClockCmd                   0x080011d9   Thumb Code    28  stm32f0xx_rcc.o(i.RCC_APB1PeriphClockCmd)
    RCC_APB2PeriphClockCmd                   0x080011f9   Thumb Code    28  stm32f0xx_rcc.o(i.RCC_APB2PeriphClockCmd)
    RCC_APB2PeriphResetCmd                   0x08001219   Thumb Code    28  stm32f0xx_rcc.o(i.RCC_APB2PeriphResetCmd)
    RCC_DeInit                               0x08001239   Thumb Code   102  stm32f0xx_rcc.o(i.RCC_DeInit)
    RCC_GetClocksFreq                        0x080012b1   Thumb Code   554  stm32f0xx_rcc.o(i.RCC_GetClocksFreq)
    RCC_GetSYSCLKSource                      0x080014f9   Thumb Code    10  stm32f0xx_rcc.o(i.RCC_GetSYSCLKSource)
    RCC_HCLKConfig                           0x08001509   Thumb Code    28  stm32f0xx_rcc.o(i.RCC_HCLKConfig)
    RCC_HSICmd                               0x08001529   Thumb Code    32  stm32f0xx_rcc.o(i.RCC_HSICmd)
    RCC_PCLKConfig                           0x0800154d   Thumb Code    30  stm32f0xx_rcc.o(i.RCC_PCLKConfig)
    RCC_SYSCLKConfig                         0x08001571   Thumb Code    24  stm32f0xx_rcc.o(i.RCC_SYSCLKConfig)
    Read_Status_Pin                          0x0800158d   Thumb Code    14  adc.o(i.Read_Status_Pin)
    Read_status_Buzz                         0x080015a1   Thumb Code    18  timer.o(i.Read_status_Buzz)
    Read_status_VolumeBuzz                   0x080015b5   Thumb Code     8  timer.o(i.Read_status_VolumeBuzz)
    SysTick32                                0x080015c1   Thumb Code    14  delay.o(i.SysTick32)
    SysTick64                                0x080015d9   Thumb Code    26  delay.o(i.SysTick64)
    SysTick_Handler                          0x080015fd   Thumb Code    12  delay.o(i.SysTick_Handler)
    SysTick_Init                             0x0800160d   Thumb Code    12  delay.o(i.SysTick_Init)
    SystemClock_Config                       0x08001621   Thumb Code    42  delay.o(i.SystemClock_Config)
    SystemCoreClockUpdate                    0x0800164d   Thumb Code   148  system_stm32f0xx.o(i.SystemCoreClockUpdate)
    SystemInit                               0x080016f5   Thumb Code     2  system_stm32f0xx.o(i.SystemInit)
    TIM_Cmd                                  0x080016f9   Thumb Code    24  stm32f0xx_tim.o(i.TIM_Cmd)
    TIM_OC1Init                              0x08001715   Thumb Code   122  stm32f0xx_tim.o(i.TIM_OC1Init)
    TIM_TimeBaseInit                         0x080017a9   Thumb Code    90  stm32f0xx_tim.o(i.TIM_TimeBaseInit)
    UART1_config                             0x08001825   Thumb Code   160  uart.o(i.UART1_config)
    USART1_IRQHandler                        0x080018d1   Thumb Code    50  uart.o(i.USART1_IRQHandler)
    USART_Cmd                                0x08001911   Thumb Code    24  stm32f0xx_usart.o(i.USART_Cmd)
    USART_GetFlagStatus                      0x08001929   Thumb Code    20  stm32f0xx_usart.o(i.USART_GetFlagStatus)
    USART_ITConfig                           0x0800193d   Thumb Code    66  stm32f0xx_usart.o(i.USART_ITConfig)
    USART_Init                               0x08001981   Thumb Code   226  stm32f0xx_usart.o(i.USART_Init)
    USART_ReceiveData                        0x08001a79   Thumb Code    10  stm32f0xx_usart.o(i.USART_ReceiveData)
    USART_SendData                           0x08001a83   Thumb Code     8  stm32f0xx_usart.o(i.USART_SendData)
    add_value_tx_message                     0x08001a8d   Thumb Code    28  main.o(i.add_value_tx_message)
    checkTimeoutExpired                      0x08001aad   Thumb Code    38  vl53l0x.o(i.checkTimeoutExpired)
    delay_ms                                 0x08001aed   Thumb Code    22  delay.o(i.delay_ms)
    delay_us                                 0x08001b03   Thumb Code    26  delay.o(i.delay_us)
    fputc                                    0x08001b49   Thumb Code    32  uart.o(i.fputc)
    i2c_configuration                        0x08001db1   Thumb Code   138  i2c.o(i.i2c_configuration)
    init_vl53l0x                             0x08001e45   Thumb Code  1104  vl53l0x.o(i.init_vl53l0x)
    main                                     0x08002295   Thumb Code   120  main.o(i.main)
    millis                                   0x08002321   Thumb Code    20  delay.o(i.millis)
    readRangeContinuousMillimeters           0x08002385   Thumb Code    60  vl53l0x.o(i.readRangeContinuousMillimeters)
    startContinuous                          0x08002531   Thumb Code   112  vl53l0x.o(i.startContinuous)
    startTimeout                             0x080025a5   Thumb Code    16  vl53l0x.o(i.startTimeout)
    __aeabi_cdrcmple                         0x08002675   Thumb Code     0  drlef.o(x$fpl$drleqf)
    _drcmple                                 0x08002675   Thumb Code   100  drlef.o(x$fpl$drleqf)
    __aeabi_cfcmple                          0x080026dd   Thumb Code     0  flef.o(x$fpl$fleqf)
    _fcmple                                  0x080026dd   Thumb Code    78  flef.o(x$fpl$fleqf)
    __aeabi_fmul                             0x08002731   Thumb Code     0  fmul.o(x$fpl$fmul)
    _fmul                                    0x08002731   Thumb Code   172  fmul.o(x$fpl$fmul)
    AHBPrescTable                            0x080027e0   Data          16  system_stm32f0xx.o(.constdata)
    __I$use$fp                               0x080027e0   Number         0  usenofp.o(x$fpl$usenofp)
    APBPrescTable                            0x080027f0   Data           8  system_stm32f0xx.o(.constdata)
    Region$$Table$$Base                      0x080027f8   Number         0  anon$$obj.o(Region$$Table)
    Region$$Table$$Limit                     0x08002818   Number         0  anon$$obj.o(Region$$Table)
    tx_message                               0x20000010   Data           8  main.o(.data)
    ptx_message                              0x20000018   Data           4  main.o(.data)
    __stdout                                 0x20000020   Data           4  uart.o(.data)
    SystemCoreClock                          0x20000028   Data           4  system_stm32f0xx.o(.data)
    _rx_buffer                               0x2000002c   Data         256  main.o(.bss)
    __libspace_start                         0x2000013c   Data          96  libspace.o(.bss)
    __temporary_stack_top$libspace           0x2000019c   Data           0  libspace.o(.bss)



==============================================================================

Memory Map of the image

  Image Entry point : 0x080000b1

  Load Region LR_IROM1 (Base: 0x08000000, Size: 0x00002844, Max: 0x00004000, ABSOLUTE)

    Execution Region ER_IROM1 (Base: 0x08000000, Size: 0x00002818, Max: 0x00004000, ABSOLUTE)

    Base Addr    Size         Type   Attr      Idx    E Section Name        Object

    0x08000000   0x000000b0   Data   RO         2242    RESET               startup_stm32f030x6.o
    0x080000b0   0x00000008   Code   RO         2320  * !!!main             c_p.l(__main.o)
    0x080000b8   0x0000003c   Code   RO         2536    !!!scatter          c_p.l(__scatter.o)
    0x080000f4   0x0000001a   Code   RO         2538    !!handler_copy      c_p.l(__scatter_copy.o)
    0x0800010e   0x00000002   PAD
    0x08000110   0x0000001c   Code   RO         2540    !!handler_zi        c_p.l(__scatter_zi.o)
    0x0800012c   0x00000002   Code   RO         2313    .ARM.Collect$$_printf_percent$$00000000  c_p.l(_printf_percent.o)
    0x0800012e   0x0000000a   Code   RO         2312    .ARM.Collect$$_printf_percent$$00000009  c_p.l(_printf_d.o)
    0x08000138   0x00000004   Code   RO         2350    .ARM.Collect$$_printf_percent$$00000017  c_p.l(_printf_percent_end.o)
    0x0800013c   0x00000002   Code   RO         2403    .ARM.Collect$$libinit$$00000000  c_p.l(libinit.o)
    0x0800013e   0x00000000   Code   RO         2419    .ARM.Collect$$libinit$$00000002  c_p.l(libinit2.o)
    0x0800013e   0x00000000   Code   RO         2421    .ARM.Collect$$libinit$$00000004  c_p.l(libinit2.o)
    0x0800013e   0x00000000   Code   RO         2424    .ARM.Collect$$libinit$$0000000A  c_p.l(libinit2.o)
    0x0800013e   0x00000000   Code   RO         2426    .ARM.Collect$$libinit$$0000000C  c_p.l(libinit2.o)
    0x0800013e   0x00000000   Code   RO         2428    .ARM.Collect$$libinit$$0000000E  c_p.l(libinit2.o)
    0x0800013e   0x00000000   Code   RO         2431    .ARM.Collect$$libinit$$00000011  c_p.l(libinit2.o)
    0x0800013e   0x00000000   Code   RO         2433    .ARM.Collect$$libinit$$00000013  c_p.l(libinit2.o)
    0x0800013e   0x00000000   Code   RO         2435    .ARM.Collect$$libinit$$00000015  c_p.l(libinit2.o)
    0x0800013e   0x00000000   Code   RO         2437    .ARM.Collect$$libinit$$00000017  c_p.l(libinit2.o)
    0x0800013e   0x00000000   Code   RO         2439    .ARM.Collect$$libinit$$00000019  c_p.l(libinit2.o)
    0x0800013e   0x00000000   Code   RO         2441    .ARM.Collect$$libinit$$0000001B  c_p.l(libinit2.o)
    0x0800013e   0x00000000   Code   RO         2443    .ARM.Collect$$libinit$$0000001D  c_p.l(libinit2.o)
    0x0800013e   0x00000000   Code   RO         2445    .ARM.Collect$$libinit$$0000001F  c_p.l(libinit2.o)
    0x0800013e   0x00000000   Code   RO         2447    .ARM.Collect$$libinit$$00000021  c_p.l(libinit2.o)
    0x0800013e   0x00000000   Code   RO         2449    .ARM.Collect$$libinit$$00000023  c_p.l(libinit2.o)
    0x0800013e   0x00000000   Code   RO         2451    .ARM.Collect$$libinit$$00000025  c_p.l(libinit2.o)
    0x0800013e   0x00000000   Code   RO         2455    .ARM.Collect$$libinit$$0000002C  c_p.l(libinit2.o)
    0x0800013e   0x00000000   Code   RO         2457    .ARM.Collect$$libinit$$0000002E  c_p.l(libinit2.o)
    0x0800013e   0x00000000   Code   RO         2459    .ARM.Collect$$libinit$$00000030  c_p.l(libinit2.o)
    0x0800013e   0x00000000   Code   RO         2461    .ARM.Collect$$libinit$$00000032  c_p.l(libinit2.o)
    0x0800013e   0x00000002   Code   RO         2462    .ARM.Collect$$libinit$$00000033  c_p.l(libinit2.o)
    0x08000140   0x00000002   Code   RO         2493    .ARM.Collect$$libshutdown$$00000000  c_p.l(libshutdown.o)
    0x08000142   0x00000000   Code   RO         2519    .ARM.Collect$$libshutdown$$00000002  c_p.l(libshutdown2.o)
    0x08000142   0x00000000   Code   RO         2521    .ARM.Collect$$libshutdown$$00000004  c_p.l(libshutdown2.o)
    0x08000142   0x00000000   Code   RO         2524    .ARM.Collect$$libshutdown$$00000007  c_p.l(libshutdown2.o)
    0x08000142   0x00000000   Code   RO         2527    .ARM.Collect$$libshutdown$$0000000A  c_p.l(libshutdown2.o)
    0x08000142   0x00000000   Code   RO         2529    .ARM.Collect$$libshutdown$$0000000C  c_p.l(libshutdown2.o)
    0x08000142   0x00000000   Code   RO         2532    .ARM.Collect$$libshutdown$$0000000F  c_p.l(libshutdown2.o)
    0x08000142   0x00000002   Code   RO         2533    .ARM.Collect$$libshutdown$$00000010  c_p.l(libshutdown2.o)
    0x08000144   0x00000000   Code   RO         2337    .ARM.Collect$$rtentry$$00000000  c_p.l(__rtentry.o)
    0x08000144   0x00000000   Code   RO         2359    .ARM.Collect$$rtentry$$00000002  c_p.l(__rtentry2.o)
    0x08000144   0x00000006   Code   RO         2371    .ARM.Collect$$rtentry$$00000004  c_p.l(__rtentry4.o)
    0x0800014a   0x00000000   Code   RO         2361    .ARM.Collect$$rtentry$$00000009  c_p.l(__rtentry2.o)
    0x0800014a   0x00000004   Code   RO         2362    .ARM.Collect$$rtentry$$0000000A  c_p.l(__rtentry2.o)
    0x0800014e   0x00000000   Code   RO         2364    .ARM.Collect$$rtentry$$0000000C  c_p.l(__rtentry2.o)
    0x0800014e   0x00000008   Code   RO         2365    .ARM.Collect$$rtentry$$0000000D  c_p.l(__rtentry2.o)
    0x08000156   0x00000002   Code   RO         2410    .ARM.Collect$$rtexit$$00000000  c_p.l(rtexit.o)
    0x08000158   0x00000000   Code   RO         2466    .ARM.Collect$$rtexit$$00000002  c_p.l(rtexit2.o)
    0x08000158   0x00000004   Code   RO         2467    .ARM.Collect$$rtexit$$00000003  c_p.l(rtexit2.o)
    0x0800015c   0x00000006   Code   RO         2468    .ARM.Collect$$rtexit$$00000004  c_p.l(rtexit2.o)
    0x08000162   0x00000002   PAD
    0x08000164   0x00000038   Code   RO         2243    .text               startup_stm32f030x6.o
    0x0800019c   0x00000102   Code   RO         2282    .text               c_p.l(lludiv.o)
    0x0800029e   0x00000002   PAD
    0x080002a0   0x0000001c   Code   RO         2286    .text               c_p.l(noretval__2printf.o)
    0x080002bc   0x0000006c   Code   RO         2288    .text               c_p.l(__printf.o)
    0x08000328   0x0000006c   Code   RO         2290    .text               c_p.l(_printf_dec.o)
    0x08000394   0x0000015a   Code   RO         2314    .text               c_p.l(aeabi_sdiv.o)
    0x080004ee   0x00000006   Code   RO         2318    .text               c_p.l(heapauxi.o)
    0x080004f4   0x00000054   Code   RO         2324    .text               fz_ps.l(f2d.o)
    0x08000548   0x00000030   Code   RO         2329    .text               fz_ps.l(ffixui.o)
    0x08000578   0x000000b0   Code   RO         2346    .text               c_p.l(_printf_intcommon.o)
    0x08000628   0x00000028   Code   RO         2348    .text               c_p.l(_printf_char_file.o)
    0x08000650   0x00000028   Code   RO         2351    .text               c_p.l(rtudiv10.o)
    0x08000678   0x00000090   Code   RO         2353    .text               fz_ps.l(dcmpin.o)
    0x08000708   0x00000064   Code   RO         2355    .text               fz_ps.l(fcmpin.o)
    0x0800076c   0x00000030   Code   RO         2375    .text               c_p.l(_printf_char_common.o)
    0x0800079c   0x00000008   Code   RO         2377    .text               c_p.l(ferror.o)
    0x080007a4   0x0000002e   Code   RO         2381    .text               fz_ps.l(cmpret.o)
    0x080007d2   0x00000002   PAD
    0x080007d4   0x00000014   Code   RO         2383    .text               fz_ps.l(dnan2.o)
    0x080007e8   0x00000010   Code   RO         2385    .text               fz_ps.l(fnan2.o)
    0x080007f8   0x0000003e   Code   RO         2387    .text               c_p.l(sys_stackheap_outer.o)
    0x08000836   0x00000010   Code   RO         2392    .text               c_p.l(exit.o)
    0x08000846   0x0000005e   Code   RO         2404    .text               fz_ps.l(retnan.o)
    0x080008a4   0x00000008   Code   RO         2406    .text               c_p.l(libspace.o)
    0x080008ac   0x0000000c   Code   RO         2463    .text               c_p.l(sys_exit.o)
    0x080008b8   0x00000002   Code   RO         2482    .text               c_p.l(use_no_semi.o)
    0x080008ba   0x00000000   Code   RO         2484    .text               c_p.l(indicate_semi.o)
    0x080008ba   0x00000018   Code   RO          976    i.ADC_ChannelConfig  stm32f0xx_adc.o
    0x080008d2   0x00000018   Code   RO          980    i.ADC_Cmd           stm32f0xx_adc.o
    0x080008ea   0x00000002   PAD
    0x080008ec   0x00000088   Code   RO         1988    i.ADC_Configuration  adc.o
    0x08000974   0x00000020   Code   RO          984    i.ADC_DeInit        stm32f0xx_adc.o
    0x08000994   0x0000003c   Code   RO          986    i.ADC_GetCalibrationFactor  stm32f0xx_adc.o
    0x080009d0   0x00000008   Code   RO          987    i.ADC_GetConversionValue  stm32f0xx_adc.o
    0x080009d8   0x00000030   Code   RO          988    i.ADC_GetFlagStatus  stm32f0xx_adc.o
    0x08000a08   0x0000002c   Code   RO          991    i.ADC_Init          stm32f0xx_adc.o
    0x08000a34   0x0000000a   Code   RO          994    i.ADC_StartOfConversion  stm32f0xx_adc.o
    0x08000a3e   0x00000010   Code   RO          996    i.ADC_StructInit    stm32f0xx_adc.o
    0x08000a4e   0x00000090   Code   RO            4    i.GPIO_Init         stm32f0xx_gpio.o
    0x08000ade   0x00000044   Code   RO            5    i.GPIO_PinAFConfig  stm32f0xx_gpio.o
    0x08000b22   0x00000028   Code   RO         1791    i.GPIO_configuration  i2c.o
    0x08000b4a   0x00000004   Code   RO          396    i.I2C_ClearFlag     stm32f0xx_i2c.o
    0x08000b4e   0x00000018   Code   RO          399    i.I2C_Cmd           stm32f0xx_i2c.o
    0x08000b66   0x0000001c   Code   RO          406    i.I2C_GenerateSTOP  stm32f0xx_i2c.o
    0x08000b82   0x0000001c   Code   RO          408    i.I2C_GetFlagStatus  stm32f0xx_i2c.o
    0x08000b9e   0x00000002   PAD
    0x08000ba0   0x0000006c   Code   RO          414    i.I2C_Init          stm32f0xx_i2c.o
    0x08000c0c   0x000000a4   Code   RO         1792    i.I2C_Read_MultiReg  i2c.o
    0x08000cb0   0x00000098   Code   RO         1793    i.I2C_Read_Reg      i2c.o
    0x08000d48   0x000000bc   Code   RO         1794    i.I2C_Read_Reg16bit  i2c.o
    0x08000e04   0x00000008   Code   RO          420    i.I2C_ReceiveData   stm32f0xx_i2c.o
    0x08000e0c   0x00000004   Code   RO          423    i.I2C_SendData      stm32f0xx_i2c.o
    0x08000e10   0x0000002c   Code   RO          432    i.I2C_TransferHandling  stm32f0xx_i2c.o
    0x08000e3c   0x000000bc   Code   RO         1796    i.I2C_Write_MultiReg  i2c.o
    0x08000ef8   0x00000094   Code   RO         1797    i.I2C_Write_Reg     i2c.o
    0x08000f8c   0x000000c0   Code   RO         1798    i.I2C_Write_Reg16bit  i2c.o
    0x0800104c   0x000000d0   Code   RO         1799    i.I2C_Write_Reg32bit  i2c.o
    0x0800111c   0x0000009c   Code   RO         1950    i.PWM_Configuration  timer.o
    0x080011b8   0x00000020   Code   RO          130    i.RCC_AHBPeriphClockCmd  stm32f0xx_rcc.o
    0x080011d8   0x00000020   Code   RO          132    i.RCC_APB1PeriphClockCmd  stm32f0xx_rcc.o
    0x080011f8   0x00000020   Code   RO          134    i.RCC_APB2PeriphClockCmd  stm32f0xx_rcc.o
    0x08001218   0x00000020   Code   RO          135    i.RCC_APB2PeriphResetCmd  stm32f0xx_rcc.o
    0x08001238   0x00000078   Code   RO          143    i.RCC_DeInit        stm32f0xx_rcc.o
    0x080012b0   0x00000248   Code   RO          144    i.RCC_GetClocksFreq  stm32f0xx_rcc.o
    0x080014f8   0x00000010   Code   RO          147    i.RCC_GetSYSCLKSource  stm32f0xx_rcc.o
    0x08001508   0x00000020   Code   RO          148    i.RCC_HCLKConfig    stm32f0xx_rcc.o
    0x08001528   0x00000024   Code   RO          153    i.RCC_HSICmd        stm32f0xx_rcc.o
    0x0800154c   0x00000024   Code   RO          160    i.RCC_PCLKConfig    stm32f0xx_rcc.o
    0x08001570   0x0000001c   Code   RO          166    i.RCC_SYSCLKConfig  stm32f0xx_rcc.o
    0x0800158c   0x00000014   Code   RO         1989    i.Read_Status_Pin   adc.o
    0x080015a0   0x00000012   Code   RO         1951    i.Read_status_Buzz  timer.o
    0x080015b2   0x00000002   PAD
    0x080015b4   0x0000000c   Code   RO         1952    i.Read_status_VolumeBuzz  timer.o
    0x080015c0   0x00000018   Code   RO         1869    i.SysTick32         delay.o
    0x080015d8   0x00000024   Code   RO         1870    i.SysTick64         delay.o
    0x080015fc   0x00000010   Code   RO         1871    i.SysTick_Handler   delay.o
    0x0800160c   0x00000014   Code   RO         1872    i.SysTick_Init      delay.o
    0x08001620   0x0000002a   Code   RO         1875    i.SystemClock_Config  delay.o
    0x0800164a   0x00000002   PAD
    0x0800164c   0x000000a8   Code   RO         2249    i.SystemCoreClockUpdate  system_stm32f0xx.o
    0x080016f4   0x00000002   Code   RO         2250    i.SystemInit        system_stm32f0xx.o
    0x080016f6   0x00000002   PAD
    0x080016f8   0x0000001c   Code   RO         1184    i.TIM_Cmd           stm32f0xx_tim.o
    0x08001714   0x00000094   Code   RO         1213    i.TIM_OC1Init       stm32f0xx_tim.o
    0x080017a8   0x0000007c   Code   RO         1257    i.TIM_TimeBaseInit  stm32f0xx_tim.o
    0x08001824   0x000000ac   Code   RO         2190    i.UART1_config      uart.o
    0x080018d0   0x00000040   Code   RO         2191    i.USART1_IRQHandler  uart.o
    0x08001910   0x00000018   Code   RO          667    i.USART_Cmd         stm32f0xx_usart.o
    0x08001928   0x00000014   Code   RO          675    i.USART_GetFlagStatus  stm32f0xx_usart.o
    0x0800193c   0x00000042   Code   RO          678    i.USART_ITConfig    stm32f0xx_usart.o
    0x0800197e   0x00000002   PAD
    0x08001980   0x000000f8   Code   RO          679    i.USART_Init        stm32f0xx_usart.o
    0x08001a78   0x0000000a   Code   RO          691    i.USART_ReceiveData  stm32f0xx_usart.o
    0x08001a82   0x00000008   Code   RO          696    i.USART_SendData    stm32f0xx_usart.o
    0x08001a8a   0x00000002   PAD
    0x08001a8c   0x00000020   Code   RO         1739    i.add_value_tx_message  main.o
    0x08001aac   0x0000002c   Code   RO         2014    i.checkTimeoutExpired  vl53l0x.o
    0x08001ad8   0x00000014   Code   RO         2015    i.decodeTimeout     vl53l0x.o
    0x08001aec   0x00000016   Code   RO         1876    i.delay_ms          delay.o
    0x08001b02   0x0000001a   Code   RO         1877    i.delay_us          delay.o
    0x08001b1c   0x0000002c   Code   RO         2016    i.encodeTimeout     vl53l0x.o
    0x08001b48   0x00000024   Code   RO         2193    i.fputc             uart.o
    0x08001b6c   0x000000a8   Code   RO         2017    i.getMeasurementTimingBudget  vl53l0x.o
    0x08001c14   0x0000002a   Code   RO         2018    i.getSequenceStepEnables  vl53l0x.o
    0x08001c3e   0x0000006a   Code   RO         2019    i.getSequenceStepTimeouts  vl53l0x.o
    0x08001ca8   0x000000dc   Code   RO         2021    i.getSpadInfo       vl53l0x.o
    0x08001d84   0x0000002c   Code   RO         2022    i.getVcselPulsePeriod  vl53l0x.o
    0x08001db0   0x00000094   Code   RO         1800    i.i2c_configuration  i2c.o
    0x08001e44   0x00000450   Code   RO         2023    i.init_vl53l0x      vl53l0x.o
    0x08002294   0x0000008c   Code   RO         1740    i.main              main.o
    0x08002320   0x00000014   Code   RO         1878    i.millis            delay.o
    0x08002334   0x00000038   Code   RO         2024    i.performSingleRefCalibration  vl53l0x.o
    0x0800236c   0x00000016   Code   RO         2025    i.readMulti         vl53l0x.o
    0x08002382   0x00000002   PAD
    0x08002384   0x00000044   Code   RO         2026    i.readRangeContinuousMillimeters  vl53l0x.o
    0x080023c8   0x00000012   Code   RO         2028    i.readReg           vl53l0x.o
    0x080023da   0x00000012   Code   RO         2029    i.readReg16Bit      vl53l0x.o
    0x080023ec   0x000000f8   Code   RO         2031    i.setMeasurementTimingBudget  vl53l0x.o
    0x080024e4   0x0000004c   Code   RO         2032    i.setSignalRateLimit  vl53l0x.o
    0x08002530   0x00000074   Code   RO         2034    i.startContinuous   vl53l0x.o
    0x080025a4   0x00000014   Code   RO         2035    i.startTimeout      vl53l0x.o
    0x080025b8   0x00000038   Code   RO         2037    i.timeoutMclksToMicroseconds  vl53l0x.o
    0x080025f0   0x00000038   Code   RO         2038    i.timeoutMicrosecondsToMclks  vl53l0x.o
    0x08002628   0x00000016   Code   RO         2040    i.writeMulti        vl53l0x.o
    0x0800263e   0x00000012   Code   RO         2041    i.writeReg          vl53l0x.o
    0x08002650   0x00000012   Code   RO         2042    i.writeReg16Bit     vl53l0x.o
    0x08002662   0x00000012   Code   RO         2043    i.writeReg32Bit     vl53l0x.o
    0x08002674   0x00000068   Code   RO         2322    x$fpl$drleqf        fz_ps.l(drlef.o)
    0x080026dc   0x00000054   Code   RO         2333    x$fpl$fleqf         fz_ps.l(flef.o)
    0x08002730   0x000000b0   Code   RO         2335    x$fpl$fmul          fz_ps.l(fmul.o)
    0x080027e0   0x00000000   Code   RO         2357    x$fpl$usenofp       fz_ps.l(usenofp.o)
    0x080027e0   0x00000018   Data   RO         2251    .constdata          system_stm32f0xx.o
    0x080027f8   0x00000020   Data   RO         2534    Region$$Table       anon$$obj.o


    Execution Region RW_IRAM1 (Base: 0x20000000, Size: 0x000007a0, Max: 0x00001000, ABSOLUTE)

    Base Addr    Size         Type   Attr      Idx    E Section Name        Object

    0x20000000   0x00000010   Data   RW          170    .data               stm32f0xx_rcc.o
    0x20000010   0x0000000c   Data   RW         1742    .data               main.o
    0x2000001c   0x00000004   Data   RW         1879    .data               delay.o
    0x20000020   0x00000005   Data   RW         2194    .data               uart.o
    0x20000025   0x00000003   PAD
    0x20000028   0x00000004   Data   RW         2252    .data               system_stm32f0xx.o
    0x2000002c   0x00000100   Zero   RW         1741    .bss                main.o
    0x2000012c   0x00000010   Zero   RW         2044    .bss                vl53l0x.o
    0x2000013c   0x00000060   Zero   RW         2407    .bss                c_p.l(libspace.o)
    0x2000019c   0x00000004   PAD
    0x200001a0   0x00000200   Zero   RW         2241    HEAP                startup_stm32f030x6.o
    0x200003a0   0x00000400   Zero   RW         2240    STACK               startup_stm32f030x6.o


==============================================================================

Image component sizes


      Code (inc. data)   RO Data    RW Data    ZI Data      Debug   Object Name

       156         12          0          0          0       1038   adc.o
       206         32          0          4          0       4013   delay.o
      1428         46          0          0          0       6199   i2c.o
       172         24          0         12        256       1826   main.o
        56         26        176          0       1536        640   startup_stm32f030x6.o
       266          8          0          0          0      14163   stm32f0xx_adc.o
       212          0          0          0          0     181719   stm32f0xx_gpio.o
       248         16          0          0          0      11856   stm32f0xx_i2c.o
       980         88          0         16          0       7672   stm32f0xx_rcc.o
       300         64          0          0          0      22639   stm32f0xx_tim.o
       376         22          0          0          0      14517   stm32f0xx_usart.o
       170         20         24          4          0       1787   system_stm32f0xx.o
       186         14          0          0          0       1568   timer.o
       272         30          0          5          0       9857   uart.o
      2622         78          0          0         16      18075   vl53l0x.o

    ----------------------------------------------------------------------
      7666        480        232         44       1808     297569   Object Totals
         0          0         32          0          0          0   (incl. Generated)
        16          0          0          3          0          0   (incl. Padding)

    ----------------------------------------------------------------------

      Code (inc. data)   RO Data    RW Data    ZI Data      Debug   Library Member Name

         8          0          0          0          0         68   __main.o
       108          0          0          0          0         76   __printf.o
         0          0          0          0          0          0   __rtentry.o
        12          0          0          0          0          0   __rtentry2.o
         6          0          0          0          0          0   __rtentry4.o
        60          8          0          0          0          0   __scatter.o
        26          0          0          0          0          0   __scatter_copy.o
        28          0          0          0          0          0   __scatter_zi.o
        48          6          0          0          0         88   _printf_char_common.o
        40          6          0          0          0         72   _printf_char_file.o
        10          0          0          0          0          0   _printf_d.o
       108         18          0          0          0         76   _printf_dec.o
       176          0          0          0          0         84   _printf_intcommon.o
         2          0          0          0          0          0   _printf_percent.o
         4          0          0          0          0          0   _printf_percent_end.o
       346          0          0          0          0         92   aeabi_sdiv.o
        16          0          0          0          0         68   exit.o
         8          0          0          0          0         60   ferror.o
         6          0          0          0          0        136   heapauxi.o
         0          0          0          0          0          0   indicate_semi.o
         2          0          0          0          0          0   libinit.o
         2          0          0          0          0          0   libinit2.o
         2          0          0          0          0          0   libshutdown.o
         2          0          0          0          0          0   libshutdown2.o
         8          4          0          0         96         68   libspace.o
       258          0          0          0          0         88   lludiv.o
        28          6          0          0          0         84   noretval__2printf.o
         2          0          0          0          0          0   rtexit.o
        10          0          0          0          0          0   rtexit2.o
        40          0          0          0          0         60   rtudiv10.o
        12          4          0          0          0         60   sys_exit.o
        62          0          0          0          0         80   sys_stackheap_outer.o
         2          0          0          0          0         68   use_no_semi.o
        46          0          0          0          0         60   cmpret.o
       144          4          0          0          0         76   dcmpin.o
        20          6          0          0          0         68   dnan2.o
       104          4          0          0          0        104   drlef.o
        84          4          0          0          0         60   f2d.o
       100          4          0          0          0         68   fcmpin.o
        48          0          0          0          0         60   ffixui.o
        84          4          0          0          0         76   flef.o
       176          4          0          0          0         80   fmul.o
        16          6          0          0          0         68   fnan2.o
        94          0          0          0          0         68   retnan.o
         0          0          0          0          0          0   usenofp.o

    ----------------------------------------------------------------------
      2366         88          0          0        100       2116   Library Totals
         8          0          0          0          4          0   (incl. Padding)

    ----------------------------------------------------------------------

      Code (inc. data)   RO Data    RW Data    ZI Data      Debug   Library Name

      1442         52          0          0         96       1328   c_p.l
       916         36          0          0          0        788   fz_ps.l

    ----------------------------------------------------------------------
      2366         88          0          0        100       2116   Library Totals

    ----------------------------------------------------------------------

==============================================================================


      Code (inc. data)   RO Data    RW Data    ZI Data      Debug   

     10032        568        232         44       1908     294721   Grand Totals
     10032        568        232         44       1908     294721   ELF Image Totals
     10032        568        232         44          0          0   ROM Totals

==============================================================================

    Total RO  Size (Code + RO Data)                10264 (  10.02kB)
    Total RW  Size (RW Data + ZI Data)              1952 (   1.91kB)
    Total ROM Size (Code + RO Data + RW Data)      10308 (  10.07kB)

==============================================================================

