<!doctype html public "-//w3c//dtd html 4.0 transitional//en">
<html><head>
<title>Static Call Graph - [.\Objects\VL53L0X.axf]</title></head>
<body><HR>
<H1>Static Call Graph for image .\Objects\VL53L0X.axf</H1><HR>
<BR><P>#&#060CALLGRAPH&#062# ARM Linker, 5060061: Last Updated: Tue Jul 21 12:25:15 2020
<BR><P>
<H3>Maximum Stack Usage =        212 bytes + Unknown(Functions without stacksize, Cycles, Untraceable Function Pointers)</H3><H3>
Call chain for Maximum Stack Depth:</H3>
__rt_entry_main &rArr; main &rArr; init_vl53l0x &rArr; setMeasurementTimingBudget &rArr; getSequenceStepTimeouts &rArr; readReg16Bit &rArr; I2C_Read_Reg16bit &rArr; I2C_TransferHandling
<P>
<H3>
Functions with no stack information
</H3><UL>
 <LI><a href="#[39]">__user_initial_stackheap</a>
</UL>
</UL>
<P>
<H3>
Mutually Recursive functions
</H3> <LI><a href="#[7]">NMI_Handler</a>&nbsp;&nbsp;&nbsp;&rArr;&nbsp;&nbsp;&nbsp;<a href="#[7]">NMI_Handler</a><BR>
 <LI><a href="#[8]">HardFault_Handler</a>&nbsp;&nbsp;&nbsp;&rArr;&nbsp;&nbsp;&nbsp;<a href="#[8]">HardFault_Handler</a><BR>
 <LI><a href="#[9]">SVC_Handler</a>&nbsp;&nbsp;&nbsp;&rArr;&nbsp;&nbsp;&nbsp;<a href="#[9]">SVC_Handler</a><BR>
 <LI><a href="#[a]">PendSV_Handler</a>&nbsp;&nbsp;&nbsp;&rArr;&nbsp;&nbsp;&nbsp;<a href="#[a]">PendSV_Handler</a><BR>
 <LI><a href="#[16]">ADC1_IRQHandler</a>&nbsp;&nbsp;&nbsp;&rArr;&nbsp;&nbsp;&nbsp;<a href="#[16]">ADC1_IRQHandler</a><BR>
</UL>
<P>
<H3>
Function Pointers
</H3><UL>
 <LI><a href="#[16]">ADC1_IRQHandler</a> from startup_stm32f030x6.o(.text) referenced from startup_stm32f030x6.o(RESET)
 <LI><a href="#[13]">DMA1_Channel1_IRQHandler</a> from startup_stm32f030x6.o(.text) referenced from startup_stm32f030x6.o(RESET)
 <LI><a href="#[14]">DMA1_Channel2_3_IRQHandler</a> from startup_stm32f030x6.o(.text) referenced from startup_stm32f030x6.o(RESET)
 <LI><a href="#[15]">DMA1_Channel4_5_IRQHandler</a> from startup_stm32f030x6.o(.text) referenced from startup_stm32f030x6.o(RESET)
 <LI><a href="#[10]">EXTI0_1_IRQHandler</a> from startup_stm32f030x6.o(.text) referenced from startup_stm32f030x6.o(RESET)
 <LI><a href="#[11]">EXTI2_3_IRQHandler</a> from startup_stm32f030x6.o(.text) referenced from startup_stm32f030x6.o(RESET)
 <LI><a href="#[12]">EXTI4_15_IRQHandler</a> from startup_stm32f030x6.o(.text) referenced from startup_stm32f030x6.o(RESET)
 <LI><a href="#[e]">FLASH_IRQHandler</a> from startup_stm32f030x6.o(.text) referenced from startup_stm32f030x6.o(RESET)
 <LI><a href="#[8]">HardFault_Handler</a> from startup_stm32f030x6.o(.text) referenced from startup_stm32f030x6.o(RESET)
 <LI><a href="#[1d]">I2C1_IRQHandler</a> from startup_stm32f030x6.o(.text) referenced from startup_stm32f030x6.o(RESET)
 <LI><a href="#[7]">NMI_Handler</a> from startup_stm32f030x6.o(.text) referenced from startup_stm32f030x6.o(RESET)
 <LI><a href="#[a]">PendSV_Handler</a> from startup_stm32f030x6.o(.text) referenced from startup_stm32f030x6.o(RESET)
 <LI><a href="#[f]">RCC_IRQHandler</a> from startup_stm32f030x6.o(.text) referenced from startup_stm32f030x6.o(RESET)
 <LI><a href="#[d]">RTC_IRQHandler</a> from startup_stm32f030x6.o(.text) referenced from startup_stm32f030x6.o(RESET)
 <LI><a href="#[6]">Reset_Handler</a> from startup_stm32f030x6.o(.text) referenced from startup_stm32f030x6.o(RESET)
 <LI><a href="#[1e]">SPI1_IRQHandler</a> from startup_stm32f030x6.o(.text) referenced from startup_stm32f030x6.o(RESET)
 <LI><a href="#[9]">SVC_Handler</a> from startup_stm32f030x6.o(.text) referenced from startup_stm32f030x6.o(RESET)
 <LI><a href="#[b]">SysTick_Handler</a> from delay.o(i.SysTick_Handler) referenced from startup_stm32f030x6.o(RESET)
 <LI><a href="#[20]">SystemInit</a> from system_stm32f0xx.o(i.SystemInit) referenced from startup_stm32f030x6.o(.text)
 <LI><a href="#[1a]">TIM14_IRQHandler</a> from startup_stm32f030x6.o(.text) referenced from startup_stm32f030x6.o(RESET)
 <LI><a href="#[1b]">TIM16_IRQHandler</a> from timer.o(i.TIM16_IRQHandler) referenced from startup_stm32f030x6.o(RESET)
 <LI><a href="#[1c]">TIM17_IRQHandler</a> from startup_stm32f030x6.o(.text) referenced from startup_stm32f030x6.o(RESET)
 <LI><a href="#[17]">TIM1_BRK_UP_TRG_COM_IRQHandler</a> from startup_stm32f030x6.o(.text) referenced from startup_stm32f030x6.o(RESET)
 <LI><a href="#[18]">TIM1_CC_IRQHandler</a> from startup_stm32f030x6.o(.text) referenced from startup_stm32f030x6.o(RESET)
 <LI><a href="#[19]">TIM3_IRQHandler</a> from startup_stm32f030x6.o(.text) referenced from startup_stm32f030x6.o(RESET)
 <LI><a href="#[1f]">USART1_IRQHandler</a> from uart.o(i.USART1_IRQHandler) referenced from startup_stm32f030x6.o(RESET)
 <LI><a href="#[c]">WWDG_IRQHandler</a> from startup_stm32f030x6.o(.text) referenced from startup_stm32f030x6.o(RESET)
 <LI><a href="#[22]">__main</a> from __main.o(!!!main) referenced from startup_stm32f030x6.o(.text)
</UL>
<P>
<H3>
Global Symbols
</H3>
<P><STRONG><a name="[22]"></a>__main</STRONG> (Thumb, 8 bytes, Stack size 0 bytes, __main.o(!!!main))
<BR><BR>[Calls]<UL><LI><a href="#[24]">&gt;&gt;</a>&nbsp;&nbsp;&nbsp;__rt_entry
<LI><a href="#[23]">&gt;&gt;</a>&nbsp;&nbsp;&nbsp;__scatterload
</UL>

<P><STRONG><a name="[23]"></a>__scatterload</STRONG> (Thumb, 0 bytes, Stack size unknown bytes, __scatter.o(!!!scatter))
<BR><BR>[Called By]<UL><LI><a href="#[22]">&gt;&gt;</a>&nbsp;&nbsp;&nbsp;__main
</UL>

<P><STRONG><a name="[25]"></a>__scatterload_rt2</STRONG> (Thumb, 52 bytes, Stack size unknown bytes, __scatter.o(!!!scatter), UNUSED)
<BR><BR>[Calls]<UL><LI><a href="#[24]">&gt;&gt;</a>&nbsp;&nbsp;&nbsp;__rt_entry
</UL>

<P><STRONG><a name="[96]"></a>__scatterload_rt2_thumb_only</STRONG> (Thumb, 0 bytes, Stack size unknown bytes, __scatter.o(!!!scatter), UNUSED)

<P><STRONG><a name="[97]"></a>__scatterload_null</STRONG> (Thumb, 0 bytes, Stack size unknown bytes, __scatter.o(!!!scatter), UNUSED)

<P><STRONG><a name="[26]"></a>__scatterload_copy</STRONG> (Thumb, 26 bytes, Stack size unknown bytes, __scatter_copy.o(!!handler_copy), UNUSED)
<BR><BR>[Calls]<UL><LI><a href="#[26]">&gt;&gt;</a>&nbsp;&nbsp;&nbsp;__scatterload_copy
</UL>
<BR>[Called By]<UL><LI><a href="#[26]">&gt;&gt;</a>&nbsp;&nbsp;&nbsp;__scatterload_copy
</UL>

<P><STRONG><a name="[98]"></a>__scatterload_zeroinit</STRONG> (Thumb, 28 bytes, Stack size unknown bytes, __scatter_zi.o(!!handler_zi), UNUSED)

<P><STRONG><a name="[2a]"></a>__rt_lib_init</STRONG> (Thumb, 0 bytes, Stack size unknown bytes, libinit.o(.ARM.Collect$$libinit$$00000000))
<BR><BR>[Called By]<UL><LI><a href="#[29]">&gt;&gt;</a>&nbsp;&nbsp;&nbsp;__rt_entry_li
</UL>

<P><STRONG><a name="[99]"></a>__rt_lib_init_alloca_1</STRONG> (Thumb, 0 bytes, Stack size unknown bytes, libinit2.o(.ARM.Collect$$libinit$$0000002E))

<P><STRONG><a name="[9a]"></a>__rt_lib_init_argv_1</STRONG> (Thumb, 0 bytes, Stack size unknown bytes, libinit2.o(.ARM.Collect$$libinit$$0000002C))

<P><STRONG><a name="[9b]"></a>__rt_lib_init_atexit_1</STRONG> (Thumb, 0 bytes, Stack size unknown bytes, libinit2.o(.ARM.Collect$$libinit$$0000001B))

<P><STRONG><a name="[9c]"></a>__rt_lib_init_clock_1</STRONG> (Thumb, 0 bytes, Stack size unknown bytes, libinit2.o(.ARM.Collect$$libinit$$00000021))

<P><STRONG><a name="[9d]"></a>__rt_lib_init_cpp_1</STRONG> (Thumb, 0 bytes, Stack size unknown bytes, libinit2.o(.ARM.Collect$$libinit$$00000032))

<P><STRONG><a name="[9e]"></a>__rt_lib_init_exceptions_1</STRONG> (Thumb, 0 bytes, Stack size unknown bytes, libinit2.o(.ARM.Collect$$libinit$$00000030))

<P><STRONG><a name="[9f]"></a>__rt_lib_init_fp_1</STRONG> (Thumb, 0 bytes, Stack size unknown bytes, libinit2.o(.ARM.Collect$$libinit$$00000002))

<P><STRONG><a name="[a0]"></a>__rt_lib_init_fp_trap_1</STRONG> (Thumb, 0 bytes, Stack size unknown bytes, libinit2.o(.ARM.Collect$$libinit$$0000001F))

<P><STRONG><a name="[a1]"></a>__rt_lib_init_getenv_1</STRONG> (Thumb, 0 bytes, Stack size unknown bytes, libinit2.o(.ARM.Collect$$libinit$$00000023))

<P><STRONG><a name="[a2]"></a>__rt_lib_init_heap_1</STRONG> (Thumb, 0 bytes, Stack size unknown bytes, libinit2.o(.ARM.Collect$$libinit$$0000000A))

<P><STRONG><a name="[a3]"></a>__rt_lib_init_lc_collate_1</STRONG> (Thumb, 0 bytes, Stack size unknown bytes, libinit2.o(.ARM.Collect$$libinit$$00000011))

<P><STRONG><a name="[a4]"></a>__rt_lib_init_lc_ctype_1</STRONG> (Thumb, 0 bytes, Stack size unknown bytes, libinit2.o(.ARM.Collect$$libinit$$00000013))

<P><STRONG><a name="[a5]"></a>__rt_lib_init_lc_monetary_1</STRONG> (Thumb, 0 bytes, Stack size unknown bytes, libinit2.o(.ARM.Collect$$libinit$$00000015))

<P><STRONG><a name="[a6]"></a>__rt_lib_init_lc_numeric_1</STRONG> (Thumb, 0 bytes, Stack size unknown bytes, libinit2.o(.ARM.Collect$$libinit$$00000017))

<P><STRONG><a name="[a7]"></a>__rt_lib_init_lc_time_1</STRONG> (Thumb, 0 bytes, Stack size unknown bytes, libinit2.o(.ARM.Collect$$libinit$$00000019))

<P><STRONG><a name="[a8]"></a>__rt_lib_init_preinit_1</STRONG> (Thumb, 0 bytes, Stack size unknown bytes, libinit2.o(.ARM.Collect$$libinit$$00000004))

<P><STRONG><a name="[a9]"></a>__rt_lib_init_rand_1</STRONG> (Thumb, 0 bytes, Stack size unknown bytes, libinit2.o(.ARM.Collect$$libinit$$0000000E))

<P><STRONG><a name="[aa]"></a>__rt_lib_init_return</STRONG> (Thumb, 0 bytes, Stack size unknown bytes, libinit2.o(.ARM.Collect$$libinit$$00000033))

<P><STRONG><a name="[ab]"></a>__rt_lib_init_signal_1</STRONG> (Thumb, 0 bytes, Stack size unknown bytes, libinit2.o(.ARM.Collect$$libinit$$0000001D))

<P><STRONG><a name="[ac]"></a>__rt_lib_init_stdio_1</STRONG> (Thumb, 0 bytes, Stack size unknown bytes, libinit2.o(.ARM.Collect$$libinit$$00000025))

<P><STRONG><a name="[ad]"></a>__rt_lib_init_user_alloc_1</STRONG> (Thumb, 0 bytes, Stack size unknown bytes, libinit2.o(.ARM.Collect$$libinit$$0000000C))

<P><STRONG><a name="[2f]"></a>__rt_lib_shutdown</STRONG> (Thumb, 0 bytes, Stack size unknown bytes, libshutdown.o(.ARM.Collect$$libshutdown$$00000000))
<BR><BR>[Called By]<UL><LI><a href="#[2e]">&gt;&gt;</a>&nbsp;&nbsp;&nbsp;__rt_exit_ls
</UL>

<P><STRONG><a name="[ae]"></a>__rt_lib_shutdown_cpp_1</STRONG> (Thumb, 0 bytes, Stack size unknown bytes, libshutdown2.o(.ARM.Collect$$libshutdown$$00000002))

<P><STRONG><a name="[af]"></a>__rt_lib_shutdown_fp_trap_1</STRONG> (Thumb, 0 bytes, Stack size unknown bytes, libshutdown2.o(.ARM.Collect$$libshutdown$$00000007))

<P><STRONG><a name="[b0]"></a>__rt_lib_shutdown_heap_1</STRONG> (Thumb, 0 bytes, Stack size unknown bytes, libshutdown2.o(.ARM.Collect$$libshutdown$$0000000F))

<P><STRONG><a name="[b1]"></a>__rt_lib_shutdown_return</STRONG> (Thumb, 0 bytes, Stack size unknown bytes, libshutdown2.o(.ARM.Collect$$libshutdown$$00000010))

<P><STRONG><a name="[b2]"></a>__rt_lib_shutdown_signal_1</STRONG> (Thumb, 0 bytes, Stack size unknown bytes, libshutdown2.o(.ARM.Collect$$libshutdown$$0000000A))

<P><STRONG><a name="[b3]"></a>__rt_lib_shutdown_stdio_1</STRONG> (Thumb, 0 bytes, Stack size unknown bytes, libshutdown2.o(.ARM.Collect$$libshutdown$$00000004))

<P><STRONG><a name="[b4]"></a>__rt_lib_shutdown_user_alloc_1</STRONG> (Thumb, 0 bytes, Stack size unknown bytes, libshutdown2.o(.ARM.Collect$$libshutdown$$0000000C))

<P><STRONG><a name="[24]"></a>__rt_entry</STRONG> (Thumb, 0 bytes, Stack size unknown bytes, __rtentry.o(.ARM.Collect$$rtentry$$00000000))
<BR><BR>[Called By]<UL><LI><a href="#[22]">&gt;&gt;</a>&nbsp;&nbsp;&nbsp;__main
<LI><a href="#[25]">&gt;&gt;</a>&nbsp;&nbsp;&nbsp;__scatterload_rt2
</UL>

<P><STRONG><a name="[b5]"></a>__rt_entry_presh_1</STRONG> (Thumb, 0 bytes, Stack size unknown bytes, __rtentry2.o(.ARM.Collect$$rtentry$$00000002))

<P><STRONG><a name="[27]"></a>__rt_entry_sh</STRONG> (Thumb, 0 bytes, Stack size unknown bytes, __rtentry4.o(.ARM.Collect$$rtentry$$00000004))
<BR><BR>[Stack]<UL><LI>Max Depth = 8 + Unknown Stack Size
<LI>Call Chain = __rt_entry_sh &rArr; __user_setup_stackheap
</UL>
<BR>[Calls]<UL><LI><a href="#[28]">&gt;&gt;</a>&nbsp;&nbsp;&nbsp;__user_setup_stackheap
</UL>

<P><STRONG><a name="[29]"></a>__rt_entry_li</STRONG> (Thumb, 0 bytes, Stack size unknown bytes, __rtentry2.o(.ARM.Collect$$rtentry$$0000000A))
<BR><BR>[Calls]<UL><LI><a href="#[2a]">&gt;&gt;</a>&nbsp;&nbsp;&nbsp;__rt_lib_init
</UL>

<P><STRONG><a name="[b6]"></a>__rt_entry_postsh_1</STRONG> (Thumb, 0 bytes, Stack size unknown bytes, __rtentry2.o(.ARM.Collect$$rtentry$$00000009))

<P><STRONG><a name="[2b]"></a>__rt_entry_main</STRONG> (Thumb, 0 bytes, Stack size unknown bytes, __rtentry2.o(.ARM.Collect$$rtentry$$0000000D))
<BR><BR>[Stack]<UL><LI>Max Depth = 212 + Unknown Stack Size
<LI>Call Chain = __rt_entry_main &rArr; main &rArr; init_vl53l0x &rArr; setMeasurementTimingBudget &rArr; getSequenceStepTimeouts &rArr; readReg16Bit &rArr; I2C_Read_Reg16bit &rArr; I2C_TransferHandling
</UL>
<BR>[Calls]<UL><LI><a href="#[2d]">&gt;&gt;</a>&nbsp;&nbsp;&nbsp;exit
<LI><a href="#[2c]">&gt;&gt;</a>&nbsp;&nbsp;&nbsp;main
</UL>

<P><STRONG><a name="[b7]"></a>__rt_entry_postli_1</STRONG> (Thumb, 0 bytes, Stack size unknown bytes, __rtentry2.o(.ARM.Collect$$rtentry$$0000000C))

<P><STRONG><a name="[3b]"></a>__rt_exit</STRONG> (Thumb, 0 bytes, Stack size unknown bytes, rtexit.o(.ARM.Collect$$rtexit$$00000000))
<BR><BR>[Called By]<UL><LI><a href="#[2d]">&gt;&gt;</a>&nbsp;&nbsp;&nbsp;exit
</UL>

<P><STRONG><a name="[2e]"></a>__rt_exit_ls</STRONG> (Thumb, 0 bytes, Stack size unknown bytes, rtexit2.o(.ARM.Collect$$rtexit$$00000003))
<BR><BR>[Calls]<UL><LI><a href="#[2f]">&gt;&gt;</a>&nbsp;&nbsp;&nbsp;__rt_lib_shutdown
</UL>

<P><STRONG><a name="[b8]"></a>__rt_exit_prels_1</STRONG> (Thumb, 0 bytes, Stack size unknown bytes, rtexit2.o(.ARM.Collect$$rtexit$$00000002))

<P><STRONG><a name="[30]"></a>__rt_exit_exit</STRONG> (Thumb, 0 bytes, Stack size unknown bytes, rtexit2.o(.ARM.Collect$$rtexit$$00000004))
<BR><BR>[Calls]<UL><LI><a href="#[31]">&gt;&gt;</a>&nbsp;&nbsp;&nbsp;_sys_exit
</UL>

<P><STRONG><a name="[6]"></a>Reset_Handler</STRONG> (Thumb, 8 bytes, Stack size 0 bytes, startup_stm32f030x6.o(.text))
<BR>[Address Reference Count : 1]<UL><LI> startup_stm32f030x6.o(RESET)
</UL>
<P><STRONG><a name="[7]"></a>NMI_Handler</STRONG> (Thumb, 2 bytes, Stack size 0 bytes, startup_stm32f030x6.o(.text))
<BR><BR>[Calls]<UL><LI><a href="#[7]">&gt;&gt;</a>&nbsp;&nbsp;&nbsp;NMI_Handler
</UL>
<BR>[Called By]<UL><LI><a href="#[7]">&gt;&gt;</a>&nbsp;&nbsp;&nbsp;NMI_Handler
</UL>
<BR>[Address Reference Count : 1]<UL><LI> startup_stm32f030x6.o(RESET)
</UL>
<P><STRONG><a name="[8]"></a>HardFault_Handler</STRONG> (Thumb, 2 bytes, Stack size 0 bytes, startup_stm32f030x6.o(.text))
<BR><BR>[Calls]<UL><LI><a href="#[8]">&gt;&gt;</a>&nbsp;&nbsp;&nbsp;HardFault_Handler
</UL>
<BR>[Called By]<UL><LI><a href="#[8]">&gt;&gt;</a>&nbsp;&nbsp;&nbsp;HardFault_Handler
</UL>
<BR>[Address Reference Count : 1]<UL><LI> startup_stm32f030x6.o(RESET)
</UL>
<P><STRONG><a name="[9]"></a>SVC_Handler</STRONG> (Thumb, 2 bytes, Stack size 0 bytes, startup_stm32f030x6.o(.text))
<BR><BR>[Calls]<UL><LI><a href="#[9]">&gt;&gt;</a>&nbsp;&nbsp;&nbsp;SVC_Handler
</UL>
<BR>[Called By]<UL><LI><a href="#[9]">&gt;&gt;</a>&nbsp;&nbsp;&nbsp;SVC_Handler
</UL>
<BR>[Address Reference Count : 1]<UL><LI> startup_stm32f030x6.o(RESET)
</UL>
<P><STRONG><a name="[a]"></a>PendSV_Handler</STRONG> (Thumb, 2 bytes, Stack size 0 bytes, startup_stm32f030x6.o(.text))
<BR><BR>[Calls]<UL><LI><a href="#[a]">&gt;&gt;</a>&nbsp;&nbsp;&nbsp;PendSV_Handler
</UL>
<BR>[Called By]<UL><LI><a href="#[a]">&gt;&gt;</a>&nbsp;&nbsp;&nbsp;PendSV_Handler
</UL>
<BR>[Address Reference Count : 1]<UL><LI> startup_stm32f030x6.o(RESET)
</UL>
<P><STRONG><a name="[16]"></a>ADC1_IRQHandler</STRONG> (Thumb, 0 bytes, Stack size 0 bytes, startup_stm32f030x6.o(.text))
<BR><BR>[Calls]<UL><LI><a href="#[16]">&gt;&gt;</a>&nbsp;&nbsp;&nbsp;ADC1_IRQHandler
</UL>
<BR>[Called By]<UL><LI><a href="#[16]">&gt;&gt;</a>&nbsp;&nbsp;&nbsp;ADC1_IRQHandler
</UL>
<BR>[Address Reference Count : 1]<UL><LI> startup_stm32f030x6.o(RESET)
</UL>
<P><STRONG><a name="[13]"></a>DMA1_Channel1_IRQHandler</STRONG> (Thumb, 0 bytes, Stack size 0 bytes, startup_stm32f030x6.o(.text))
<BR>[Address Reference Count : 1]<UL><LI> startup_stm32f030x6.o(RESET)
</UL>
<P><STRONG><a name="[14]"></a>DMA1_Channel2_3_IRQHandler</STRONG> (Thumb, 0 bytes, Stack size 0 bytes, startup_stm32f030x6.o(.text))
<BR>[Address Reference Count : 1]<UL><LI> startup_stm32f030x6.o(RESET)
</UL>
<P><STRONG><a name="[15]"></a>DMA1_Channel4_5_IRQHandler</STRONG> (Thumb, 0 bytes, Stack size 0 bytes, startup_stm32f030x6.o(.text))
<BR>[Address Reference Count : 1]<UL><LI> startup_stm32f030x6.o(RESET)
</UL>
<P><STRONG><a name="[10]"></a>EXTI0_1_IRQHandler</STRONG> (Thumb, 0 bytes, Stack size 0 bytes, startup_stm32f030x6.o(.text))
<BR>[Address Reference Count : 1]<UL><LI> startup_stm32f030x6.o(RESET)
</UL>
<P><STRONG><a name="[11]"></a>EXTI2_3_IRQHandler</STRONG> (Thumb, 0 bytes, Stack size 0 bytes, startup_stm32f030x6.o(.text))
<BR>[Address Reference Count : 1]<UL><LI> startup_stm32f030x6.o(RESET)
</UL>
<P><STRONG><a name="[12]"></a>EXTI4_15_IRQHandler</STRONG> (Thumb, 0 bytes, Stack size 0 bytes, startup_stm32f030x6.o(.text))
<BR>[Address Reference Count : 1]<UL><LI> startup_stm32f030x6.o(RESET)
</UL>
<P><STRONG><a name="[e]"></a>FLASH_IRQHandler</STRONG> (Thumb, 0 bytes, Stack size 0 bytes, startup_stm32f030x6.o(.text))
<BR>[Address Reference Count : 1]<UL><LI> startup_stm32f030x6.o(RESET)
</UL>
<P><STRONG><a name="[1d]"></a>I2C1_IRQHandler</STRONG> (Thumb, 0 bytes, Stack size 0 bytes, startup_stm32f030x6.o(.text))
<BR>[Address Reference Count : 1]<UL><LI> startup_stm32f030x6.o(RESET)
</UL>
<P><STRONG><a name="[f]"></a>RCC_IRQHandler</STRONG> (Thumb, 0 bytes, Stack size 0 bytes, startup_stm32f030x6.o(.text))
<BR>[Address Reference Count : 1]<UL><LI> startup_stm32f030x6.o(RESET)
</UL>
<P><STRONG><a name="[d]"></a>RTC_IRQHandler</STRONG> (Thumb, 0 bytes, Stack size 0 bytes, startup_stm32f030x6.o(.text))
<BR>[Address Reference Count : 1]<UL><LI> startup_stm32f030x6.o(RESET)
</UL>
<P><STRONG><a name="[1e]"></a>SPI1_IRQHandler</STRONG> (Thumb, 0 bytes, Stack size 0 bytes, startup_stm32f030x6.o(.text))
<BR>[Address Reference Count : 1]<UL><LI> startup_stm32f030x6.o(RESET)
</UL>
<P><STRONG><a name="[1a]"></a>TIM14_IRQHandler</STRONG> (Thumb, 0 bytes, Stack size 0 bytes, startup_stm32f030x6.o(.text))
<BR>[Address Reference Count : 1]<UL><LI> startup_stm32f030x6.o(RESET)
</UL>
<P><STRONG><a name="[1c]"></a>TIM17_IRQHandler</STRONG> (Thumb, 0 bytes, Stack size 0 bytes, startup_stm32f030x6.o(.text))
<BR>[Address Reference Count : 1]<UL><LI> startup_stm32f030x6.o(RESET)
</UL>
<P><STRONG><a name="[17]"></a>TIM1_BRK_UP_TRG_COM_IRQHandler</STRONG> (Thumb, 0 bytes, Stack size 0 bytes, startup_stm32f030x6.o(.text))
<BR>[Address Reference Count : 1]<UL><LI> startup_stm32f030x6.o(RESET)
</UL>
<P><STRONG><a name="[18]"></a>TIM1_CC_IRQHandler</STRONG> (Thumb, 0 bytes, Stack size 0 bytes, startup_stm32f030x6.o(.text))
<BR>[Address Reference Count : 1]<UL><LI> startup_stm32f030x6.o(RESET)
</UL>
<P><STRONG><a name="[19]"></a>TIM3_IRQHandler</STRONG> (Thumb, 0 bytes, Stack size 0 bytes, startup_stm32f030x6.o(.text))
<BR>[Address Reference Count : 1]<UL><LI> startup_stm32f030x6.o(RESET)
</UL>
<P><STRONG><a name="[c]"></a>WWDG_IRQHandler</STRONG> (Thumb, 0 bytes, Stack size 0 bytes, startup_stm32f030x6.o(.text))
<BR>[Address Reference Count : 1]<UL><LI> startup_stm32f030x6.o(RESET)
</UL>
<P><STRONG><a name="[39]"></a>__user_initial_stackheap</STRONG> (Thumb, 0 bytes, Stack size unknown bytes, startup_stm32f030x6.o(.text))
<BR><BR>[Called By]<UL><LI><a href="#[28]">&gt;&gt;</a>&nbsp;&nbsp;&nbsp;__user_setup_stackheap
</UL>

<P><STRONG><a name="[89]"></a>__aeabi_uldivmod</STRONG> (Thumb, 258 bytes, Stack size 32 bytes, lludiv.o(.text))
<BR><BR>[Stack]<UL><LI>Max Depth = 32<LI>Call Chain = __aeabi_uldivmod
</UL>
<BR>[Called By]<UL><LI><a href="#[70]">&gt;&gt;</a>&nbsp;&nbsp;&nbsp;millis
</UL>

<P><STRONG><a name="[b9]"></a>_ll_udiv</STRONG> (Thumb, 0 bytes, Stack size 32 bytes, lludiv.o(.text), UNUSED)

<P><STRONG><a name="[ba]"></a>__aeabi_uidiv</STRONG> (Thumb, 0 bytes, Stack size 0 bytes, aeabi_sdiv.o(.text), UNUSED)

<P><STRONG><a name="[5e]"></a>__aeabi_uidivmod</STRONG> (Thumb, 20 bytes, Stack size 0 bytes, aeabi_sdiv.o(.text))
<BR><BR>[Called By]<UL><LI><a href="#[5d]">&gt;&gt;</a>&nbsp;&nbsp;&nbsp;RCC_GetClocksFreq
<LI><a href="#[6b]">&gt;&gt;</a>&nbsp;&nbsp;&nbsp;USART_Init
<LI><a href="#[8b]">&gt;&gt;</a>&nbsp;&nbsp;&nbsp;timeoutMicrosecondsToMclks
<LI><a href="#[76]">&gt;&gt;</a>&nbsp;&nbsp;&nbsp;timeoutMclksToMicroseconds
<LI><a href="#[5f]">&gt;&gt;</a>&nbsp;&nbsp;&nbsp;SystemCoreClockUpdate
</UL>

<P><STRONG><a name="[bb]"></a>__aeabi_idiv</STRONG> (Thumb, 0 bytes, Stack size 8 bytes, aeabi_sdiv.o(.text), UNUSED)

<P><STRONG><a name="[bc]"></a>__aeabi_idivmod</STRONG> (Thumb, 326 bytes, Stack size 8 bytes, aeabi_sdiv.o(.text), UNUSED)

<P><STRONG><a name="[bd]"></a>__use_two_region_memory</STRONG> (Thumb, 2 bytes, Stack size 0 bytes, heapauxi.o(.text), UNUSED)

<P><STRONG><a name="[be]"></a>__rt_heap_escrow$2region</STRONG> (Thumb, 2 bytes, Stack size 0 bytes, heapauxi.o(.text), UNUSED)

<P><STRONG><a name="[bf]"></a>__rt_heap_expand$2region</STRONG> (Thumb, 2 bytes, Stack size 0 bytes, heapauxi.o(.text), UNUSED)

<P><STRONG><a name="[8f]"></a>__aeabi_f2d</STRONG> (Thumb, 0 bytes, Stack size 0 bytes, f2d.o(.text))
<BR><BR>[Called By]<UL><LI><a href="#[80]">&gt;&gt;</a>&nbsp;&nbsp;&nbsp;setSignalRateLimit
</UL>

<P><STRONG><a name="[c0]"></a>_f2d</STRONG> (Thumb, 80 bytes, Stack size 0 bytes, f2d.o(.text), UNUSED)

<P><STRONG><a name="[92]"></a>__aeabi_f2uiz</STRONG> (Thumb, 0 bytes, Stack size 0 bytes, ffixui.o(.text))
<BR><BR>[Called By]<UL><LI><a href="#[80]">&gt;&gt;</a>&nbsp;&nbsp;&nbsp;setSignalRateLimit
</UL>

<P><STRONG><a name="[c1]"></a>_ffixu</STRONG> (Thumb, 48 bytes, Stack size 0 bytes, ffixui.o(.text), UNUSED)

<P><STRONG><a name="[32]"></a>__fpl_dcmp_InfNaN</STRONG> (Thumb, 140 bytes, Stack size 24 bytes, dcmpin.o(.text), UNUSED)
<BR><BR>[Calls]<UL><LI><a href="#[34]">&gt;&gt;</a>&nbsp;&nbsp;&nbsp;__fpl_dcheck_NaN2
<LI><a href="#[33]">&gt;&gt;</a>&nbsp;&nbsp;&nbsp;__fpl_cmpreturn
</UL>
<BR>[Called By]<UL><LI><a href="#[94]">&gt;&gt;</a>&nbsp;&nbsp;&nbsp;_drcmple
</UL>

<P><STRONG><a name="[35]"></a>__fpl_fcmp_InfNaN</STRONG> (Thumb, 96 bytes, Stack size 8 bytes, fcmpin.o(.text), UNUSED)
<BR><BR>[Calls]<UL><LI><a href="#[36]">&gt;&gt;</a>&nbsp;&nbsp;&nbsp;__fpl_fcheck_NaN2
<LI><a href="#[33]">&gt;&gt;</a>&nbsp;&nbsp;&nbsp;__fpl_cmpreturn
</UL>
<BR>[Called By]<UL><LI><a href="#[95]">&gt;&gt;</a>&nbsp;&nbsp;&nbsp;_fcmple
</UL>

<P><STRONG><a name="[c2]"></a>__user_libspace</STRONG> (Thumb, 8 bytes, Stack size 0 bytes, libspace.o(.text), UNUSED)

<P><STRONG><a name="[38]"></a>__user_perproc_libspace</STRONG> (Thumb, 0 bytes, Stack size 0 bytes, libspace.o(.text))
<BR><BR>[Called By]<UL><LI><a href="#[28]">&gt;&gt;</a>&nbsp;&nbsp;&nbsp;__user_setup_stackheap
</UL>

<P><STRONG><a name="[c3]"></a>__user_perthread_libspace</STRONG> (Thumb, 0 bytes, Stack size 0 bytes, libspace.o(.text), UNUSED)

<P><STRONG><a name="[33]"></a>__fpl_cmpreturn</STRONG> (Thumb, 46 bytes, Stack size 0 bytes, cmpret.o(.text), UNUSED)
<BR><BR>[Called By]<UL><LI><a href="#[37]">&gt;&gt;</a>&nbsp;&nbsp;&nbsp;__fpl_return_NaN
<LI><a href="#[35]">&gt;&gt;</a>&nbsp;&nbsp;&nbsp;__fpl_fcmp_InfNaN
<LI><a href="#[32]">&gt;&gt;</a>&nbsp;&nbsp;&nbsp;__fpl_dcmp_InfNaN
</UL>

<P><STRONG><a name="[34]"></a>__fpl_dcheck_NaN2</STRONG> (Thumb, 14 bytes, Stack size 8 bytes, dnan2.o(.text), UNUSED)
<BR><BR>[Calls]<UL><LI><a href="#[37]">&gt;&gt;</a>&nbsp;&nbsp;&nbsp;__fpl_return_NaN
</UL>
<BR>[Called By]<UL><LI><a href="#[32]">&gt;&gt;</a>&nbsp;&nbsp;&nbsp;__fpl_dcmp_InfNaN
</UL>

<P><STRONG><a name="[36]"></a>__fpl_fcheck_NaN2</STRONG> (Thumb, 10 bytes, Stack size 8 bytes, fnan2.o(.text), UNUSED)
<BR><BR>[Calls]<UL><LI><a href="#[37]">&gt;&gt;</a>&nbsp;&nbsp;&nbsp;__fpl_return_NaN
</UL>
<BR>[Called By]<UL><LI><a href="#[35]">&gt;&gt;</a>&nbsp;&nbsp;&nbsp;__fpl_fcmp_InfNaN
</UL>

<P><STRONG><a name="[28]"></a>__user_setup_stackheap</STRONG> (Thumb, 62 bytes, Stack size 8 bytes, sys_stackheap_outer.o(.text))
<BR><BR>[Stack]<UL><LI>Max Depth = 8 + Unknown Stack Size
<LI>Call Chain = __user_setup_stackheap
</UL>
<BR>[Calls]<UL><LI><a href="#[38]">&gt;&gt;</a>&nbsp;&nbsp;&nbsp;__user_perproc_libspace
<LI><a href="#[39]">&gt;&gt;</a>&nbsp;&nbsp;&nbsp;__user_initial_stackheap
</UL>
<BR>[Called By]<UL><LI><a href="#[27]">&gt;&gt;</a>&nbsp;&nbsp;&nbsp;__rt_entry_sh
</UL>

<P><STRONG><a name="[2d]"></a>exit</STRONG> (Thumb, 16 bytes, Stack size 8 bytes, exit.o(.text))
<BR><BR>[Stack]<UL><LI>Max Depth = 8 + Unknown Stack Size
<LI>Call Chain = exit
</UL>
<BR>[Calls]<UL><LI><a href="#[3b]">&gt;&gt;</a>&nbsp;&nbsp;&nbsp;__rt_exit
<LI><a href="#[3a]">&gt;&gt;</a>&nbsp;&nbsp;&nbsp;_call_atexit_fns (Weak Reference)
</UL>
<BR>[Called By]<UL><LI><a href="#[2b]">&gt;&gt;</a>&nbsp;&nbsp;&nbsp;__rt_entry_main
</UL>

<P><STRONG><a name="[37]"></a>__fpl_return_NaN</STRONG> (Thumb, 94 bytes, Stack size 8 bytes, retnan.o(.text), UNUSED)
<BR><BR>[Calls]<UL><LI><a href="#[33]">&gt;&gt;</a>&nbsp;&nbsp;&nbsp;__fpl_cmpreturn
</UL>
<BR>[Called By]<UL><LI><a href="#[36]">&gt;&gt;</a>&nbsp;&nbsp;&nbsp;__fpl_fcheck_NaN2
<LI><a href="#[34]">&gt;&gt;</a>&nbsp;&nbsp;&nbsp;__fpl_dcheck_NaN2
</UL>

<P><STRONG><a name="[31]"></a>_sys_exit</STRONG> (Thumb, 8 bytes, Stack size 0 bytes, sys_exit.o(.text))
<BR><BR>[Called By]<UL><LI><a href="#[30]">&gt;&gt;</a>&nbsp;&nbsp;&nbsp;__rt_exit_exit
</UL>

<P><STRONG><a name="[c4]"></a>__I$use$semihosting</STRONG> (Thumb, 0 bytes, Stack size 0 bytes, use_no_semi.o(.text), UNUSED)

<P><STRONG><a name="[c5]"></a>__use_no_semihosting_swi</STRONG> (Thumb, 2 bytes, Stack size 0 bytes, use_no_semi.o(.text), UNUSED)

<P><STRONG><a name="[43]"></a>ADC_ChannelConfig</STRONG> (Thumb, 24 bytes, Stack size 8 bytes, stm32f0xx_adc.o(i.ADC_ChannelConfig))
<BR><BR>[Stack]<UL><LI>Max Depth = 8<LI>Call Chain = ADC_ChannelConfig
</UL>
<BR>[Called By]<UL><LI><a href="#[3c]">&gt;&gt;</a>&nbsp;&nbsp;&nbsp;ADC_Configuration
</UL>

<P><STRONG><a name="[c6]"></a>__semihosting_library_function</STRONG> (Thumb, 0 bytes, Stack size 8 bytes, indicate_semi.o(.text), UNUSED)

<P><STRONG><a name="[45]"></a>ADC_Cmd</STRONG> (Thumb, 24 bytes, Stack size 0 bytes, stm32f0xx_adc.o(i.ADC_Cmd))
<BR><BR>[Called By]<UL><LI><a href="#[3c]">&gt;&gt;</a>&nbsp;&nbsp;&nbsp;ADC_Configuration
</UL>

<P><STRONG><a name="[3c]"></a>ADC_Configuration</STRONG> (Thumb, 130 bytes, Stack size 40 bytes, adc.o(i.ADC_Configuration))
<BR><BR>[Stack]<UL><LI>Max Depth = 60<LI>Call Chain = ADC_Configuration &rArr; GPIO_Init
</UL>
<BR>[Calls]<UL><LI><a href="#[3e]">&gt;&gt;</a>&nbsp;&nbsp;&nbsp;RCC_APB2PeriphClockCmd
<LI><a href="#[3d]">&gt;&gt;</a>&nbsp;&nbsp;&nbsp;RCC_AHBPeriphClockCmd
<LI><a href="#[3f]">&gt;&gt;</a>&nbsp;&nbsp;&nbsp;GPIO_Init
<LI><a href="#[41]">&gt;&gt;</a>&nbsp;&nbsp;&nbsp;ADC_StructInit
<LI><a href="#[47]">&gt;&gt;</a>&nbsp;&nbsp;&nbsp;ADC_StartOfConversion
<LI><a href="#[42]">&gt;&gt;</a>&nbsp;&nbsp;&nbsp;ADC_Init
<LI><a href="#[46]">&gt;&gt;</a>&nbsp;&nbsp;&nbsp;ADC_GetFlagStatus
<LI><a href="#[44]">&gt;&gt;</a>&nbsp;&nbsp;&nbsp;ADC_GetCalibrationFactor
<LI><a href="#[40]">&gt;&gt;</a>&nbsp;&nbsp;&nbsp;ADC_DeInit
<LI><a href="#[45]">&gt;&gt;</a>&nbsp;&nbsp;&nbsp;ADC_Cmd
<LI><a href="#[43]">&gt;&gt;</a>&nbsp;&nbsp;&nbsp;ADC_ChannelConfig
</UL>
<BR>[Called By]<UL><LI><a href="#[2c]">&gt;&gt;</a>&nbsp;&nbsp;&nbsp;main
</UL>

<P><STRONG><a name="[40]"></a>ADC_DeInit</STRONG> (Thumb, 28 bytes, Stack size 8 bytes, stm32f0xx_adc.o(i.ADC_DeInit))
<BR><BR>[Stack]<UL><LI>Max Depth = 8<LI>Call Chain = ADC_DeInit
</UL>
<BR>[Calls]<UL><LI><a href="#[48]">&gt;&gt;</a>&nbsp;&nbsp;&nbsp;RCC_APB2PeriphResetCmd
</UL>
<BR>[Called By]<UL><LI><a href="#[3c]">&gt;&gt;</a>&nbsp;&nbsp;&nbsp;ADC_Configuration
</UL>

<P><STRONG><a name="[44]"></a>ADC_GetCalibrationFactor</STRONG> (Thumb, 60 bytes, Stack size 12 bytes, stm32f0xx_adc.o(i.ADC_GetCalibrationFactor))
<BR><BR>[Stack]<UL><LI>Max Depth = 12<LI>Call Chain = ADC_GetCalibrationFactor
</UL>
<BR>[Called By]<UL><LI><a href="#[3c]">&gt;&gt;</a>&nbsp;&nbsp;&nbsp;ADC_Configuration
</UL>

<P><STRONG><a name="[46]"></a>ADC_GetFlagStatus</STRONG> (Thumb, 48 bytes, Stack size 12 bytes, stm32f0xx_adc.o(i.ADC_GetFlagStatus))
<BR><BR>[Stack]<UL><LI>Max Depth = 12<LI>Call Chain = ADC_GetFlagStatus
</UL>
<BR>[Called By]<UL><LI><a href="#[3c]">&gt;&gt;</a>&nbsp;&nbsp;&nbsp;ADC_Configuration
</UL>

<P><STRONG><a name="[42]"></a>ADC_Init</STRONG> (Thumb, 40 bytes, Stack size 8 bytes, stm32f0xx_adc.o(i.ADC_Init))
<BR><BR>[Stack]<UL><LI>Max Depth = 8<LI>Call Chain = ADC_Init
</UL>
<BR>[Called By]<UL><LI><a href="#[3c]">&gt;&gt;</a>&nbsp;&nbsp;&nbsp;ADC_Configuration
</UL>

<P><STRONG><a name="[47]"></a>ADC_StartOfConversion</STRONG> (Thumb, 10 bytes, Stack size 0 bytes, stm32f0xx_adc.o(i.ADC_StartOfConversion))
<BR><BR>[Called By]<UL><LI><a href="#[3c]">&gt;&gt;</a>&nbsp;&nbsp;&nbsp;ADC_Configuration
</UL>

<P><STRONG><a name="[41]"></a>ADC_StructInit</STRONG> (Thumb, 16 bytes, Stack size 0 bytes, stm32f0xx_adc.o(i.ADC_StructInit))
<BR><BR>[Called By]<UL><LI><a href="#[3c]">&gt;&gt;</a>&nbsp;&nbsp;&nbsp;ADC_Configuration
</UL>

<P><STRONG><a name="[3f]"></a>GPIO_Init</STRONG> (Thumb, 144 bytes, Stack size 20 bytes, stm32f0xx_gpio.o(i.GPIO_Init))
<BR><BR>[Stack]<UL><LI>Max Depth = 20<LI>Call Chain = GPIO_Init
</UL>
<BR>[Called By]<UL><LI><a href="#[7c]">&gt;&gt;</a>&nbsp;&nbsp;&nbsp;i2c_configuration
<LI><a href="#[49]">&gt;&gt;</a>&nbsp;&nbsp;&nbsp;GPIO_configuration
<LI><a href="#[6a]">&gt;&gt;</a>&nbsp;&nbsp;&nbsp;UART1_config
<LI><a href="#[57]">&gt;&gt;</a>&nbsp;&nbsp;&nbsp;PWM_Configuration
<LI><a href="#[3c]">&gt;&gt;</a>&nbsp;&nbsp;&nbsp;ADC_Configuration
</UL>

<P><STRONG><a name="[59]"></a>GPIO_PinAFConfig</STRONG> (Thumb, 68 bytes, Stack size 20 bytes, stm32f0xx_gpio.o(i.GPIO_PinAFConfig))
<BR><BR>[Stack]<UL><LI>Max Depth = 20<LI>Call Chain = GPIO_PinAFConfig
</UL>
<BR>[Called By]<UL><LI><a href="#[7c]">&gt;&gt;</a>&nbsp;&nbsp;&nbsp;i2c_configuration
<LI><a href="#[6a]">&gt;&gt;</a>&nbsp;&nbsp;&nbsp;UART1_config
<LI><a href="#[57]">&gt;&gt;</a>&nbsp;&nbsp;&nbsp;PWM_Configuration
</UL>

<P><STRONG><a name="[49]"></a>GPIO_configuration</STRONG> (Thumb, 40 bytes, Stack size 16 bytes, i2c.o(i.GPIO_configuration))
<BR><BR>[Stack]<UL><LI>Max Depth = 36<LI>Call Chain = GPIO_configuration &rArr; GPIO_Init
</UL>
<BR>[Calls]<UL><LI><a href="#[3d]">&gt;&gt;</a>&nbsp;&nbsp;&nbsp;RCC_AHBPeriphClockCmd
<LI><a href="#[3f]">&gt;&gt;</a>&nbsp;&nbsp;&nbsp;GPIO_Init
</UL>
<BR>[Called By]<UL><LI><a href="#[7f]">&gt;&gt;</a>&nbsp;&nbsp;&nbsp;init_vl53l0x
</UL>

<P><STRONG><a name="[4f]"></a>I2C_ClearFlag</STRONG> (Thumb, 4 bytes, Stack size 0 bytes, stm32f0xx_i2c.o(i.I2C_ClearFlag))
<BR><BR>[Called By]<UL><LI><a href="#[56]">&gt;&gt;</a>&nbsp;&nbsp;&nbsp;I2C_Write_Reg32bit
<LI><a href="#[55]">&gt;&gt;</a>&nbsp;&nbsp;&nbsp;I2C_Write_Reg16bit
<LI><a href="#[54]">&gt;&gt;</a>&nbsp;&nbsp;&nbsp;I2C_Write_Reg
<LI><a href="#[52]">&gt;&gt;</a>&nbsp;&nbsp;&nbsp;I2C_Write_MultiReg
<LI><a href="#[51]">&gt;&gt;</a>&nbsp;&nbsp;&nbsp;I2C_Read_Reg16bit
<LI><a href="#[50]">&gt;&gt;</a>&nbsp;&nbsp;&nbsp;I2C_Read_Reg
<LI><a href="#[4a]">&gt;&gt;</a>&nbsp;&nbsp;&nbsp;I2C_Read_MultiReg
</UL>

<P><STRONG><a name="[7e]"></a>I2C_Cmd</STRONG> (Thumb, 24 bytes, Stack size 0 bytes, stm32f0xx_i2c.o(i.I2C_Cmd))
<BR><BR>[Called By]<UL><LI><a href="#[7c]">&gt;&gt;</a>&nbsp;&nbsp;&nbsp;i2c_configuration
</UL>

<P><STRONG><a name="[53]"></a>I2C_GenerateSTOP</STRONG> (Thumb, 28 bytes, Stack size 0 bytes, stm32f0xx_i2c.o(i.I2C_GenerateSTOP))
<BR><BR>[Called By]<UL><LI><a href="#[56]">&gt;&gt;</a>&nbsp;&nbsp;&nbsp;I2C_Write_Reg32bit
<LI><a href="#[55]">&gt;&gt;</a>&nbsp;&nbsp;&nbsp;I2C_Write_Reg16bit
<LI><a href="#[52]">&gt;&gt;</a>&nbsp;&nbsp;&nbsp;I2C_Write_MultiReg
</UL>

<P><STRONG><a name="[4b]"></a>I2C_GetFlagStatus</STRONG> (Thumb, 28 bytes, Stack size 8 bytes, stm32f0xx_i2c.o(i.I2C_GetFlagStatus))
<BR><BR>[Stack]<UL><LI>Max Depth = 8<LI>Call Chain = I2C_GetFlagStatus
</UL>
<BR>[Called By]<UL><LI><a href="#[56]">&gt;&gt;</a>&nbsp;&nbsp;&nbsp;I2C_Write_Reg32bit
<LI><a href="#[55]">&gt;&gt;</a>&nbsp;&nbsp;&nbsp;I2C_Write_Reg16bit
<LI><a href="#[54]">&gt;&gt;</a>&nbsp;&nbsp;&nbsp;I2C_Write_Reg
<LI><a href="#[52]">&gt;&gt;</a>&nbsp;&nbsp;&nbsp;I2C_Write_MultiReg
<LI><a href="#[51]">&gt;&gt;</a>&nbsp;&nbsp;&nbsp;I2C_Read_Reg16bit
<LI><a href="#[50]">&gt;&gt;</a>&nbsp;&nbsp;&nbsp;I2C_Read_Reg
<LI><a href="#[4a]">&gt;&gt;</a>&nbsp;&nbsp;&nbsp;I2C_Read_MultiReg
</UL>

<P><STRONG><a name="[7d]"></a>I2C_Init</STRONG> (Thumb, 98 bytes, Stack size 8 bytes, stm32f0xx_i2c.o(i.I2C_Init))
<BR><BR>[Stack]<UL><LI>Max Depth = 8<LI>Call Chain = I2C_Init
</UL>
<BR>[Called By]<UL><LI><a href="#[7c]">&gt;&gt;</a>&nbsp;&nbsp;&nbsp;i2c_configuration
</UL>

<P><STRONG><a name="[4a]"></a>I2C_Read_MultiReg</STRONG> (Thumb, 160 bytes, Stack size 40 bytes, i2c.o(i.I2C_Read_MultiReg))
<BR><BR>[Stack]<UL><LI>Max Depth = 60<LI>Call Chain = I2C_Read_MultiReg &rArr; I2C_TransferHandling
</UL>
<BR>[Calls]<UL><LI><a href="#[4c]">&gt;&gt;</a>&nbsp;&nbsp;&nbsp;I2C_TransferHandling
<LI><a href="#[4d]">&gt;&gt;</a>&nbsp;&nbsp;&nbsp;I2C_SendData
<LI><a href="#[4e]">&gt;&gt;</a>&nbsp;&nbsp;&nbsp;I2C_ReceiveData
<LI><a href="#[4b]">&gt;&gt;</a>&nbsp;&nbsp;&nbsp;I2C_GetFlagStatus
<LI><a href="#[4f]">&gt;&gt;</a>&nbsp;&nbsp;&nbsp;I2C_ClearFlag
</UL>
<BR>[Called By]<UL><LI><a href="#[81]">&gt;&gt;</a>&nbsp;&nbsp;&nbsp;readMulti
</UL>

<P><STRONG><a name="[50]"></a>I2C_Read_Reg</STRONG> (Thumb, 146 bytes, Stack size 24 bytes, i2c.o(i.I2C_Read_Reg))
<BR><BR>[Stack]<UL><LI>Max Depth = 44<LI>Call Chain = I2C_Read_Reg &rArr; I2C_TransferHandling
</UL>
<BR>[Calls]<UL><LI><a href="#[4c]">&gt;&gt;</a>&nbsp;&nbsp;&nbsp;I2C_TransferHandling
<LI><a href="#[4d]">&gt;&gt;</a>&nbsp;&nbsp;&nbsp;I2C_SendData
<LI><a href="#[4e]">&gt;&gt;</a>&nbsp;&nbsp;&nbsp;I2C_ReceiveData
<LI><a href="#[4b]">&gt;&gt;</a>&nbsp;&nbsp;&nbsp;I2C_GetFlagStatus
<LI><a href="#[4f]">&gt;&gt;</a>&nbsp;&nbsp;&nbsp;I2C_ClearFlag
</UL>
<BR>[Called By]<UL><LI><a href="#[74]">&gt;&gt;</a>&nbsp;&nbsp;&nbsp;readReg
</UL>

<P><STRONG><a name="[51]"></a>I2C_Read_Reg16bit</STRONG> (Thumb, 184 bytes, Stack size 32 bytes, i2c.o(i.I2C_Read_Reg16bit))
<BR><BR>[Stack]<UL><LI>Max Depth = 52<LI>Call Chain = I2C_Read_Reg16bit &rArr; I2C_TransferHandling
</UL>
<BR>[Calls]<UL><LI><a href="#[4c]">&gt;&gt;</a>&nbsp;&nbsp;&nbsp;I2C_TransferHandling
<LI><a href="#[4d]">&gt;&gt;</a>&nbsp;&nbsp;&nbsp;I2C_SendData
<LI><a href="#[4e]">&gt;&gt;</a>&nbsp;&nbsp;&nbsp;I2C_ReceiveData
<LI><a href="#[4b]">&gt;&gt;</a>&nbsp;&nbsp;&nbsp;I2C_GetFlagStatus
<LI><a href="#[4f]">&gt;&gt;</a>&nbsp;&nbsp;&nbsp;I2C_ClearFlag
</UL>
<BR>[Called By]<UL><LI><a href="#[77]">&gt;&gt;</a>&nbsp;&nbsp;&nbsp;readReg16Bit
</UL>

<P><STRONG><a name="[4e]"></a>I2C_ReceiveData</STRONG> (Thumb, 8 bytes, Stack size 0 bytes, stm32f0xx_i2c.o(i.I2C_ReceiveData))
<BR><BR>[Called By]<UL><LI><a href="#[51]">&gt;&gt;</a>&nbsp;&nbsp;&nbsp;I2C_Read_Reg16bit
<LI><a href="#[50]">&gt;&gt;</a>&nbsp;&nbsp;&nbsp;I2C_Read_Reg
<LI><a href="#[4a]">&gt;&gt;</a>&nbsp;&nbsp;&nbsp;I2C_Read_MultiReg
</UL>

<P><STRONG><a name="[4d]"></a>I2C_SendData</STRONG> (Thumb, 4 bytes, Stack size 0 bytes, stm32f0xx_i2c.o(i.I2C_SendData))
<BR><BR>[Called By]<UL><LI><a href="#[56]">&gt;&gt;</a>&nbsp;&nbsp;&nbsp;I2C_Write_Reg32bit
<LI><a href="#[55]">&gt;&gt;</a>&nbsp;&nbsp;&nbsp;I2C_Write_Reg16bit
<LI><a href="#[54]">&gt;&gt;</a>&nbsp;&nbsp;&nbsp;I2C_Write_Reg
<LI><a href="#[52]">&gt;&gt;</a>&nbsp;&nbsp;&nbsp;I2C_Write_MultiReg
<LI><a href="#[51]">&gt;&gt;</a>&nbsp;&nbsp;&nbsp;I2C_Read_Reg16bit
<LI><a href="#[50]">&gt;&gt;</a>&nbsp;&nbsp;&nbsp;I2C_Read_Reg
<LI><a href="#[4a]">&gt;&gt;</a>&nbsp;&nbsp;&nbsp;I2C_Read_MultiReg
</UL>

<P><STRONG><a name="[4c]"></a>I2C_TransferHandling</STRONG> (Thumb, 38 bytes, Stack size 20 bytes, stm32f0xx_i2c.o(i.I2C_TransferHandling))
<BR><BR>[Stack]<UL><LI>Max Depth = 20<LI>Call Chain = I2C_TransferHandling
</UL>
<BR>[Called By]<UL><LI><a href="#[56]">&gt;&gt;</a>&nbsp;&nbsp;&nbsp;I2C_Write_Reg32bit
<LI><a href="#[55]">&gt;&gt;</a>&nbsp;&nbsp;&nbsp;I2C_Write_Reg16bit
<LI><a href="#[54]">&gt;&gt;</a>&nbsp;&nbsp;&nbsp;I2C_Write_Reg
<LI><a href="#[52]">&gt;&gt;</a>&nbsp;&nbsp;&nbsp;I2C_Write_MultiReg
<LI><a href="#[51]">&gt;&gt;</a>&nbsp;&nbsp;&nbsp;I2C_Read_Reg16bit
<LI><a href="#[50]">&gt;&gt;</a>&nbsp;&nbsp;&nbsp;I2C_Read_Reg
<LI><a href="#[4a]">&gt;&gt;</a>&nbsp;&nbsp;&nbsp;I2C_Read_MultiReg
</UL>

<P><STRONG><a name="[52]"></a>I2C_Write_MultiReg</STRONG> (Thumb, 184 bytes, Stack size 40 bytes, i2c.o(i.I2C_Write_MultiReg))
<BR><BR>[Stack]<UL><LI>Max Depth = 60<LI>Call Chain = I2C_Write_MultiReg &rArr; I2C_TransferHandling
</UL>
<BR>[Calls]<UL><LI><a href="#[4c]">&gt;&gt;</a>&nbsp;&nbsp;&nbsp;I2C_TransferHandling
<LI><a href="#[4d]">&gt;&gt;</a>&nbsp;&nbsp;&nbsp;I2C_SendData
<LI><a href="#[4b]">&gt;&gt;</a>&nbsp;&nbsp;&nbsp;I2C_GetFlagStatus
<LI><a href="#[53]">&gt;&gt;</a>&nbsp;&nbsp;&nbsp;I2C_GenerateSTOP
<LI><a href="#[4f]">&gt;&gt;</a>&nbsp;&nbsp;&nbsp;I2C_ClearFlag
</UL>
<BR>[Called By]<UL><LI><a href="#[82]">&gt;&gt;</a>&nbsp;&nbsp;&nbsp;writeMulti
</UL>

<P><STRONG><a name="[54]"></a>I2C_Write_Reg</STRONG> (Thumb, 142 bytes, Stack size 24 bytes, i2c.o(i.I2C_Write_Reg))
<BR><BR>[Stack]<UL><LI>Max Depth = 44<LI>Call Chain = I2C_Write_Reg &rArr; I2C_TransferHandling
</UL>
<BR>[Calls]<UL><LI><a href="#[4c]">&gt;&gt;</a>&nbsp;&nbsp;&nbsp;I2C_TransferHandling
<LI><a href="#[4d]">&gt;&gt;</a>&nbsp;&nbsp;&nbsp;I2C_SendData
<LI><a href="#[4b]">&gt;&gt;</a>&nbsp;&nbsp;&nbsp;I2C_GetFlagStatus
<LI><a href="#[4f]">&gt;&gt;</a>&nbsp;&nbsp;&nbsp;I2C_ClearFlag
</UL>
<BR>[Called By]<UL><LI><a href="#[7a]">&gt;&gt;</a>&nbsp;&nbsp;&nbsp;writeReg
</UL>

<P><STRONG><a name="[55]"></a>I2C_Write_Reg16bit</STRONG> (Thumb, 186 bytes, Stack size 32 bytes, i2c.o(i.I2C_Write_Reg16bit))
<BR><BR>[Stack]<UL><LI>Max Depth = 52<LI>Call Chain = I2C_Write_Reg16bit &rArr; I2C_TransferHandling
</UL>
<BR>[Calls]<UL><LI><a href="#[4c]">&gt;&gt;</a>&nbsp;&nbsp;&nbsp;I2C_TransferHandling
<LI><a href="#[4d]">&gt;&gt;</a>&nbsp;&nbsp;&nbsp;I2C_SendData
<LI><a href="#[4b]">&gt;&gt;</a>&nbsp;&nbsp;&nbsp;I2C_GetFlagStatus
<LI><a href="#[53]">&gt;&gt;</a>&nbsp;&nbsp;&nbsp;I2C_GenerateSTOP
<LI><a href="#[4f]">&gt;&gt;</a>&nbsp;&nbsp;&nbsp;I2C_ClearFlag
</UL>
<BR>[Called By]<UL><LI><a href="#[8d]">&gt;&gt;</a>&nbsp;&nbsp;&nbsp;writeReg16Bit
</UL>

<P><STRONG><a name="[56]"></a>I2C_Write_Reg32bit</STRONG> (Thumb, 202 bytes, Stack size 32 bytes, i2c.o(i.I2C_Write_Reg32bit))
<BR><BR>[Stack]<UL><LI>Max Depth = 52<LI>Call Chain = I2C_Write_Reg32bit &rArr; I2C_TransferHandling
</UL>
<BR>[Calls]<UL><LI><a href="#[4c]">&gt;&gt;</a>&nbsp;&nbsp;&nbsp;I2C_TransferHandling
<LI><a href="#[4d]">&gt;&gt;</a>&nbsp;&nbsp;&nbsp;I2C_SendData
<LI><a href="#[4b]">&gt;&gt;</a>&nbsp;&nbsp;&nbsp;I2C_GetFlagStatus
<LI><a href="#[53]">&gt;&gt;</a>&nbsp;&nbsp;&nbsp;I2C_GenerateSTOP
<LI><a href="#[4f]">&gt;&gt;</a>&nbsp;&nbsp;&nbsp;I2C_ClearFlag
</UL>
<BR>[Called By]<UL><LI><a href="#[93]">&gt;&gt;</a>&nbsp;&nbsp;&nbsp;writeReg32Bit
</UL>

<P><STRONG><a name="[67]"></a>NVIC_Init</STRONG> (Thumb, 106 bytes, Stack size 0 bytes, stm32f0xx_misc.o(i.NVIC_Init))
<BR><BR>[Called By]<UL><LI><a href="#[66]">&gt;&gt;</a>&nbsp;&nbsp;&nbsp;TIM16_Configuration
</UL>

<P><STRONG><a name="[57]"></a>PWM_Configuration</STRONG> (Thumb, 146 bytes, Stack size 48 bytes, timer.o(i.PWM_Configuration))
<BR><BR>[Stack]<UL><LI>Max Depth = 68<LI>Call Chain = PWM_Configuration &rArr; GPIO_PinAFConfig
</UL>
<BR>[Calls]<UL><LI><a href="#[58]">&gt;&gt;</a>&nbsp;&nbsp;&nbsp;RCC_APB1PeriphClockCmd
<LI><a href="#[3d]">&gt;&gt;</a>&nbsp;&nbsp;&nbsp;RCC_AHBPeriphClockCmd
<LI><a href="#[59]">&gt;&gt;</a>&nbsp;&nbsp;&nbsp;GPIO_PinAFConfig
<LI><a href="#[3f]">&gt;&gt;</a>&nbsp;&nbsp;&nbsp;GPIO_Init
<LI><a href="#[5c]">&gt;&gt;</a>&nbsp;&nbsp;&nbsp;TIM_Cmd
<LI><a href="#[5a]">&gt;&gt;</a>&nbsp;&nbsp;&nbsp;TIM_TimeBaseInit
<LI><a href="#[5b]">&gt;&gt;</a>&nbsp;&nbsp;&nbsp;TIM_OC1Init
</UL>
<BR>[Called By]<UL><LI><a href="#[2c]">&gt;&gt;</a>&nbsp;&nbsp;&nbsp;main
</UL>

<P><STRONG><a name="[3d]"></a>RCC_AHBPeriphClockCmd</STRONG> (Thumb, 28 bytes, Stack size 0 bytes, stm32f0xx_rcc.o(i.RCC_AHBPeriphClockCmd))
<BR><BR>[Called By]<UL><LI><a href="#[7c]">&gt;&gt;</a>&nbsp;&nbsp;&nbsp;i2c_configuration
<LI><a href="#[49]">&gt;&gt;</a>&nbsp;&nbsp;&nbsp;GPIO_configuration
<LI><a href="#[6a]">&gt;&gt;</a>&nbsp;&nbsp;&nbsp;UART1_config
<LI><a href="#[57]">&gt;&gt;</a>&nbsp;&nbsp;&nbsp;PWM_Configuration
<LI><a href="#[3c]">&gt;&gt;</a>&nbsp;&nbsp;&nbsp;ADC_Configuration
</UL>

<P><STRONG><a name="[58]"></a>RCC_APB1PeriphClockCmd</STRONG> (Thumb, 28 bytes, Stack size 0 bytes, stm32f0xx_rcc.o(i.RCC_APB1PeriphClockCmd))
<BR><BR>[Called By]<UL><LI><a href="#[7c]">&gt;&gt;</a>&nbsp;&nbsp;&nbsp;i2c_configuration
<LI><a href="#[57]">&gt;&gt;</a>&nbsp;&nbsp;&nbsp;PWM_Configuration
</UL>

<P><STRONG><a name="[3e]"></a>RCC_APB2PeriphClockCmd</STRONG> (Thumb, 28 bytes, Stack size 0 bytes, stm32f0xx_rcc.o(i.RCC_APB2PeriphClockCmd))
<BR><BR>[Called By]<UL><LI><a href="#[6a]">&gt;&gt;</a>&nbsp;&nbsp;&nbsp;UART1_config
<LI><a href="#[66]">&gt;&gt;</a>&nbsp;&nbsp;&nbsp;TIM16_Configuration
<LI><a href="#[3c]">&gt;&gt;</a>&nbsp;&nbsp;&nbsp;ADC_Configuration
</UL>

<P><STRONG><a name="[48]"></a>RCC_APB2PeriphResetCmd</STRONG> (Thumb, 28 bytes, Stack size 0 bytes, stm32f0xx_rcc.o(i.RCC_APB2PeriphResetCmd))
<BR><BR>[Called By]<UL><LI><a href="#[40]">&gt;&gt;</a>&nbsp;&nbsp;&nbsp;ADC_DeInit
</UL>

<P><STRONG><a name="[60]"></a>RCC_DeInit</STRONG> (Thumb, 102 bytes, Stack size 0 bytes, stm32f0xx_rcc.o(i.RCC_DeInit))
<BR><BR>[Called By]<UL><LI><a href="#[20]">&gt;&gt;</a>&nbsp;&nbsp;&nbsp;SystemInit
</UL>

<P><STRONG><a name="[5d]"></a>RCC_GetClocksFreq</STRONG> (Thumb, 554 bytes, Stack size 32 bytes, stm32f0xx_rcc.o(i.RCC_GetClocksFreq))
<BR><BR>[Stack]<UL><LI>Max Depth = 32<LI>Call Chain = RCC_GetClocksFreq
</UL>
<BR>[Calls]<UL><LI><a href="#[5e]">&gt;&gt;</a>&nbsp;&nbsp;&nbsp;__aeabi_uidivmod
</UL>
<BR>[Called By]<UL><LI><a href="#[6b]">&gt;&gt;</a>&nbsp;&nbsp;&nbsp;USART_Init
</UL>

<P><STRONG><a name="[65]"></a>RCC_GetSYSCLKSource</STRONG> (Thumb, 10 bytes, Stack size 0 bytes, stm32f0xx_rcc.o(i.RCC_GetSYSCLKSource))
<BR><BR>[Called By]<UL><LI><a href="#[20]">&gt;&gt;</a>&nbsp;&nbsp;&nbsp;SystemInit
</UL>

<P><STRONG><a name="[62]"></a>RCC_HCLKConfig</STRONG> (Thumb, 28 bytes, Stack size 0 bytes, stm32f0xx_rcc.o(i.RCC_HCLKConfig))
<BR><BR>[Called By]<UL><LI><a href="#[20]">&gt;&gt;</a>&nbsp;&nbsp;&nbsp;SystemInit
</UL>

<P><STRONG><a name="[61]"></a>RCC_HSICmd</STRONG> (Thumb, 32 bytes, Stack size 0 bytes, stm32f0xx_rcc.o(i.RCC_HSICmd))
<BR><BR>[Called By]<UL><LI><a href="#[20]">&gt;&gt;</a>&nbsp;&nbsp;&nbsp;SystemInit
</UL>

<P><STRONG><a name="[63]"></a>RCC_PCLKConfig</STRONG> (Thumb, 30 bytes, Stack size 0 bytes, stm32f0xx_rcc.o(i.RCC_PCLKConfig))
<BR><BR>[Called By]<UL><LI><a href="#[20]">&gt;&gt;</a>&nbsp;&nbsp;&nbsp;SystemInit
</UL>

<P><STRONG><a name="[64]"></a>RCC_SYSCLKConfig</STRONG> (Thumb, 24 bytes, Stack size 0 bytes, stm32f0xx_rcc.o(i.RCC_SYSCLKConfig))
<BR><BR>[Called By]<UL><LI><a href="#[20]">&gt;&gt;</a>&nbsp;&nbsp;&nbsp;SystemInit
</UL>

<P><STRONG><a name="[88]"></a>SysTick64</STRONG> (Thumb, 26 bytes, Stack size 0 bytes, delay.o(i.SysTick64))
<BR><BR>[Called By]<UL><LI><a href="#[70]">&gt;&gt;</a>&nbsp;&nbsp;&nbsp;millis
</UL>

<P><STRONG><a name="[b]"></a>SysTick_Handler</STRONG> (Thumb, 12 bytes, Stack size 0 bytes, delay.o(i.SysTick_Handler))
<BR>[Address Reference Count : 1]<UL><LI> startup_stm32f030x6.o(RESET)
</UL>
<P><STRONG><a name="[85]"></a>SysTick_Init</STRONG> (Thumb, 12 bytes, Stack size 0 bytes, delay.o(i.SysTick_Init))
<BR><BR>[Called By]<UL><LI><a href="#[2c]">&gt;&gt;</a>&nbsp;&nbsp;&nbsp;main
</UL>

<P><STRONG><a name="[5f]"></a>SystemCoreClockUpdate</STRONG> (Thumb, 148 bytes, Stack size 24 bytes, system_stm32f0xx.o(i.SystemCoreClockUpdate))
<BR><BR>[Stack]<UL><LI>Max Depth = 24<LI>Call Chain = SystemCoreClockUpdate
</UL>
<BR>[Calls]<UL><LI><a href="#[5e]">&gt;&gt;</a>&nbsp;&nbsp;&nbsp;__aeabi_uidivmod
</UL>
<BR>[Called By]<UL><LI><a href="#[2c]">&gt;&gt;</a>&nbsp;&nbsp;&nbsp;main
</UL>

<P><STRONG><a name="[20]"></a>SystemInit</STRONG> (Thumb, 42 bytes, Stack size 8 bytes, system_stm32f0xx.o(i.SystemInit))
<BR><BR>[Stack]<UL><LI>Max Depth = 8<LI>Call Chain = SystemInit
</UL>
<BR>[Calls]<UL><LI><a href="#[64]">&gt;&gt;</a>&nbsp;&nbsp;&nbsp;RCC_SYSCLKConfig
<LI><a href="#[63]">&gt;&gt;</a>&nbsp;&nbsp;&nbsp;RCC_PCLKConfig
<LI><a href="#[61]">&gt;&gt;</a>&nbsp;&nbsp;&nbsp;RCC_HSICmd
<LI><a href="#[62]">&gt;&gt;</a>&nbsp;&nbsp;&nbsp;RCC_HCLKConfig
<LI><a href="#[65]">&gt;&gt;</a>&nbsp;&nbsp;&nbsp;RCC_GetSYSCLKSource
<LI><a href="#[60]">&gt;&gt;</a>&nbsp;&nbsp;&nbsp;RCC_DeInit
</UL>
<BR>[Called By]<UL><LI><a href="#[2c]">&gt;&gt;</a>&nbsp;&nbsp;&nbsp;main
</UL>
<BR>[Address Reference Count : 1]<UL><LI> startup_stm32f030x6.o(.text)
</UL>
<P><STRONG><a name="[66]"></a>TIM16_Configuration</STRONG> (Thumb, 72 bytes, Stack size 24 bytes, timer.o(i.TIM16_Configuration))
<BR><BR>[Stack]<UL><LI>Max Depth = 24<LI>Call Chain = TIM16_Configuration
</UL>
<BR>[Calls]<UL><LI><a href="#[3e]">&gt;&gt;</a>&nbsp;&nbsp;&nbsp;RCC_APB2PeriphClockCmd
<LI><a href="#[68]">&gt;&gt;</a>&nbsp;&nbsp;&nbsp;TIM_ITConfig
<LI><a href="#[5c]">&gt;&gt;</a>&nbsp;&nbsp;&nbsp;TIM_Cmd
<LI><a href="#[67]">&gt;&gt;</a>&nbsp;&nbsp;&nbsp;NVIC_Init
<LI><a href="#[5a]">&gt;&gt;</a>&nbsp;&nbsp;&nbsp;TIM_TimeBaseInit
</UL>
<BR>[Called By]<UL><LI><a href="#[2c]">&gt;&gt;</a>&nbsp;&nbsp;&nbsp;main
</UL>

<P><STRONG><a name="[1b]"></a>TIM16_IRQHandler</STRONG> (Thumb, 34 bytes, Stack size 8 bytes, timer.o(i.TIM16_IRQHandler))
<BR><BR>[Stack]<UL><LI>Max Depth = 8<LI>Call Chain = TIM16_IRQHandler
</UL>
<BR>[Calls]<UL><LI><a href="#[69]">&gt;&gt;</a>&nbsp;&nbsp;&nbsp;TIM_ClearFlag
</UL>
<BR>[Address Reference Count : 1]<UL><LI> startup_stm32f030x6.o(RESET)
</UL>
<P><STRONG><a name="[69]"></a>TIM_ClearFlag</STRONG> (Thumb, 6 bytes, Stack size 0 bytes, stm32f0xx_tim.o(i.TIM_ClearFlag))
<BR><BR>[Called By]<UL><LI><a href="#[1b]">&gt;&gt;</a>&nbsp;&nbsp;&nbsp;TIM16_IRQHandler
</UL>

<P><STRONG><a name="[5c]"></a>TIM_Cmd</STRONG> (Thumb, 24 bytes, Stack size 0 bytes, stm32f0xx_tim.o(i.TIM_Cmd))
<BR><BR>[Called By]<UL><LI><a href="#[66]">&gt;&gt;</a>&nbsp;&nbsp;&nbsp;TIM16_Configuration
<LI><a href="#[57]">&gt;&gt;</a>&nbsp;&nbsp;&nbsp;PWM_Configuration
</UL>

<P><STRONG><a name="[68]"></a>TIM_ITConfig</STRONG> (Thumb, 20 bytes, Stack size 0 bytes, stm32f0xx_tim.o(i.TIM_ITConfig))
<BR><BR>[Called By]<UL><LI><a href="#[1f]">&gt;&gt;</a>&nbsp;&nbsp;&nbsp;USART1_IRQHandler
<LI><a href="#[66]">&gt;&gt;</a>&nbsp;&nbsp;&nbsp;TIM16_Configuration
</UL>

<P><STRONG><a name="[5b]"></a>TIM_OC1Init</STRONG> (Thumb, 122 bytes, Stack size 16 bytes, stm32f0xx_tim.o(i.TIM_OC1Init))
<BR><BR>[Stack]<UL><LI>Max Depth = 16<LI>Call Chain = TIM_OC1Init
</UL>
<BR>[Called By]<UL><LI><a href="#[57]">&gt;&gt;</a>&nbsp;&nbsp;&nbsp;PWM_Configuration
</UL>

<P><STRONG><a name="[5a]"></a>TIM_TimeBaseInit</STRONG> (Thumb, 90 bytes, Stack size 0 bytes, stm32f0xx_tim.o(i.TIM_TimeBaseInit))
<BR><BR>[Called By]<UL><LI><a href="#[66]">&gt;&gt;</a>&nbsp;&nbsp;&nbsp;TIM16_Configuration
<LI><a href="#[57]">&gt;&gt;</a>&nbsp;&nbsp;&nbsp;PWM_Configuration
</UL>

<P><STRONG><a name="[6a]"></a>UART1_config</STRONG> (Thumb, 160 bytes, Stack size 48 bytes, uart.o(i.UART1_config))
<BR><BR>[Stack]<UL><LI>Max Depth = 144<LI>Call Chain = UART1_config &rArr; USART_Init &rArr; RCC_GetClocksFreq
</UL>
<BR>[Calls]<UL><LI><a href="#[3e]">&gt;&gt;</a>&nbsp;&nbsp;&nbsp;RCC_APB2PeriphClockCmd
<LI><a href="#[3d]">&gt;&gt;</a>&nbsp;&nbsp;&nbsp;RCC_AHBPeriphClockCmd
<LI><a href="#[59]">&gt;&gt;</a>&nbsp;&nbsp;&nbsp;GPIO_PinAFConfig
<LI><a href="#[3f]">&gt;&gt;</a>&nbsp;&nbsp;&nbsp;GPIO_Init
<LI><a href="#[6b]">&gt;&gt;</a>&nbsp;&nbsp;&nbsp;USART_Init
<LI><a href="#[6d]">&gt;&gt;</a>&nbsp;&nbsp;&nbsp;USART_ITConfig
<LI><a href="#[6c]">&gt;&gt;</a>&nbsp;&nbsp;&nbsp;USART_Cmd
</UL>
<BR>[Called By]<UL><LI><a href="#[2c]">&gt;&gt;</a>&nbsp;&nbsp;&nbsp;main
</UL>

<P><STRONG><a name="[1f]"></a>USART1_IRQHandler</STRONG> (Thumb, 110 bytes, Stack size 8 bytes, uart.o(i.USART1_IRQHandler))
<BR><BR>[Stack]<UL><LI>Max Depth = 8<LI>Call Chain = USART1_IRQHandler
</UL>
<BR>[Calls]<UL><LI><a href="#[68]">&gt;&gt;</a>&nbsp;&nbsp;&nbsp;TIM_ITConfig
<LI><a href="#[6e]">&gt;&gt;</a>&nbsp;&nbsp;&nbsp;USART_ReceiveData
</UL>
<BR>[Address Reference Count : 1]<UL><LI> startup_stm32f030x6.o(RESET)
</UL>
<P><STRONG><a name="[6c]"></a>USART_Cmd</STRONG> (Thumb, 24 bytes, Stack size 0 bytes, stm32f0xx_usart.o(i.USART_Cmd))
<BR><BR>[Called By]<UL><LI><a href="#[6a]">&gt;&gt;</a>&nbsp;&nbsp;&nbsp;UART1_config
</UL>

<P><STRONG><a name="[6d]"></a>USART_ITConfig</STRONG> (Thumb, 66 bytes, Stack size 24 bytes, stm32f0xx_usart.o(i.USART_ITConfig))
<BR><BR>[Stack]<UL><LI>Max Depth = 24<LI>Call Chain = USART_ITConfig
</UL>
<BR>[Called By]<UL><LI><a href="#[6a]">&gt;&gt;</a>&nbsp;&nbsp;&nbsp;UART1_config
</UL>

<P><STRONG><a name="[6b]"></a>USART_Init</STRONG> (Thumb, 226 bytes, Stack size 64 bytes, stm32f0xx_usart.o(i.USART_Init))
<BR><BR>[Stack]<UL><LI>Max Depth = 96<LI>Call Chain = USART_Init &rArr; RCC_GetClocksFreq
</UL>
<BR>[Calls]<UL><LI><a href="#[5d]">&gt;&gt;</a>&nbsp;&nbsp;&nbsp;RCC_GetClocksFreq
<LI><a href="#[5e]">&gt;&gt;</a>&nbsp;&nbsp;&nbsp;__aeabi_uidivmod
</UL>
<BR>[Called By]<UL><LI><a href="#[6a]">&gt;&gt;</a>&nbsp;&nbsp;&nbsp;UART1_config
</UL>

<P><STRONG><a name="[6e]"></a>USART_ReceiveData</STRONG> (Thumb, 10 bytes, Stack size 0 bytes, stm32f0xx_usart.o(i.USART_ReceiveData))
<BR><BR>[Called By]<UL><LI><a href="#[1f]">&gt;&gt;</a>&nbsp;&nbsp;&nbsp;USART1_IRQHandler
</UL>

<P><STRONG><a name="[6f]"></a>checkTimeoutExpired</STRONG> (Thumb, 38 bytes, Stack size 8 bytes, vl53l0x.o(i.checkTimeoutExpired))
<BR><BR>[Stack]<UL><LI>Max Depth = 56<LI>Call Chain = checkTimeoutExpired &rArr; millis &rArr; __aeabi_uldivmod
</UL>
<BR>[Calls]<UL><LI><a href="#[70]">&gt;&gt;</a>&nbsp;&nbsp;&nbsp;millis
</UL>
<BR>[Called By]<UL><LI><a href="#[79]">&gt;&gt;</a>&nbsp;&nbsp;&nbsp;getSpadInfo
<LI><a href="#[87]">&gt;&gt;</a>&nbsp;&nbsp;&nbsp;readRangeSingleMillimeters
<LI><a href="#[8a]">&gt;&gt;</a>&nbsp;&nbsp;&nbsp;readRangeContinuousMillimeters
</UL>

<P><STRONG><a name="[7c]"></a>i2c_configuration</STRONG> (Thumb, 138 bytes, Stack size 40 bytes, i2c.o(i.i2c_configuration))
<BR><BR>[Stack]<UL><LI>Max Depth = 60<LI>Call Chain = i2c_configuration &rArr; GPIO_PinAFConfig
</UL>
<BR>[Calls]<UL><LI><a href="#[7d]">&gt;&gt;</a>&nbsp;&nbsp;&nbsp;I2C_Init
<LI><a href="#[7e]">&gt;&gt;</a>&nbsp;&nbsp;&nbsp;I2C_Cmd
<LI><a href="#[58]">&gt;&gt;</a>&nbsp;&nbsp;&nbsp;RCC_APB1PeriphClockCmd
<LI><a href="#[3d]">&gt;&gt;</a>&nbsp;&nbsp;&nbsp;RCC_AHBPeriphClockCmd
<LI><a href="#[59]">&gt;&gt;</a>&nbsp;&nbsp;&nbsp;GPIO_PinAFConfig
<LI><a href="#[3f]">&gt;&gt;</a>&nbsp;&nbsp;&nbsp;GPIO_Init
</UL>
<BR>[Called By]<UL><LI><a href="#[7f]">&gt;&gt;</a>&nbsp;&nbsp;&nbsp;init_vl53l0x
</UL>

<P><STRONG><a name="[7f]"></a>init_vl53l0x</STRONG> (Thumb, 1104 bytes, Stack size 40 bytes, vl53l0x.o(i.init_vl53l0x))
<BR><BR>[Stack]<UL><LI>Max Depth = 212<LI>Call Chain = init_vl53l0x &rArr; setMeasurementTimingBudget &rArr; getSequenceStepTimeouts &rArr; readReg16Bit &rArr; I2C_Read_Reg16bit &rArr; I2C_TransferHandling
</UL>
<BR>[Calls]<UL><LI><a href="#[7a]">&gt;&gt;</a>&nbsp;&nbsp;&nbsp;writeReg
<LI><a href="#[82]">&gt;&gt;</a>&nbsp;&nbsp;&nbsp;writeMulti
<LI><a href="#[80]">&gt;&gt;</a>&nbsp;&nbsp;&nbsp;setSignalRateLimit
<LI><a href="#[83]">&gt;&gt;</a>&nbsp;&nbsp;&nbsp;setMeasurementTimingBudget
<LI><a href="#[74]">&gt;&gt;</a>&nbsp;&nbsp;&nbsp;readReg
<LI><a href="#[81]">&gt;&gt;</a>&nbsp;&nbsp;&nbsp;readMulti
<LI><a href="#[84]">&gt;&gt;</a>&nbsp;&nbsp;&nbsp;performSingleRefCalibration
<LI><a href="#[79]">&gt;&gt;</a>&nbsp;&nbsp;&nbsp;getSpadInfo
<LI><a href="#[71]">&gt;&gt;</a>&nbsp;&nbsp;&nbsp;getMeasurementTimingBudget
<LI><a href="#[7c]">&gt;&gt;</a>&nbsp;&nbsp;&nbsp;i2c_configuration
<LI><a href="#[49]">&gt;&gt;</a>&nbsp;&nbsp;&nbsp;GPIO_configuration
</UL>
<BR>[Called By]<UL><LI><a href="#[2c]">&gt;&gt;</a>&nbsp;&nbsp;&nbsp;main
</UL>

<P><STRONG><a name="[2c]"></a>main</STRONG> (Thumb, 52 bytes, Stack size 0 bytes, main.o(i.main))
<BR><BR>[Stack]<UL><LI>Max Depth = 212<LI>Call Chain = main &rArr; init_vl53l0x &rArr; setMeasurementTimingBudget &rArr; getSequenceStepTimeouts &rArr; readReg16Bit &rArr; I2C_Read_Reg16bit &rArr; I2C_TransferHandling
</UL>
<BR>[Calls]<UL><LI><a href="#[86]">&gt;&gt;</a>&nbsp;&nbsp;&nbsp;startContinuous
<LI><a href="#[87]">&gt;&gt;</a>&nbsp;&nbsp;&nbsp;readRangeSingleMillimeters
<LI><a href="#[7f]">&gt;&gt;</a>&nbsp;&nbsp;&nbsp;init_vl53l0x
<LI><a href="#[6a]">&gt;&gt;</a>&nbsp;&nbsp;&nbsp;UART1_config
<LI><a href="#[66]">&gt;&gt;</a>&nbsp;&nbsp;&nbsp;TIM16_Configuration
<LI><a href="#[20]">&gt;&gt;</a>&nbsp;&nbsp;&nbsp;SystemInit
<LI><a href="#[5f]">&gt;&gt;</a>&nbsp;&nbsp;&nbsp;SystemCoreClockUpdate
<LI><a href="#[85]">&gt;&gt;</a>&nbsp;&nbsp;&nbsp;SysTick_Init
<LI><a href="#[57]">&gt;&gt;</a>&nbsp;&nbsp;&nbsp;PWM_Configuration
<LI><a href="#[3c]">&gt;&gt;</a>&nbsp;&nbsp;&nbsp;ADC_Configuration
</UL>
<BR>[Called By]<UL><LI><a href="#[2b]">&gt;&gt;</a>&nbsp;&nbsp;&nbsp;__rt_entry_main
</UL>

<P><STRONG><a name="[70]"></a>millis</STRONG> (Thumb, 20 bytes, Stack size 16 bytes, delay.o(i.millis))
<BR><BR>[Stack]<UL><LI>Max Depth = 48<LI>Call Chain = millis &rArr; __aeabi_uldivmod
</UL>
<BR>[Calls]<UL><LI><a href="#[89]">&gt;&gt;</a>&nbsp;&nbsp;&nbsp;__aeabi_uldivmod
<LI><a href="#[88]">&gt;&gt;</a>&nbsp;&nbsp;&nbsp;SysTick64
</UL>
<BR>[Called By]<UL><LI><a href="#[7b]">&gt;&gt;</a>&nbsp;&nbsp;&nbsp;startTimeout
<LI><a href="#[6f]">&gt;&gt;</a>&nbsp;&nbsp;&nbsp;checkTimeoutExpired
</UL>

<P><STRONG><a name="[8a]"></a>readRangeContinuousMillimeters</STRONG> (Thumb, 60 bytes, Stack size 8 bytes, vl53l0x.o(i.readRangeContinuousMillimeters))
<BR><BR>[Stack]<UL><LI>Max Depth = 76<LI>Call Chain = readRangeContinuousMillimeters &rArr; readReg16Bit &rArr; I2C_Read_Reg16bit &rArr; I2C_TransferHandling
</UL>
<BR>[Calls]<UL><LI><a href="#[7b]">&gt;&gt;</a>&nbsp;&nbsp;&nbsp;startTimeout
<LI><a href="#[6f]">&gt;&gt;</a>&nbsp;&nbsp;&nbsp;checkTimeoutExpired
<LI><a href="#[7a]">&gt;&gt;</a>&nbsp;&nbsp;&nbsp;writeReg
<LI><a href="#[77]">&gt;&gt;</a>&nbsp;&nbsp;&nbsp;readReg16Bit
<LI><a href="#[74]">&gt;&gt;</a>&nbsp;&nbsp;&nbsp;readReg
</UL>
<BR>[Called By]<UL><LI><a href="#[87]">&gt;&gt;</a>&nbsp;&nbsp;&nbsp;readRangeSingleMillimeters
</UL>

<P><STRONG><a name="[87]"></a>readRangeSingleMillimeters</STRONG> (Thumb, 112 bytes, Stack size 8 bytes, vl53l0x.o(i.readRangeSingleMillimeters))
<BR><BR>[Stack]<UL><LI>Max Depth = 84<LI>Call Chain = readRangeSingleMillimeters &rArr; readRangeContinuousMillimeters &rArr; readReg16Bit &rArr; I2C_Read_Reg16bit &rArr; I2C_TransferHandling
</UL>
<BR>[Calls]<UL><LI><a href="#[7b]">&gt;&gt;</a>&nbsp;&nbsp;&nbsp;startTimeout
<LI><a href="#[6f]">&gt;&gt;</a>&nbsp;&nbsp;&nbsp;checkTimeoutExpired
<LI><a href="#[7a]">&gt;&gt;</a>&nbsp;&nbsp;&nbsp;writeReg
<LI><a href="#[74]">&gt;&gt;</a>&nbsp;&nbsp;&nbsp;readReg
<LI><a href="#[8a]">&gt;&gt;</a>&nbsp;&nbsp;&nbsp;readRangeContinuousMillimeters
</UL>
<BR>[Called By]<UL><LI><a href="#[2c]">&gt;&gt;</a>&nbsp;&nbsp;&nbsp;main
</UL>

<P><STRONG><a name="[86]"></a>startContinuous</STRONG> (Thumb, 112 bytes, Stack size 16 bytes, vl53l0x.o(i.startContinuous))
<BR><BR>[Stack]<UL><LI>Max Depth = 84<LI>Call Chain = startContinuous &rArr; writeReg32Bit &rArr; I2C_Write_Reg32bit &rArr; I2C_TransferHandling
</UL>
<BR>[Calls]<UL><LI><a href="#[93]">&gt;&gt;</a>&nbsp;&nbsp;&nbsp;writeReg32Bit
<LI><a href="#[7a]">&gt;&gt;</a>&nbsp;&nbsp;&nbsp;writeReg
<LI><a href="#[77]">&gt;&gt;</a>&nbsp;&nbsp;&nbsp;readReg16Bit
</UL>
<BR>[Called By]<UL><LI><a href="#[2c]">&gt;&gt;</a>&nbsp;&nbsp;&nbsp;main
</UL>

<P><STRONG><a name="[7b]"></a>startTimeout</STRONG> (Thumb, 16 bytes, Stack size 8 bytes, vl53l0x.o(i.startTimeout))
<BR><BR>[Stack]<UL><LI>Max Depth = 56<LI>Call Chain = startTimeout &rArr; millis &rArr; __aeabi_uldivmod
</UL>
<BR>[Calls]<UL><LI><a href="#[70]">&gt;&gt;</a>&nbsp;&nbsp;&nbsp;millis
</UL>
<BR>[Called By]<UL><LI><a href="#[84]">&gt;&gt;</a>&nbsp;&nbsp;&nbsp;performSingleRefCalibration
<LI><a href="#[79]">&gt;&gt;</a>&nbsp;&nbsp;&nbsp;getSpadInfo
<LI><a href="#[87]">&gt;&gt;</a>&nbsp;&nbsp;&nbsp;readRangeSingleMillimeters
<LI><a href="#[8a]">&gt;&gt;</a>&nbsp;&nbsp;&nbsp;readRangeContinuousMillimeters
</UL>

<P><STRONG><a name="[90]"></a>__aeabi_cdrcmple</STRONG> (Thumb, 0 bytes, Stack size 32 bytes, drlef.o(x$fpl$drleqf))
<BR><BR>[Stack]<UL><LI>Max Depth = 32<LI>Call Chain = __aeabi_cdrcmple
</UL>
<BR>[Called By]<UL><LI><a href="#[80]">&gt;&gt;</a>&nbsp;&nbsp;&nbsp;setSignalRateLimit
</UL>

<P><STRONG><a name="[94]"></a>_drcmple</STRONG> (Thumb, 100 bytes, Stack size 32 bytes, drlef.o(x$fpl$drleqf), UNUSED)
<BR><BR>[Calls]<UL><LI><a href="#[32]">&gt;&gt;</a>&nbsp;&nbsp;&nbsp;__fpl_dcmp_InfNaN
</UL>

<P><STRONG><a name="[8e]"></a>__aeabi_cfcmple</STRONG> (Thumb, 0 bytes, Stack size 8 bytes, flef.o(x$fpl$fleqf))
<BR><BR>[Stack]<UL><LI>Max Depth = 8<LI>Call Chain = __aeabi_cfcmple
</UL>
<BR>[Called By]<UL><LI><a href="#[80]">&gt;&gt;</a>&nbsp;&nbsp;&nbsp;setSignalRateLimit
</UL>

<P><STRONG><a name="[95]"></a>_fcmple</STRONG> (Thumb, 78 bytes, Stack size 8 bytes, flef.o(x$fpl$fleqf), UNUSED)
<BR><BR>[Calls]<UL><LI><a href="#[35]">&gt;&gt;</a>&nbsp;&nbsp;&nbsp;__fpl_fcmp_InfNaN
</UL>

<P><STRONG><a name="[91]"></a>__aeabi_fmul</STRONG> (Thumb, 0 bytes, Stack size 16 bytes, fmul.o(x$fpl$fmul))
<BR><BR>[Stack]<UL><LI>Max Depth = 16<LI>Call Chain = __aeabi_fmul
</UL>
<BR>[Called By]<UL><LI><a href="#[80]">&gt;&gt;</a>&nbsp;&nbsp;&nbsp;setSignalRateLimit
</UL>

<P><STRONG><a name="[c7]"></a>_fmul</STRONG> (Thumb, 172 bytes, Stack size 16 bytes, fmul.o(x$fpl$fmul), UNUSED)
<P>
<H3>
Local Symbols
</H3>
<P><STRONG><a name="[78]"></a>decodeTimeout</STRONG> (Thumb, 20 bytes, Stack size 0 bytes, vl53l0x.o(i.decodeTimeout))
<BR><BR>[Called By]<UL><LI><a href="#[73]">&gt;&gt;</a>&nbsp;&nbsp;&nbsp;getSequenceStepTimeouts
</UL>

<P><STRONG><a name="[8c]"></a>encodeTimeout</STRONG> (Thumb, 44 bytes, Stack size 8 bytes, vl53l0x.o(i.encodeTimeout))
<BR><BR>[Stack]<UL><LI>Max Depth = 8<LI>Call Chain = encodeTimeout
</UL>
<BR>[Called By]<UL><LI><a href="#[83]">&gt;&gt;</a>&nbsp;&nbsp;&nbsp;setMeasurementTimingBudget
</UL>

<P><STRONG><a name="[71]"></a>getMeasurementTimingBudget</STRONG> (Thumb, 152 bytes, Stack size 72 bytes, vl53l0x.o(i.getMeasurementTimingBudget))
<BR><BR>[Stack]<UL><LI>Max Depth = 156<LI>Call Chain = getMeasurementTimingBudget &rArr; getSequenceStepTimeouts &rArr; readReg16Bit &rArr; I2C_Read_Reg16bit &rArr; I2C_TransferHandling
</UL>
<BR>[Calls]<UL><LI><a href="#[73]">&gt;&gt;</a>&nbsp;&nbsp;&nbsp;getSequenceStepTimeouts
<LI><a href="#[72]">&gt;&gt;</a>&nbsp;&nbsp;&nbsp;getSequenceStepEnables
</UL>
<BR>[Called By]<UL><LI><a href="#[7f]">&gt;&gt;</a>&nbsp;&nbsp;&nbsp;init_vl53l0x
</UL>

<P><STRONG><a name="[72]"></a>getSequenceStepEnables</STRONG> (Thumb, 42 bytes, Stack size 16 bytes, vl53l0x.o(i.getSequenceStepEnables))
<BR><BR>[Stack]<UL><LI>Max Depth = 76<LI>Call Chain = getSequenceStepEnables &rArr; readReg &rArr; I2C_Read_Reg &rArr; I2C_TransferHandling
</UL>
<BR>[Calls]<UL><LI><a href="#[74]">&gt;&gt;</a>&nbsp;&nbsp;&nbsp;readReg
</UL>
<BR>[Called By]<UL><LI><a href="#[83]">&gt;&gt;</a>&nbsp;&nbsp;&nbsp;setMeasurementTimingBudget
<LI><a href="#[71]">&gt;&gt;</a>&nbsp;&nbsp;&nbsp;getMeasurementTimingBudget
</UL>

<P><STRONG><a name="[73]"></a>getSequenceStepTimeouts</STRONG> (Thumb, 106 bytes, Stack size 16 bytes, vl53l0x.o(i.getSequenceStepTimeouts))
<BR><BR>[Stack]<UL><LI>Max Depth = 84<LI>Call Chain = getSequenceStepTimeouts &rArr; readReg16Bit &rArr; I2C_Read_Reg16bit &rArr; I2C_TransferHandling
</UL>
<BR>[Calls]<UL><LI><a href="#[76]">&gt;&gt;</a>&nbsp;&nbsp;&nbsp;timeoutMclksToMicroseconds
<LI><a href="#[77]">&gt;&gt;</a>&nbsp;&nbsp;&nbsp;readReg16Bit
<LI><a href="#[74]">&gt;&gt;</a>&nbsp;&nbsp;&nbsp;readReg
<LI><a href="#[75]">&gt;&gt;</a>&nbsp;&nbsp;&nbsp;getVcselPulsePeriod
<LI><a href="#[78]">&gt;&gt;</a>&nbsp;&nbsp;&nbsp;decodeTimeout
</UL>
<BR>[Called By]<UL><LI><a href="#[83]">&gt;&gt;</a>&nbsp;&nbsp;&nbsp;setMeasurementTimingBudget
<LI><a href="#[71]">&gt;&gt;</a>&nbsp;&nbsp;&nbsp;getMeasurementTimingBudget
</UL>

<P><STRONG><a name="[79]"></a>getSpadInfo</STRONG> (Thumb, 220 bytes, Stack size 24 bytes, vl53l0x.o(i.getSpadInfo))
<BR><BR>[Stack]<UL><LI>Max Depth = 84<LI>Call Chain = getSpadInfo &rArr; writeReg &rArr; I2C_Write_Reg &rArr; I2C_TransferHandling
</UL>
<BR>[Calls]<UL><LI><a href="#[7b]">&gt;&gt;</a>&nbsp;&nbsp;&nbsp;startTimeout
<LI><a href="#[6f]">&gt;&gt;</a>&nbsp;&nbsp;&nbsp;checkTimeoutExpired
<LI><a href="#[7a]">&gt;&gt;</a>&nbsp;&nbsp;&nbsp;writeReg
<LI><a href="#[74]">&gt;&gt;</a>&nbsp;&nbsp;&nbsp;readReg
</UL>
<BR>[Called By]<UL><LI><a href="#[7f]">&gt;&gt;</a>&nbsp;&nbsp;&nbsp;init_vl53l0x
</UL>

<P><STRONG><a name="[75]"></a>getVcselPulsePeriod</STRONG> (Thumb, 44 bytes, Stack size 8 bytes, vl53l0x.o(i.getVcselPulsePeriod))
<BR><BR>[Stack]<UL><LI>Max Depth = 68<LI>Call Chain = getVcselPulsePeriod &rArr; readReg &rArr; I2C_Read_Reg &rArr; I2C_TransferHandling
</UL>
<BR>[Calls]<UL><LI><a href="#[74]">&gt;&gt;</a>&nbsp;&nbsp;&nbsp;readReg
</UL>
<BR>[Called By]<UL><LI><a href="#[73]">&gt;&gt;</a>&nbsp;&nbsp;&nbsp;getSequenceStepTimeouts
</UL>

<P><STRONG><a name="[84]"></a>performSingleRefCalibration</STRONG> (Thumb, 56 bytes, Stack size 8 bytes, vl53l0x.o(i.performSingleRefCalibration))
<BR><BR>[Stack]<UL><LI>Max Depth = 68<LI>Call Chain = performSingleRefCalibration &rArr; writeReg &rArr; I2C_Write_Reg &rArr; I2C_TransferHandling
</UL>
<BR>[Calls]<UL><LI><a href="#[7b]">&gt;&gt;</a>&nbsp;&nbsp;&nbsp;startTimeout
<LI><a href="#[7a]">&gt;&gt;</a>&nbsp;&nbsp;&nbsp;writeReg
<LI><a href="#[74]">&gt;&gt;</a>&nbsp;&nbsp;&nbsp;readReg
</UL>
<BR>[Called By]<UL><LI><a href="#[7f]">&gt;&gt;</a>&nbsp;&nbsp;&nbsp;init_vl53l0x
</UL>

<P><STRONG><a name="[81]"></a>readMulti</STRONG> (Thumb, 22 bytes, Stack size 16 bytes, vl53l0x.o(i.readMulti))
<BR><BR>[Stack]<UL><LI>Max Depth = 76<LI>Call Chain = readMulti &rArr; I2C_Read_MultiReg &rArr; I2C_TransferHandling
</UL>
<BR>[Calls]<UL><LI><a href="#[4a]">&gt;&gt;</a>&nbsp;&nbsp;&nbsp;I2C_Read_MultiReg
</UL>
<BR>[Called By]<UL><LI><a href="#[7f]">&gt;&gt;</a>&nbsp;&nbsp;&nbsp;init_vl53l0x
</UL>

<P><STRONG><a name="[74]"></a>readReg</STRONG> (Thumb, 18 bytes, Stack size 16 bytes, vl53l0x.o(i.readReg))
<BR><BR>[Stack]<UL><LI>Max Depth = 60<LI>Call Chain = readReg &rArr; I2C_Read_Reg &rArr; I2C_TransferHandling
</UL>
<BR>[Calls]<UL><LI><a href="#[50]">&gt;&gt;</a>&nbsp;&nbsp;&nbsp;I2C_Read_Reg
</UL>
<BR>[Called By]<UL><LI><a href="#[84]">&gt;&gt;</a>&nbsp;&nbsp;&nbsp;performSingleRefCalibration
<LI><a href="#[75]">&gt;&gt;</a>&nbsp;&nbsp;&nbsp;getVcselPulsePeriod
<LI><a href="#[79]">&gt;&gt;</a>&nbsp;&nbsp;&nbsp;getSpadInfo
<LI><a href="#[73]">&gt;&gt;</a>&nbsp;&nbsp;&nbsp;getSequenceStepTimeouts
<LI><a href="#[72]">&gt;&gt;</a>&nbsp;&nbsp;&nbsp;getSequenceStepEnables
<LI><a href="#[87]">&gt;&gt;</a>&nbsp;&nbsp;&nbsp;readRangeSingleMillimeters
<LI><a href="#[8a]">&gt;&gt;</a>&nbsp;&nbsp;&nbsp;readRangeContinuousMillimeters
<LI><a href="#[7f]">&gt;&gt;</a>&nbsp;&nbsp;&nbsp;init_vl53l0x
</UL>

<P><STRONG><a name="[77]"></a>readReg16Bit</STRONG> (Thumb, 18 bytes, Stack size 16 bytes, vl53l0x.o(i.readReg16Bit))
<BR><BR>[Stack]<UL><LI>Max Depth = 68<LI>Call Chain = readReg16Bit &rArr; I2C_Read_Reg16bit &rArr; I2C_TransferHandling
</UL>
<BR>[Calls]<UL><LI><a href="#[51]">&gt;&gt;</a>&nbsp;&nbsp;&nbsp;I2C_Read_Reg16bit
</UL>
<BR>[Called By]<UL><LI><a href="#[73]">&gt;&gt;</a>&nbsp;&nbsp;&nbsp;getSequenceStepTimeouts
<LI><a href="#[86]">&gt;&gt;</a>&nbsp;&nbsp;&nbsp;startContinuous
<LI><a href="#[8a]">&gt;&gt;</a>&nbsp;&nbsp;&nbsp;readRangeContinuousMillimeters
</UL>

<P><STRONG><a name="[83]"></a>setMeasurementTimingBudget</STRONG> (Thumb, 230 bytes, Stack size 88 bytes, vl53l0x.o(i.setMeasurementTimingBudget))
<BR><BR>[Stack]<UL><LI>Max Depth = 172<LI>Call Chain = setMeasurementTimingBudget &rArr; getSequenceStepTimeouts &rArr; readReg16Bit &rArr; I2C_Read_Reg16bit &rArr; I2C_TransferHandling
</UL>
<BR>[Calls]<UL><LI><a href="#[8d]">&gt;&gt;</a>&nbsp;&nbsp;&nbsp;writeReg16Bit
<LI><a href="#[8b]">&gt;&gt;</a>&nbsp;&nbsp;&nbsp;timeoutMicrosecondsToMclks
<LI><a href="#[73]">&gt;&gt;</a>&nbsp;&nbsp;&nbsp;getSequenceStepTimeouts
<LI><a href="#[72]">&gt;&gt;</a>&nbsp;&nbsp;&nbsp;getSequenceStepEnables
<LI><a href="#[8c]">&gt;&gt;</a>&nbsp;&nbsp;&nbsp;encodeTimeout
</UL>
<BR>[Called By]<UL><LI><a href="#[7f]">&gt;&gt;</a>&nbsp;&nbsp;&nbsp;init_vl53l0x
</UL>

<P><STRONG><a name="[80]"></a>setSignalRateLimit</STRONG> (Thumb, 66 bytes, Stack size 16 bytes, vl53l0x.o(i.setSignalRateLimit))
<BR><BR>[Stack]<UL><LI>Max Depth = 84<LI>Call Chain = setSignalRateLimit &rArr; writeReg16Bit &rArr; I2C_Write_Reg16bit &rArr; I2C_TransferHandling
</UL>
<BR>[Calls]<UL><LI><a href="#[91]">&gt;&gt;</a>&nbsp;&nbsp;&nbsp;__aeabi_fmul
<LI><a href="#[8e]">&gt;&gt;</a>&nbsp;&nbsp;&nbsp;__aeabi_cfcmple
<LI><a href="#[92]">&gt;&gt;</a>&nbsp;&nbsp;&nbsp;__aeabi_f2uiz
<LI><a href="#[8f]">&gt;&gt;</a>&nbsp;&nbsp;&nbsp;__aeabi_f2d
<LI><a href="#[90]">&gt;&gt;</a>&nbsp;&nbsp;&nbsp;__aeabi_cdrcmple
<LI><a href="#[8d]">&gt;&gt;</a>&nbsp;&nbsp;&nbsp;writeReg16Bit
</UL>
<BR>[Called By]<UL><LI><a href="#[7f]">&gt;&gt;</a>&nbsp;&nbsp;&nbsp;init_vl53l0x
</UL>

<P><STRONG><a name="[76]"></a>timeoutMclksToMicroseconds</STRONG> (Thumb, 52 bytes, Stack size 16 bytes, vl53l0x.o(i.timeoutMclksToMicroseconds))
<BR><BR>[Stack]<UL><LI>Max Depth = 16<LI>Call Chain = timeoutMclksToMicroseconds
</UL>
<BR>[Calls]<UL><LI><a href="#[5e]">&gt;&gt;</a>&nbsp;&nbsp;&nbsp;__aeabi_uidivmod
</UL>
<BR>[Called By]<UL><LI><a href="#[73]">&gt;&gt;</a>&nbsp;&nbsp;&nbsp;getSequenceStepTimeouts
</UL>

<P><STRONG><a name="[8b]"></a>timeoutMicrosecondsToMclks</STRONG> (Thumb, 52 bytes, Stack size 16 bytes, vl53l0x.o(i.timeoutMicrosecondsToMclks))
<BR><BR>[Stack]<UL><LI>Max Depth = 16<LI>Call Chain = timeoutMicrosecondsToMclks
</UL>
<BR>[Calls]<UL><LI><a href="#[5e]">&gt;&gt;</a>&nbsp;&nbsp;&nbsp;__aeabi_uidivmod
</UL>
<BR>[Called By]<UL><LI><a href="#[83]">&gt;&gt;</a>&nbsp;&nbsp;&nbsp;setMeasurementTimingBudget
</UL>

<P><STRONG><a name="[82]"></a>writeMulti</STRONG> (Thumb, 22 bytes, Stack size 16 bytes, vl53l0x.o(i.writeMulti))
<BR><BR>[Stack]<UL><LI>Max Depth = 76<LI>Call Chain = writeMulti &rArr; I2C_Write_MultiReg &rArr; I2C_TransferHandling
</UL>
<BR>[Calls]<UL><LI><a href="#[52]">&gt;&gt;</a>&nbsp;&nbsp;&nbsp;I2C_Write_MultiReg
</UL>
<BR>[Called By]<UL><LI><a href="#[7f]">&gt;&gt;</a>&nbsp;&nbsp;&nbsp;init_vl53l0x
</UL>

<P><STRONG><a name="[7a]"></a>writeReg</STRONG> (Thumb, 18 bytes, Stack size 16 bytes, vl53l0x.o(i.writeReg))
<BR><BR>[Stack]<UL><LI>Max Depth = 60<LI>Call Chain = writeReg &rArr; I2C_Write_Reg &rArr; I2C_TransferHandling
</UL>
<BR>[Calls]<UL><LI><a href="#[54]">&gt;&gt;</a>&nbsp;&nbsp;&nbsp;I2C_Write_Reg
</UL>
<BR>[Called By]<UL><LI><a href="#[84]">&gt;&gt;</a>&nbsp;&nbsp;&nbsp;performSingleRefCalibration
<LI><a href="#[79]">&gt;&gt;</a>&nbsp;&nbsp;&nbsp;getSpadInfo
<LI><a href="#[86]">&gt;&gt;</a>&nbsp;&nbsp;&nbsp;startContinuous
<LI><a href="#[87]">&gt;&gt;</a>&nbsp;&nbsp;&nbsp;readRangeSingleMillimeters
<LI><a href="#[8a]">&gt;&gt;</a>&nbsp;&nbsp;&nbsp;readRangeContinuousMillimeters
<LI><a href="#[7f]">&gt;&gt;</a>&nbsp;&nbsp;&nbsp;init_vl53l0x
</UL>

<P><STRONG><a name="[8d]"></a>writeReg16Bit</STRONG> (Thumb, 18 bytes, Stack size 16 bytes, vl53l0x.o(i.writeReg16Bit))
<BR><BR>[Stack]<UL><LI>Max Depth = 68<LI>Call Chain = writeReg16Bit &rArr; I2C_Write_Reg16bit &rArr; I2C_TransferHandling
</UL>
<BR>[Calls]<UL><LI><a href="#[55]">&gt;&gt;</a>&nbsp;&nbsp;&nbsp;I2C_Write_Reg16bit
</UL>
<BR>[Called By]<UL><LI><a href="#[80]">&gt;&gt;</a>&nbsp;&nbsp;&nbsp;setSignalRateLimit
<LI><a href="#[83]">&gt;&gt;</a>&nbsp;&nbsp;&nbsp;setMeasurementTimingBudget
</UL>

<P><STRONG><a name="[93]"></a>writeReg32Bit</STRONG> (Thumb, 18 bytes, Stack size 16 bytes, vl53l0x.o(i.writeReg32Bit))
<BR><BR>[Stack]<UL><LI>Max Depth = 68<LI>Call Chain = writeReg32Bit &rArr; I2C_Write_Reg32bit &rArr; I2C_TransferHandling
</UL>
<BR>[Calls]<UL><LI><a href="#[56]">&gt;&gt;</a>&nbsp;&nbsp;&nbsp;I2C_Write_Reg32bit
</UL>
<BR>[Called By]<UL><LI><a href="#[86]">&gt;&gt;</a>&nbsp;&nbsp;&nbsp;startContinuous
</UL>
<P>
<H3>
Undefined Global Symbols
</H3>
<P><STRONG><a name="[3a]"></a>_call_atexit_fns</STRONG> (ARM, 0 bytes, Stack size 0 bytes, UNDEFINED)
<BR><BR>[Called By]<UL><LI><a href="#[2d]">&gt;&gt;</a>&nbsp;&nbsp;&nbsp;exit
</UL>
<HR></body></html>
